10.0.0.5 - - [13/May/2025:00:56:28 +0000] "POST /search.php?query=<script>alert('xss')</script> HTTP/1.1" 404 124 "-" "Wget/1.20.3 (linux-gnu)"
203.0.113.42 - - [12/May/2025:18:13:51 +0000] "GET /home?page=99 HTTP/1.1" 403 921 "-" "Wget/1.20.3 (linux-gnu)"
198.51.100.17 - - [13/May/2025:06:42:56 +0000] "GET /login?redirect=http://evil.com HTTP/1.1" 500 4138 "https://google.com" "Wget/1.20.3 (linux-gnu)"
10.0.0.5 - - [12/May/2025:09:49:52 +0000] "GET /home?page=64 HTTP/1.1" 200 3652 "https://google.com" "Mozilla/5.0 (Windows NT 10.0; Win64; x64)"
192.168.1.10 - - [12/May/2025:09:54:12 +0000] "GET /?cmd=cat%20/etc/passwd HTTP/1.1" 200 3503 "-" "curl/7.68.0"
198.51.100.17 - - [12/May/2025:23:59:27 +0000] "POST /home?page=62 HTTP/1.1" 500 2965 "https://google.com" "Mozilla/5.0 (Linux; Android 10)"
172.16.0.3 - - [12/May/2025:09:21:37 +0000] "POST /home?page=90 HTTP/1.1" 404 1035 "https://google.com" "Wget/1.20.3 (linux-gnu)"
10.0.0.5 - - [12/May/2025:12:15:33 +0000] "POST /login?redirect=http://evil.com HTTP/1.1" 301 1878 "-" "Wget/1.20.3 (linux-gnu)"
172.16.0.3 - - [12/May/2025:21:32:17 +0000] "POST /index.php?id=1' OR '1'='1 HTTP/1.1" 500 567 "https://google.com" "curl/7.68.0"
172.16.0.3 - - [12/May/2025:09:23:56 +0000] "GET /home?page=8 HTTP/1.1" 403 257 "-" "curl/7.68.0"
192.168.1.10 - - [13/May/2025:01:12:48 +0000] "POST /home?page=13 HTTP/1.1" 301 4474 "-" "curl/7.68.0"
10.0.0.5 - - [13/May/2025:07:38:12 +0000] "GET /home?page=66 HTTP/1.1" 500 4523 "-" "Wget/1.20.3 (linux-gnu)"
172.16.0.3 - - [12/May/2025:14:08:33 +0000] "POST /../../../../etc/passwd HTTP/1.1" 404 2092 "-" "curl/7.68.0"
10.0.0.5 - - [12/May/2025:23:54:20 +0000] "GET /home?page=46 HTTP/1.1" 404 2366 "https://google.com" "curl/7.68.0"
203.0.113.42 - - [12/May/2025:19:01:06 +0000] "GET /home?page=18 HTTP/1.1" 404 410 "-" "Wget/1.20.3 (linux-gnu)"
203.0.113.42 - - [12/May/2025:18:33:39 +0000] "GET /home?page=18 HTTP/1.1" 404 4011 "https://google.com" "Mozilla/5.0 (Windows NT 10.0; Win64; x64)"
198.51.100.17 - - [13/May/2025:03:48:03 +0000] "GET /home?page=96 HTTP/1.1" 301 1636 "-" "Wget/1.20.3 (linux-gnu)"
198.51.100.17 - - [12/May/2025:12:00:28 +0000] "POST /home?page=3 HTTP/1.1" 500 924 "-" "Wget/1.20.3 (linux-gnu)"
198.51.100.17 - - [12/May/2025:17:58:54 +0000] "POST /search.php?query=<script>alert('xss')</script> HTTP/1.1" 200 2773 "https://google.com" "Mozilla/5.0 (Linux; Android 10)"
198.51.100.17 - - [12/May/2025:23:57:12 +0000] "GET /home?page=27 HTTP/1.1" 500 2148 "-" "curl/7.68.0"
192.168.1.10 - - [13/May/2025:03:09:09 +0000] "GET /?q=%3Cscript%3Ealert(1)%3C%2Fscript%3E HTTP/1.1" 301 2917 "-" "Wget/1.20.3 (linux-gnu)"
172.16.0.3 - - [12/May/2025:10:31:34 +0000] "POST /home?page=52 HTTP/1.1" 500 4401 "https://google.com" "curl/7.68.0"
198.51.100.17 - - [12/May/2025:20:29:41 +0000] "POST /home?page=95 HTTP/1.1" 500 2102 "-" "Mozilla/5.0 (Windows NT 10.0; Win64; x64)"
203.0.113.42 - - [13/May/2025:06:25:45 +0000] "GET /home?page=7 HTTP/1.1" 404 3222 "https://google.com" "Mozilla/5.0 (Linux; Android 10)"
172.16.0.3 - - [12/May/2025:17:12:15 +0000] "GET /home?page=46 HTTP/1.1" 403 4735 "-" "curl/7.68.0"
203.0.113.42 - - [12/May/2025:21:38:52 +0000] "POST /home?page=37 HTTP/1.1" 301 534 "https://google.com" "Mozilla/5.0 (Linux; Android 10)"
203.0.113.42 - - [12/May/2025:20:48:50 +0000] "POST /home?page=44 HTTP/1.1" 403 2921 "https://google.com" "curl/7.68.0"
192.168.1.10 - - [12/May/2025:23:56:01 +0000] "GET /../../../../etc/passwd HTTP/1.1" 500 428 "-" "Mozilla/5.0 (Windows NT 10.0; Win64; x64)"
172.16.0.3 - - [12/May/2025:12:11:50 +0000] "POST /home?page=51 HTTP/1.1" 500 250 "https://google.com" "Mozilla/5.0 (Windows NT 10.0; Win64; x64)"
10.0.0.5 - - [12/May/2025:14:20:41 +0000] "GET /home?page=26 HTTP/1.1" 200 3953 "-" "Wget/1.20.3 (linux-gnu)"
192.168.1.10 - - [12/May/2025:13:59:07 +0000] "GET /home?page=1 HTTP/1.1" 200 1545 "-" "Mozilla/5.0 (Windows NT 10.0; Win64; x64)"
203.0.113.42 - - [12/May/2025:10:48:17 +0000] "POST /home?page=18 HTTP/1.1" 403 1537 "https://google.com" "curl/7.68.0"
172.16.0.3 - - [13/May/2025:02:51:48 +0000] "POST /home?page=76 HTTP/1.1" 500 4852 "https://google.com" "curl/7.68.0"
10.0.0.5 - - [13/May/2025:07:48:22 +0000] "GET /home?page=28 HTTP/1.1" 404 2158 "https://google.com" "curl/7.68.0"
203.0.113.42 - - [12/May/2025:18:59:47 +0000] "POST /home?page=37 HTTP/1.1" 404 4124 "https://google.com" "Mozilla/5.0 (Windows NT 10.0; Win64; x64)"
203.0.113.42 - - [12/May/2025:23:52:01 +0000] "POST /search.php?query=<script>alert('xss')</script> HTTP/1.1" 403 3651 "-" "Wget/1.20.3 (linux-gnu)"
10.0.0.5 - - [12/May/2025:15:46:47 +0000] "POST /home?page=37 HTTP/1.1" 404 594 "https://google.com" "Mozilla/5.0 (Linux; Android 10)"
192.168.1.10 - - [13/May/2025:05:29:03 +0000] "POST /home?page=14 HTTP/1.1" 403 451 "https://google.com" "curl/7.68.0"
10.0.0.5 - - [13/May/2025:01:29:35 +0000] "POST /home?page=65 HTTP/1.1" 500 3784 "-" "Wget/1.20.3 (linux-gnu)"
10.0.0.5 - - [13/May/2025:01:21:44 +0000] "GET /home?page=80 HTTP/1.1" 404 3396 "-" "curl/7.68.0"
10.0.0.5 - - [12/May/2025:13:52:55 +0000] "POST /home?page=1 HTTP/1.1" 200 3512 "https://google.com" "curl/7.68.0"
192.168.1.10 - - [12/May/2025:23:39:00 +0000] "GET /home?page=22 HTTP/1.1" 500 2117 "-" "curl/7.68.0"
192.168.1.10 - - [12/May/2025:17:23:29 +0000] "GET /index.php?id=1' OR '1'='1 HTTP/1.1" 200 3830 "https://google.com" "curl/7.68.0"
203.0.113.42 - - [12/May/2025:14:12:45 +0000] "POST /home?page=2 HTTP/1.1" 403 646 "https://google.com" "Wget/1.20.3 (linux-gnu)"
203.0.113.42 - - [12/May/2025:16:46:27 +0000] "GET /home?page=15 HTTP/1.1" 200 3556 "https://google.com" "Wget/1.20.3 (linux-gnu)"
198.51.100.17 - - [13/May/2025:04:16:06 +0000] "POST /home?page=62 HTTP/1.1" 403 2718 "https://google.com" "Wget/1.20.3 (linux-gnu)"
10.0.0.5 - - [12/May/2025:20:15:18 +0000] "POST /home?page=71 HTTP/1.1" 404 4034 "-" "Mozilla/5.0 (Linux; Android 10)"
172.16.0.3 - - [12/May/2025:22:28:32 +0000] "GET /home?page=100 HTTP/1.1" 200 1586 "-" "curl/7.68.0"
172.16.0.3 - - [12/May/2025:20:46:56 +0000] "GET /home?page=35 HTTP/1.1" 200 2852 "https://google.com" "Mozilla/5.0 (Linux; Android 10)"
198.51.100.17 - - [12/May/2025:21:50:25 +0000] "GET /home?page=34 HTTP/1.1" 500 3308 "-" "Wget/1.20.3 (linux-gnu)"
203.0.113.42 - - [12/May/2025:16:38:47 +0000] "GET /home?page=76 HTTP/1.1" 301 3537 "https://google.com" "Wget/1.20.3 (linux-gnu)"
203.0.113.42 - - [12/May/2025:14:09:35 +0000] "POST /home?page=52 HTTP/1.1" 200 4995 "-" "Wget/1.20.3 (linux-gnu)"
203.0.113.42 - - [13/May/2025:03:30:38 +0000] "GET /api/user?name=admin; DROP TABLE users; HTTP/1.1" 404 4570 "https://google.com" "Mozilla/5.0 (Linux; Android 10)"
198.51.100.17 - - [12/May/2025:13:29:16 +0000] "POST /home?page=37 HTTP/1.1" 404 445 "https://google.com" "Mozilla/5.0 (Windows NT 10.0; Win64; x64)"
10.0.0.5 - - [13/May/2025:08:03:46 +0000] "GET /home?page=16 HTTP/1.1" 404 1623 "-" "Wget/1.20.3 (linux-gnu)"
10.0.0.5 - - [12/May/2025:22:35:24 +0000] "GET /home?page=22 HTTP/1.1" 404 3410 "https://google.com" "Mozilla/5.0 (Linux; Android 10)"
203.0.113.42 - - [12/May/2025:14:18:38 +0000] "POST /home?page=76 HTTP/1.1" 200 3116 "https://google.com" "Mozilla/5.0 (Linux; Android 10)"
198.51.100.17 - - [13/May/2025:06:42:34 +0000] "GET /home?page=100 HTTP/1.1" 500 3266 "-" "Wget/1.20.3 (linux-gnu)"
172.16.0.3 - - [12/May/2025:20:50:42 +0000] "POST /page.html?param=../../../../boot.ini HTTP/1.1" 500 3799 "https://google.com" "Wget/1.20.3 (linux-gnu)"
198.51.100.17 - - [12/May/2025:22:48:47 +0000] "GET /home?page=99 HTTP/1.1" 404 1207 "https://google.com" "Mozilla/5.0 (Linux; Android 10)"
198.51.100.17 - - [12/May/2025:13:03:03 +0000] "POST /../../../../etc/passwd HTTP/1.1" 403 1867 "-" "curl/7.68.0"
198.51.100.17 - - [13/May/2025:07:26:18 +0000] "GET /page.html?param=../../../../boot.ini HTTP/1.1" 403 2508 "https://google.com" "Wget/1.20.3 (linux-gnu)"
192.168.1.10 - - [13/May/2025:08:34:47 +0000] "GET /home?page=99 HTTP/1.1" 403 1655 "https://google.com" "Wget/1.20.3 (linux-gnu)"
198.51.100.17 - - [12/May/2025:13:26:13 +0000] "GET /home?page=1 HTTP/1.1" 301 2911 "-" "Mozilla/5.0 (Windows NT 10.0; Win64; x64)"
203.0.113.42 - - [12/May/2025:10:02:54 +0000] "POST /api/user?name=admin; DROP TABLE users; HTTP/1.1" 500 4707 "-" "Mozilla/5.0 (Windows NT 10.0; Win64; x64)"
192.168.1.10 - - [13/May/2025:02:19:48 +0000] "POST /home?page=64 HTTP/1.1" 200 2280 "https://google.com" "curl/7.68.0"
203.0.113.42 - - [12/May/2025:20:03:36 +0000] "POST /page.html?param=../../../../boot.ini HTTP/1.1" 404 4950 "https://google.com" "Wget/1.20.3 (linux-gnu)"
192.168.1.10 - - [12/May/2025:13:28:16 +0000] "GET /home?page=79 HTTP/1.1" 200 584 "-" "Mozilla/5.0 (Linux; Android 10)"
203.0.113.42 - - [12/May/2025:13:33:52 +0000] "POST /home?page=62 HTTP/1.1" 200 4699 "-" "Mozilla/5.0 (Linux; Android 10)"
192.168.1.10 - - [12/May/2025:09:38:20 +0000] "GET /home?page=37 HTTP/1.1" 200 3867 "https://google.com" "Wget/1.20.3 (linux-gnu)"
203.0.113.42 - - [12/May/2025:09:48:04 +0000] "GET /admin.php?user=admin'-- HTTP/1.1" 403 4274 "-" "Mozilla/5.0 (Windows NT 10.0; Win64; x64)"
198.51.100.17 - - [13/May/2025:05:30:36 +0000] "POST /home?page=18 HTTP/1.1" 403 4016 "-" "Mozilla/5.0 (Linux; Android 10)"
10.0.0.5 - - [13/May/2025:06:14:34 +0000] "GET /home?page=43 HTTP/1.1" 403 1555 "-" "curl/7.68.0"
192.168.1.10 - - [12/May/2025:18:09:34 +0000] "GET /home?page=24 HTTP/1.1" 301 1179 "https://google.com" "curl/7.68.0"
172.16.0.3 - - [13/May/2025:03:01:34 +0000] "GET /home?page=87 HTTP/1.1" 404 4646 "-" "Mozilla/5.0 (Linux; Android 10)"
203.0.113.42 - - [13/May/2025:03:00:05 +0000] "POST /home?page=37 HTTP/1.1" 301 4003 "-" "curl/7.68.0"
192.168.1.10 - - [12/May/2025:19:44:01 +0000] "GET /?q=%3Cscript%3Ealert(1)%3C%2Fscript%3E HTTP/1.1" 500 162 "https://google.com" "Mozilla/5.0 (Windows NT 10.0; Win64; x64)"
198.51.100.17 - - [13/May/2025:08:05:31 +0000] "GET /home?page=7 HTTP/1.1" 301 4593 "https://google.com" "Wget/1.20.3 (linux-gnu)"
198.51.100.17 - - [12/May/2025:14:32:00 +0000] "GET /home?page=72 HTTP/1.1" 500 1118 "-" "curl/7.68.0"
198.51.100.17 - - [12/May/2025:17:58:13 +0000] "POST /home?page=97 HTTP/1.1" 301 3302 "-" "Mozilla/5.0 (Linux; Android 10)"
203.0.113.42 - - [12/May/2025:14:47:17 +0000] "POST /home?page=46 HTTP/1.1" 403 2192 "https://google.com" "Mozilla/5.0 (Linux; Android 10)"
198.51.100.17 - - [13/May/2025:06:14:08 +0000] "GET /home?page=23 HTTP/1.1" 403 379 "https://google.com" "Mozilla/5.0 (Linux; Android 10)"
203.0.113.42 - - [12/May/2025:16:41:33 +0000] "GET /login?redirect=http://evil.com HTTP/1.1" 200 3464 "-" "Wget/1.20.3 (linux-gnu)"
192.168.1.10 - - [12/May/2025:20:54:53 +0000] "GET /home?page=40 HTTP/1.1" 500 1177 "-" "Mozilla/5.0 (Linux; Android 10)"
192.168.1.10 - - [12/May/2025:20:28:02 +0000] "GET /../../../../etc/passwd HTTP/1.1" 500 1958 "-" "Wget/1.20.3 (linux-gnu)"
172.16.0.3 - - [13/May/2025:04:17:55 +0000] "POST /search.php?query=<script>alert('xss')</script> HTTP/1.1" 301 2205 "-" "Mozilla/5.0 (Linux; Android 10)"
10.0.0.5 - - [13/May/2025:02:28:19 +0000] "POST /home?page=17 HTTP/1.1" 200 1010 "-" "Mozilla/5.0 (Windows NT 10.0; Win64; x64)"
192.168.1.10 - - [13/May/2025:04:33:38 +0000] "GET /home?page=25 HTTP/1.1" 301 2917 "-" "curl/7.68.0"
198.51.100.17 - - [12/May/2025:12:30:24 +0000] "GET /home?page=33 HTTP/1.1" 404 2647 "https://google.com" "Wget/1.20.3 (linux-gnu)"
203.0.113.42 - - [12/May/2025:21:47:11 +0000] "GET /../../../../etc/passwd HTTP/1.1" 403 4538 "-" "Mozilla/5.0 (Linux; Android 10)"
203.0.113.42 - - [13/May/2025:07:16:22 +0000] "GET /home?page=33 HTTP/1.1" 500 2045 "-" "Mozilla/5.0 (Windows NT 10.0; Win64; x64)"
172.16.0.3 - - [12/May/2025:22:32:22 +0000] "GET /home?page=78 HTTP/1.1" 403 1273 "https://google.com" "Mozilla/5.0 (Windows NT 10.0; Win64; x64)"
203.0.113.42 - - [12/May/2025:19:06:13 +0000] "POST /login?redirect=http://evil.com HTTP/1.1" 500 2980 "https://google.com" "Wget/1.20.3 (linux-gnu)"
203.0.113.42 - - [12/May/2025:21:04:33 +0000] "GET /../../../../etc/passwd HTTP/1.1" 500 4192 "https://google.com" "Mozilla/5.0 (Linux; Android 10)"
192.168.1.10 - - [12/May/2025:19:30:15 +0000] "POST /home?page=36 HTTP/1.1" 200 4308 "-" "Wget/1.20.3 (linux-gnu)"
10.0.0.5 - - [13/May/2025:00:22:08 +0000] "POST /search.php?query=<script>alert('xss')</script> HTTP/1.1" 403 559 "https://google.com" "Wget/1.20.3 (linux-gnu)"
192.168.1.10 - - [12/May/2025:21:04:26 +0000] "POST /home?page=82 HTTP/1.1" 403 897 "https://google.com" "Wget/1.20.3 (linux-gnu)"
172.16.0.3 - - [12/May/2025:17:25:52 +0000] "POST /home?page=18 HTTP/1.1" 404 4502 "https://google.com" "Wget/1.20.3 (linux-gnu)"
192.168.1.10 - - [12/May/2025:14:57:13 +0000] "POST /home?page=32 HTTP/1.1" 200 4694 "https://google.com" "Mozilla/5.0 (Windows NT 10.0; Win64; x64)"
203.0.113.42 - - [12/May/2025:14:50:27 +0000] "GET /?cmd=cat%20/etc/passwd HTTP/1.1" 301 188 "-" "Wget/1.20.3 (linux-gnu)"
10.0.0.5 - - [12/May/2025:22:45:27 +0000] "GET /home?page=24 HTTP/1.1" 500 2917 "-" "Mozilla/5.0 (Windows NT 10.0; Win64; x64)"
192.168.1.10 - - [13/May/2025:04:54:56 +0000] "POST /home?page=58 HTTP/1.1" 404 3406 "-" "Mozilla/5.0 (Windows NT 10.0; Win64; x64)"
203.0.113.42 - - [12/May/2025:14:13:08 +0000] "POST /home?page=53 HTTP/1.1" 403 713 "https://google.com" "curl/7.68.0"
10.0.0.5 - - [12/May/2025:18:09:41 +0000] "GET /page.html?param=../../../../boot.ini HTTP/1.1" 301 3417 "-" "Wget/1.20.3 (linux-gnu)"
198.51.100.17 - - [13/May/2025:00:13:39 +0000] "POST /admin.php?user=admin'-- HTTP/1.1" 500 2508 "https://google.com" "Mozilla/5.0 (Windows NT 10.0; Win64; x64)"
198.51.100.17 - - [13/May/2025:03:21:29 +0000] "POST /home?page=39 HTTP/1.1" 403 1848 "https://google.com" "curl/7.68.0"
203.0.113.42 - - [13/May/2025:03:04:24 +0000] "POST /home?page=19 HTTP/1.1" 403 2637 "https://google.com" "Mozilla/5.0 (Windows NT 10.0; Win64; x64)"
192.168.1.10 - - [13/May/2025:02:32:22 +0000] "POST /home?page=8 HTTP/1.1" 403 759 "-" "curl/7.68.0"
203.0.113.42 - - [13/May/2025:00:32:01 +0000] "GET /login?redirect=http://evil.com HTTP/1.1" 200 3639 "https://google.com" "Mozilla/5.0 (Linux; Android 10)"
198.51.100.17 - - [12/May/2025:18:19:37 +0000] "GET /home?page=33 HTTP/1.1" 200 3209 "https://google.com" "curl/7.68.0"
192.168.1.10 - - [13/May/2025:04:18:59 +0000] "POST /home?page=4 HTTP/1.1" 301 2134 "-" "Mozilla/5.0 (Windows NT 10.0; Win64; x64)"
10.0.0.5 - - [12/May/2025:18:27:43 +0000] "POST /search.php?query=<script>alert('xss')</script> HTTP/1.1" 500 3088 "https://google.com" "curl/7.68.0"
192.168.1.10 - - [13/May/2025:06:13:06 +0000] "GET /home?page=48 HTTP/1.1" 200 4582 "-" "Mozilla/5.0 (Windows NT 10.0; Win64; x64)"
172.16.0.3 - - [13/May/2025:02:16:47 +0000] "POST /login?redirect=http://evil.com HTTP/1.1" 200 4891 "https://google.com" "Mozilla/5.0 (Linux; Android 10)"
203.0.113.42 - - [12/May/2025:14:21:40 +0000] "GET /home?page=7 HTTP/1.1" 200 4973 "-" "curl/7.68.0"
192.168.1.10 - - [12/May/2025:12:47:00 +0000] "POST /home?page=8 HTTP/1.1" 301 4091 "-" "Mozilla/5.0 (Linux; Android 10)"
203.0.113.42 - - [12/May/2025:14:21:30 +0000] "GET /home?page=44 HTTP/1.1" 200 1809 "https://google.com" "Mozilla/5.0 (Linux; Android 10)"
198.51.100.17 - - [12/May/2025:19:12:44 +0000] "GET /home?page=39 HTTP/1.1" 500 4300 "-" "curl/7.68.0"
198.51.100.17 - - [12/May/2025:12:46:13 +0000] "GET /home?page=13 HTTP/1.1" 200 1913 "https://google.com" "curl/7.68.0"
198.51.100.17 - - [12/May/2025:09:54:47 +0000] "POST /admin.php?user=admin'-- HTTP/1.1" 500 2161 "https://google.com" "curl/7.68.0"
203.0.113.42 - - [12/May/2025:09:43:52 +0000] "POST /home?page=19 HTTP/1.1" 404 2456 "-" "Mozilla/5.0 (Linux; Android 10)"
172.16.0.3 - - [12/May/2025:13:14:57 +0000] "GET /home?page=9 HTTP/1.1" 403 4523 "https://google.com" "Mozilla/5.0 (Windows NT 10.0; Win64; x64)"
10.0.0.5 - - [12/May/2025:16:33:06 +0000] "POST /home?page=49 HTTP/1.1" 500 4670 "-" "Mozilla/5.0 (Windows NT 10.0; Win64; x64)"
10.0.0.5 - - [13/May/2025:05:04:18 +0000] "POST /index.php?id=1' OR '1'='1 HTTP/1.1" 403 2080 "-" "Mozilla/5.0 (Windows NT 10.0; Win64; x64)"
203.0.113.42 - - [13/May/2025:00:18:09 +0000] "POST /home?page=44 HTTP/1.1" 500 841 "https://google.com" "curl/7.68.0"
192.168.1.10 - - [12/May/2025:12:51:59 +0000] "POST /home?page=81 HTTP/1.1" 500 2867 "https://google.com" "curl/7.68.0"
198.51.100.17 - - [12/May/2025:10:15:26 +0000] "POST /home?page=53 HTTP/1.1" 404 257 "-" "Mozilla/5.0 (Linux; Android 10)"
10.0.0.5 - - [12/May/2025:22:46:55 +0000] "POST /index.php?id=1' OR '1'='1 HTTP/1.1" 404 2397 "https://google.com" "Mozilla/5.0 (Windows NT 10.0; Win64; x64)"
192.168.1.10 - - [13/May/2025:01:42:46 +0000] "GET /home?page=88 HTTP/1.1" 301 1684 "-" "Mozilla/5.0 (Linux; Android 10)"
203.0.113.42 - - [12/May/2025:21:43:07 +0000] "POST /?q=%3Cscript%3Ealert(1)%3C%2Fscript%3E HTTP/1.1" 404 1119 "-" "Mozilla/5.0 (Linux; Android 10)"
192.168.1.10 - - [13/May/2025:05:42:02 +0000] "GET /home?page=54 HTTP/1.1" 301 1901 "https://google.com" "curl/7.68.0"
203.0.113.42 - - [12/May/2025:16:54:37 +0000] "POST /home?page=36 HTTP/1.1" 301 4927 "-" "Wget/1.20.3 (linux-gnu)"
192.168.1.10 - - [12/May/2025:10:36:47 +0000] "POST /home?page=3 HTTP/1.1" 403 1870 "-" "Mozilla/5.0 (Windows NT 10.0; Win64; x64)"
198.51.100.17 - - [13/May/2025:04:53:03 +0000] "POST /home?page=33 HTTP/1.1" 403 3618 "-" "Mozilla/5.0 (Linux; Android 10)"
198.51.100.17 - - [13/May/2025:05:20:13 +0000] "GET /home?page=76 HTTP/1.1" 404 4914 "-" "Mozilla/5.0 (Linux; Android 10)"
198.51.100.17 - - [13/May/2025:05:44:41 +0000] "POST /home?page=99 HTTP/1.1" 301 1012 "https://google.com" "Wget/1.20.3 (linux-gnu)"
198.51.100.17 - - [12/May/2025:15:15:07 +0000] "GET /home?page=30 HTTP/1.1" 404 391 "-" "Wget/1.20.3 (linux-gnu)"
203.0.113.42 - - [13/May/2025:02:13:52 +0000] "GET /home?page=77 HTTP/1.1" 301 933 "https://google.com" "curl/7.68.0"
198.51.100.17 - - [13/May/2025:03:24:09 +0000] "POST /home?page=34 HTTP/1.1" 200 2187 "-" "curl/7.68.0"
203.0.113.42 - - [12/May/2025:15:33:14 +0000] "GET /home?page=38 HTTP/1.1" 404 2874 "-" "Wget/1.20.3 (linux-gnu)"
198.51.100.17 - - [13/May/2025:06:01:54 +0000] "POST /home?page=88 HTTP/1.1" 404 3831 "https://google.com" "Mozilla/5.0 (Windows NT 10.0; Win64; x64)"
203.0.113.42 - - [13/May/2025:07:24:33 +0000] "GET /home?page=11 HTTP/1.1" 404 1657 "-" "Wget/1.20.3 (linux-gnu)"
10.0.0.5 - - [12/May/2025:09:19:57 +0000] "POST /home?page=82 HTTP/1.1" 403 4633 "https://google.com" "Mozilla/5.0 (Windows NT 10.0; Win64; x64)"
192.168.1.10 - - [13/May/2025:00:35:38 +0000] "POST /home?page=14 HTTP/1.1" 500 3641 "-" "Wget/1.20.3 (linux-gnu)"
203.0.113.42 - - [13/May/2025:01:06:08 +0000] "GET /home?page=48 HTTP/1.1" 404 2382 "-" "curl/7.68.0"
172.16.0.3 - - [12/May/2025:14:18:05 +0000] "POST /home?page=9 HTTP/1.1" 301 849 "-" "Mozilla/5.0 (Linux; Android 10)"
198.51.100.17 - - [12/May/2025:21:02:59 +0000] "POST /home?page=24 HTTP/1.1" 500 4495 "https://google.com" "Mozilla/5.0 (Linux; Android 10)"
192.168.1.10 - - [13/May/2025:06:40:10 +0000] "GET /home?page=32 HTTP/1.1" 500 3775 "https://google.com" "Mozilla/5.0 (Linux; Android 10)"
198.51.100.17 - - [12/May/2025:23:29:35 +0000] "POST /home?page=67 HTTP/1.1" 404 1607 "https://google.com" "Mozilla/5.0 (Windows NT 10.0; Win64; x64)"
172.16.0.3 - - [12/May/2025:22:57:02 +0000] "POST /?q=%3Cscript%3Ealert(1)%3C%2Fscript%3E HTTP/1.1" 301 3296 "-" "Mozilla/5.0 (Windows NT 10.0; Win64; x64)"
192.168.1.10 - - [12/May/2025:21:23:00 +0000] "GET /index.php?id=1' OR '1'='1 HTTP/1.1" 301 895 "https://google.com" "curl/7.68.0"
203.0.113.42 - - [12/May/2025:23:57:42 +0000] "POST /home?page=75 HTTP/1.1" 500 2799 "-" "curl/7.68.0"
198.51.100.17 - - [12/May/2025:09:59:25 +0000] "GET /home?page=5 HTTP/1.1" 500 4647 "https://google.com" "Mozilla/5.0 (Windows NT 10.0; Win64; x64)"
203.0.113.42 - - [13/May/2025:07:11:10 +0000] "GET /login?redirect=http://evil.com HTTP/1.1" 200 2928 "-" "Mozilla/5.0 (Linux; Android 10)"
192.168.1.10 - - [12/May/2025:21:15:43 +0000] "GET /home?page=44 HTTP/1.1" 301 963 "https://google.com" "curl/7.68.0"
172.16.0.3 - - [12/May/2025:16:58:58 +0000] "GET /../../../../etc/passwd HTTP/1.1" 404 1949 "https://google.com" "Mozilla/5.0 (Linux; Android 10)"
10.0.0.5 - - [12/May/2025:17:35:43 +0000] "GET /?cmd=cat%20/etc/passwd HTTP/1.1" 500 965 "-" "Wget/1.20.3 (linux-gnu)"
192.168.1.10 - - [12/May/2025:13:53:04 +0000] "POST /home?page=13 HTTP/1.1" 403 2051 "-" "Mozilla/5.0 (Windows NT 10.0; Win64; x64)"
203.0.113.42 - - [12/May/2025:19:23:28 +0000] "GET /home?page=57 HTTP/1.1" 500 3303 "https://google.com" "Mozilla/5.0 (Linux; Android 10)"
10.0.0.5 - - [12/May/2025:16:03:46 +0000] "POST /home?page=86 HTTP/1.1" 404 264 "https://google.com" "Wget/1.20.3 (linux-gnu)"
198.51.100.17 - - [12/May/2025:12:05:28 +0000] "GET /home?page=27 HTTP/1.1" 404 4305 "-" "Mozilla/5.0 (Windows NT 10.0; Win64; x64)"
198.51.100.17 - - [12/May/2025:17:52:10 +0000] "POST /../../../../etc/passwd HTTP/1.1" 403 1990 "https://google.com" "Mozilla/5.0 (Windows NT 10.0; Win64; x64)"
198.51.100.17 - - [13/May/2025:07:08:13 +0000] "POST /home?page=33 HTTP/1.1" 200 1910 "-" "Wget/1.20.3 (linux-gnu)"
198.51.100.17 - - [13/May/2025:07:01:03 +0000] "GET /search.php?query=<script>alert('xss')</script> HTTP/1.1" 301 1371 "https://google.com" "Mozilla/5.0 (Linux; Android 10)"
172.16.0.3 - - [12/May/2025:13:21:24 +0000] "POST /home?page=57 HTTP/1.1" 404 980 "-" "Mozilla/5.0 (Windows NT 10.0; Win64; x64)"
172.16.0.3 - - [12/May/2025:18:27:21 +0000] "POST /home?page=42 HTTP/1.1" 404 4550 "-" "Mozilla/5.0 (Windows NT 10.0; Win64; x64)"
192.168.1.10 - - [13/May/2025:08:01:29 +0000] "POST /home?page=39 HTTP/1.1" 500 4699 "-" "Mozilla/5.0 (Linux; Android 10)"
172.16.0.3 - - [12/May/2025:18:34:27 +0000] "GET /home?page=9 HTTP/1.1" 404 1102 "https://google.com" "Mozilla/5.0 (Linux; Android 10)"
198.51.100.17 - - [12/May/2025:10:45:47 +0000] "POST /admin.php?user=admin'-- HTTP/1.1" 500 2317 "-" "Wget/1.20.3 (linux-gnu)"
172.16.0.3 - - [12/May/2025:17:50:51 +0000] "POST /home?page=56 HTTP/1.1" 200 553 "https://google.com" "Mozilla/5.0 (Windows NT 10.0; Win64; x64)"
198.51.100.17 - - [12/May/2025:18:20:36 +0000] "POST /home?page=7 HTTP/1.1" 403 4540 "https://google.com" "Mozilla/5.0 (Linux; Android 10)"
203.0.113.42 - - [12/May/2025:13:33:54 +0000] "GET /home?page=76 HTTP/1.1" 301 3345 "https://google.com" "Mozilla/5.0 (Linux; Android 10)"
10.0.0.5 - - [12/May/2025:23:26:25 +0000] "POST /home?page=32 HTTP/1.1" 403 1771 "-" "Wget/1.20.3 (linux-gnu)"
203.0.113.42 - - [12/May/2025:11:20:40 +0000] "GET /home?page=94 HTTP/1.1" 301 2878 "https://google.com" "Mozilla/5.0 (Windows NT 10.0; Win64; x64)"
10.0.0.5 - - [13/May/2025:04:21:33 +0000] "POST /index.php?id=1' OR '1'='1 HTTP/1.1" 500 1498 "-" "Wget/1.20.3 (linux-gnu)"
172.16.0.3 - - [12/May/2025:20:27:36 +0000] "POST /home?page=90 HTTP/1.1" 200 921 "https://google.com" "Mozilla/5.0 (Windows NT 10.0; Win64; x64)"
203.0.113.42 - - [12/May/2025:13:38:01 +0000] "GET /home?page=80 HTTP/1.1" 404 698 "-" "Mozilla/5.0 (Linux; Android 10)"
203.0.113.42 - - [13/May/2025:06:45:19 +0000] "GET /home?page=15 HTTP/1.1" 301 1666 "-" "Mozilla/5.0 (Linux; Android 10)"
172.16.0.3 - - [13/May/2025:05:32:18 +0000] "GET /page.html?param=../../../../boot.ini HTTP/1.1" 403 1593 "https://google.com" "Mozilla/5.0 (Linux; Android 10)"
172.16.0.3 - - [13/May/2025:00:27:48 +0000] "GET /home?page=5 HTTP/1.1" 500 2398 "https://google.com" "Mozilla/5.0 (Linux; Android 10)"
192.168.1.10 - - [12/May/2025:19:19:40 +0000] "POST /home?page=70 HTTP/1.1" 200 1576 "https://google.com" "Mozilla/5.0 (Windows NT 10.0; Win64; x64)"
172.16.0.3 - - [12/May/2025:20:35:46 +0000] "GET /home?page=57 HTTP/1.1" 500 1375 "-" "Mozilla/5.0 (Linux; Android 10)"
192.168.1.10 - - [13/May/2025:01:44:23 +0000] "POST /home?page=51 HTTP/1.1" 500 2434 "-" "Mozilla/5.0 (Windows NT 10.0; Win64; x64)"
192.168.1.10 - - [12/May/2025:14:58:09 +0000] "POST /search.php?query=<script>alert('xss')</script> HTTP/1.1" 200 3528 "https://google.com" "curl/7.68.0"
198.51.100.17 - - [12/May/2025:14:14:56 +0000] "GET /home?page=81 HTTP/1.1" 301 4114 "https://google.com" "Mozilla/5.0 (Windows NT 10.0; Win64; x64)"
10.0.0.5 - - [13/May/2025:01:15:51 +0000] "POST /../../../../etc/passwd HTTP/1.1" 404 4176 "https://google.com" "curl/7.68.0"
198.51.100.17 - - [12/May/2025:14:45:37 +0000] "POST /?cmd=cat%20/etc/passwd HTTP/1.1" 301 3798 "https://google.com" "curl/7.68.0"
172.16.0.3 - - [12/May/2025:16:04:54 +0000] "POST /home?page=94 HTTP/1.1" 403 3557 "-" "curl/7.68.0"
10.0.0.5 - - [13/May/2025:03:28:35 +0000] "POST /home?page=64 HTTP/1.1" 200 2230 "-" "Wget/1.20.3 (linux-gnu)"
198.51.100.17 - - [13/May/2025:04:49:54 +0000] "POST /?q=%3Cscript%3Ealert(1)%3C%2Fscript%3E HTTP/1.1" 403 3320 "https://google.com" "Wget/1.20.3 (linux-gnu)"
192.168.1.10 - - [12/May/2025:10:44:39 +0000] "GET /page.html?param=../../../../boot.ini HTTP/1.1" 500 3842 "-" "Mozilla/5.0 (Windows NT 10.0; Win64; x64)"
10.0.0.5 - - [12/May/2025:22:32:27 +0000] "POST /home?page=92 HTTP/1.1" 403 2081 "-" "Wget/1.20.3 (linux-gnu)"
203.0.113.42 - - [13/May/2025:06:30:23 +0000] "POST /home?page=3 HTTP/1.1" 403 1483 "-" "Wget/1.20.3 (linux-gnu)"
198.51.100.17 - - [13/May/2025:06:13:00 +0000] "POST /../../../../etc/passwd HTTP/1.1" 301 3409 "-" "Mozilla/5.0 (Windows NT 10.0; Win64; x64)"
198.51.100.17 - - [13/May/2025:05:28:28 +0000] "GET /home?page=80 HTTP/1.1" 500 1477 "-" "curl/7.68.0"
172.16.0.3 - - [13/May/2025:00:12:30 +0000] "GET /home?page=86 HTTP/1.1" 301 461 "-" "Mozilla/5.0 (Windows NT 10.0; Win64; x64)"
10.0.0.5 - - [13/May/2025:07:20:50 +0000] "GET /home?page=99 HTTP/1.1" 500 4415 "-" "curl/7.68.0"
10.0.0.5 - - [12/May/2025:18:09:21 +0000] "POST /home?page=17 HTTP/1.1" 500 1842 "-" "Mozilla/5.0 (Linux; Android 10)"
172.16.0.3 - - [13/May/2025:00:46:56 +0000] "POST /home?page=92 HTTP/1.1" 500 3442 "-" "Mozilla/5.0 (Linux; Android 10)"
198.51.100.17 - - [12/May/2025:21:15:40 +0000] "POST /home?page=41 HTTP/1.1" 500 3535 "https://google.com" "Mozilla/5.0 (Windows NT 10.0; Win64; x64)"
172.16.0.3 - - [12/May/2025:23:35:24 +0000] "POST /home?page=97 HTTP/1.1" 403 510 "-" "curl/7.68.0"
203.0.113.42 - - [12/May/2025:10:17:28 +0000] "GET /index.php?id=1' OR '1'='1 HTTP/1.1" 404 1691 "https://google.com" "curl/7.68.0"
192.168.1.10 - - [13/May/2025:00:19:59 +0000] "POST /home?page=94 HTTP/1.1" 404 135 "https://google.com" "Mozilla/5.0 (Linux; Android 10)"
172.16.0.3 - - [12/May/2025:16:22:02 +0000] "GET /admin.php?user=admin'-- HTTP/1.1" 500 197 "https://google.com" "curl/7.68.0"
192.168.1.10 - - [12/May/2025:22:30:22 +0000] "POST /home?page=20 HTTP/1.1" 404 4138 "https://google.com" "Mozilla/5.0 (Linux; Android 10)"
172.16.0.3 - - [12/May/2025:19:38:51 +0000] "GET /home?page=97 HTTP/1.1" 301 2581 "https://google.com" "Wget/1.20.3 (linux-gnu)"
10.0.0.5 - - [13/May/2025:02:30:36 +0000] "GET /home?page=49 HTTP/1.1" 301 4571 "https://google.com" "Mozilla/5.0 (Windows NT 10.0; Win64; x64)"
172.16.0.3 - - [13/May/2025:06:47:43 +0000] "POST /home?page=85 HTTP/1.1" 200 2951 "https://google.com" "Mozilla/5.0 (Linux; Android 10)"
203.0.113.42 - - [12/May/2025:09:54:20 +0000] "GET /?q=%3Cscript%3Ealert(1)%3C%2Fscript%3E HTTP/1.1" 301 1666 "-" "Mozilla/5.0 (Windows NT 10.0; Win64; x64)"
10.0.0.5 - - [13/May/2025:04:51:18 +0000] "GET /home?page=56 HTTP/1.1" 403 543 "https://google.com" "Mozilla/5.0 (Linux; Android 10)"
172.16.0.3 - - [12/May/2025:18:25:03 +0000] "GET /api/user?name=admin; DROP TABLE users; HTTP/1.1" 301 2532 "-" "curl/7.68.0"
192.168.1.10 - - [13/May/2025:05:40:48 +0000] "POST /api/user?name=admin; DROP TABLE users; HTTP/1.1" 200 4774 "https://google.com" "Mozilla/5.0 (Windows NT 10.0; Win64; x64)"
203.0.113.42 - - [13/May/2025:05:17:00 +0000] "POST /?q=%3Cscript%3Ealert(1)%3C%2Fscript%3E HTTP/1.1" 200 1801 "https://google.com" "curl/7.68.0"
203.0.113.42 - - [12/May/2025:16:25:44 +0000] "POST /../../../../etc/passwd HTTP/1.1" 500 894 "-" "Mozilla/5.0 (Windows NT 10.0; Win64; x64)"
172.16.0.3 - - [12/May/2025:20:29:29 +0000] "POST /../../../../etc/passwd HTTP/1.1" 500 4273 "https://google.com" "Wget/1.20.3 (linux-gnu)"
198.51.100.17 - - [13/May/2025:06:59:14 +0000] "GET /home?page=97 HTTP/1.1" 200 4970 "https://google.com" "Mozilla/5.0 (Linux; Android 10)"
10.0.0.5 - - [13/May/2025:00:59:16 +0000] "POST /home?page=57 HTTP/1.1" 301 1313 "-" "Mozilla/5.0 (Windows NT 10.0; Win64; x64)"
10.0.0.5 - - [12/May/2025:21:19:21 +0000] "GET /home?page=91 HTTP/1.1" 301 1029 "-" "Mozilla/5.0 (Windows NT 10.0; Win64; x64)"
203.0.113.42 - - [12/May/2025:23:31:56 +0000] "GET /home?page=48 HTTP/1.1" 500 2978 "-" "Mozilla/5.0 (Windows NT 10.0; Win64; x64)"
192.168.1.10 - - [13/May/2025:04:40:52 +0000] "POST /admin.php?user=admin'-- HTTP/1.1" 403 141 "-" "curl/7.68.0"
192.168.1.10 - - [13/May/2025:03:13:50 +0000] "GET /home?page=38 HTTP/1.1" 200 1797 "-" "Mozilla/5.0 (Linux; Android 10)"
172.16.0.3 - - [13/May/2025:03:33:57 +0000] "POST /../../../../etc/passwd HTTP/1.1" 200 4902 "-" "curl/7.68.0"
172.16.0.3 - - [12/May/2025:15:26:39 +0000] "GET /home?page=45 HTTP/1.1" 404 4670 "-" "Wget/1.20.3 (linux-gnu)"
172.16.0.3 - - [13/May/2025:00:20:37 +0000] "POST /home?page=38 HTTP/1.1" 301 1868 "https://google.com" "Mozilla/5.0 (Windows NT 10.0; Win64; x64)"
192.168.1.10 - - [13/May/2025:06:41:52 +0000] "POST /home?page=100 HTTP/1.1" 301 1121 "-" "Mozilla/5.0 (Linux; Android 10)"
10.0.0.5 - - [13/May/2025:01:48:41 +0000] "GET /home?page=76 HTTP/1.1" 200 870 "-" "Mozilla/5.0 (Linux; Android 10)"
198.51.100.17 - - [12/May/2025:16:04:34 +0000] "GET /home?page=80 HTTP/1.1" 200 2151 "https://google.com" "Wget/1.20.3 (linux-gnu)"
172.16.0.3 - - [12/May/2025:19:05:38 +0000] "POST /../../../../etc/passwd HTTP/1.1" 404 2771 "-" "curl/7.68.0"
198.51.100.17 - - [13/May/2025:00:49:18 +0000] "GET /page.html?param=../../../../boot.ini HTTP/1.1" 404 3792 "-" "Mozilla/5.0 (Linux; Android 10)"
172.16.0.3 - - [13/May/2025:03:20:03 +0000] "GET /home?page=68 HTTP/1.1" 404 2365 "-" "curl/7.68.0"
203.0.113.42 - - [12/May/2025:09:50:35 +0000] "GET /home?page=88 HTTP/1.1" 200 650 "https://google.com" "Mozilla/5.0 (Linux; Android 10)"
198.51.100.17 - - [13/May/2025:03:39:41 +0000] "GET /login?redirect=http://evil.com HTTP/1.1" 403 1715 "-" "Wget/1.20.3 (linux-gnu)"
10.0.0.5 - - [13/May/2025:01:04:56 +0000] "POST /home?page=15 HTTP/1.1" 200 2507 "https://google.com" "Mozilla/5.0 (Windows NT 10.0; Win64; x64)"
10.0.0.5 - - [12/May/2025:21:57:06 +0000] "POST /home?page=48 HTTP/1.1" 200 3935 "https://google.com" "curl/7.68.0"
198.51.100.17 - - [12/May/2025:13:18:23 +0000] "GET /home?page=38 HTTP/1.1" 404 1674 "https://google.com" "Mozilla/5.0 (Linux; Android 10)"
203.0.113.42 - - [12/May/2025:22:26:30 +0000] "POST /home?page=59 HTTP/1.1" 200 3180 "https://google.com" "curl/7.68.0"
172.16.0.3 - - [13/May/2025:02:08:54 +0000] "GET /home?page=60 HTTP/1.1" 404 362 "-" "Wget/1.20.3 (linux-gnu)"
10.0.0.5 - - [12/May/2025:19:38:04 +0000] "GET /home?page=25 HTTP/1.1" 200 1617 "-" "Mozilla/5.0 (Linux; Android 10)"
172.16.0.3 - - [12/May/2025:17:27:11 +0000] "POST /home?page=100 HTTP/1.1" 403 1712 "https://google.com" "curl/7.68.0"
198.51.100.17 - - [13/May/2025:03:41:04 +0000] "GET /?cmd=cat%20/etc/passwd HTTP/1.1" 500 4377 "https://google.com" "Mozilla/5.0 (Linux; Android 10)"
192.168.1.10 - - [12/May/2025:11:19:46 +0000] "POST /home?page=83 HTTP/1.1" 200 3533 "https://google.com" "Wget/1.20.3 (linux-gnu)"
192.168.1.10 - - [12/May/2025:14:46:25 +0000] "GET /home?page=42 HTTP/1.1" 500 2183 "https://google.com" "Mozilla/5.0 (Linux; Android 10)"
10.0.0.5 - - [12/May/2025:14:53:40 +0000] "GET /home?page=57 HTTP/1.1" 404 4732 "https://google.com" "curl/7.68.0"
198.51.100.17 - - [12/May/2025:18:13:22 +0000] "POST /home?page=87 HTTP/1.1" 500 3736 "https://google.com" "Mozilla/5.0 (Windows NT 10.0; Win64; x64)"
198.51.100.17 - - [13/May/2025:05:17:20 +0000] "POST /home?page=75 HTTP/1.1" 301 4586 "-" "Mozilla/5.0 (Linux; Android 10)"
198.51.100.17 - - [13/May/2025:01:25:51 +0000] "POST /home?page=90 HTTP/1.1" 404 4818 "-" "Mozilla/5.0 (Linux; Android 10)"
172.16.0.3 - - [12/May/2025:16:06:03 +0000] "POST /search.php?query=<script>alert('xss')</script> HTTP/1.1" 500 2873 "https://google.com" "curl/7.68.0"
172.16.0.3 - - [12/May/2025:17:20:45 +0000] "POST /search.php?query=<script>alert('xss')</script> HTTP/1.1" 500 4976 "-" "Mozilla/5.0 (Windows NT 10.0; Win64; x64)"
10.0.0.5 - - [12/May/2025:20:40:06 +0000] "GET /home?page=29 HTTP/1.1" 200 2887 "https://google.com" "Mozilla/5.0 (Windows NT 10.0; Win64; x64)"
192.168.1.10 - - [12/May/2025:11:48:26 +0000] "GET /home?page=26 HTTP/1.1" 200 321 "https://google.com" "curl/7.68.0"
198.51.100.17 - - [12/May/2025:22:30:28 +0000] "GET /home?page=88 HTTP/1.1" 301 1439 "https://google.com" "Mozilla/5.0 (Windows NT 10.0; Win64; x64)"
198.51.100.17 - - [13/May/2025:00:23:49 +0000] "POST /home?page=23 HTTP/1.1" 404 736 "-" "curl/7.68.0"
172.16.0.3 - - [12/May/2025:14:03:13 +0000] "POST /home?page=50 HTTP/1.1" 500 1342 "https://google.com" "Mozilla/5.0 (Linux; Android 10)"
172.16.0.3 - - [12/May/2025:14:28:48 +0000] "GET /home?page=68 HTTP/1.1" 404 189 "https://google.com" "Mozilla/5.0 (Linux; Android 10)"
10.0.0.5 - - [12/May/2025:11:46:20 +0000] "GET /home?page=41 HTTP/1.1" 500 351 "https://google.com" "Mozilla/5.0 (Linux; Android 10)"
172.16.0.3 - - [12/May/2025:14:17:33 +0000] "GET /home?page=99 HTTP/1.1" 500 2056 "https://google.com" "curl/7.68.0"
203.0.113.42 - - [13/May/2025:04:31:45 +0000] "POST /search.php?query=<script>alert('xss')</script> HTTP/1.1" 403 3133 "-" "Mozilla/5.0 (Linux; Android 10)"
203.0.113.42 - - [12/May/2025:19:43:07 +0000] "GET /home?page=34 HTTP/1.1" 200 2722 "https://google.com" "curl/7.68.0"
198.51.100.17 - - [13/May/2025:00:38:43 +0000] "GET /home?page=22 HTTP/1.1" 403 909 "-" "Wget/1.20.3 (linux-gnu)"
10.0.0.5 - - [13/May/2025:01:24:07 +0000] "GET /home?page=78 HTTP/1.1" 500 3433 "https://google.com" "curl/7.68.0"
192.168.1.10 - - [13/May/2025:07:46:33 +0000] "GET /home?page=64 HTTP/1.1" 200 873 "-" "curl/7.68.0"
172.16.0.3 - - [13/May/2025:02:18:11 +0000] "GET /home?page=53 HTTP/1.1" 200 4948 "https://google.com" "Mozilla/5.0 (Linux; Android 10)"
192.168.1.10 - - [13/May/2025:02:18:35 +0000] "GET /home?page=12 HTTP/1.1" 301 1018 "-" "Mozilla/5.0 (Windows NT 10.0; Win64; x64)"
192.168.1.10 - - [13/May/2025:03:35:08 +0000] "POST /home?page=3 HTTP/1.1" 301 1145 "https://google.com" "Mozilla/5.0 (Linux; Android 10)"
203.0.113.42 - - [13/May/2025:00:22:52 +0000] "GET /search.php?query=<script>alert('xss')</script> HTTP/1.1" 404 2077 "-" "Mozilla/5.0 (Linux; Android 10)"
172.16.0.3 - - [12/May/2025:12:48:31 +0000] "GET /home?page=30 HTTP/1.1" 403 3186 "-" "Mozilla/5.0 (Linux; Android 10)"
10.0.0.5 - - [13/May/2025:02:08:02 +0000] "GET /home?page=19 HTTP/1.1" 403 4388 "https://google.com" "curl/7.68.0"
192.168.1.10 - - [12/May/2025:10:59:24 +0000] "POST /home?page=63 HTTP/1.1" 200 2324 "-" "curl/7.68.0"
203.0.113.42 - - [12/May/2025:09:35:51 +0000] "POST /home?page=48 HTTP/1.1" 404 4031 "https://google.com" "Mozilla/5.0 (Linux; Android 10)"
192.168.1.10 - - [13/May/2025:00:31:11 +0000] "POST /home?page=92 HTTP/1.1" 200 1228 "-" "Mozilla/5.0 (Windows NT 10.0; Win64; x64)"
203.0.113.42 - - [12/May/2025:17:50:03 +0000] "POST /../../../../etc/passwd HTTP/1.1" 500 722 "https://google.com" "curl/7.68.0"
10.0.0.5 - - [12/May/2025:11:02:59 +0000] "POST /../../../../etc/passwd HTTP/1.1" 500 1376 "https://google.com" "Mozilla/5.0 (Windows NT 10.0; Win64; x64)"
10.0.0.5 - - [12/May/2025:17:17:17 +0000] "GET /home?page=94 HTTP/1.1" 404 2818 "https://google.com" "Wget/1.20.3 (linux-gnu)"
10.0.0.5 - - [12/May/2025:11:21:03 +0000] "GET /home?page=82 HTTP/1.1" 403 2550 "-" "curl/7.68.0"
10.0.0.5 - - [12/May/2025:19:01:34 +0000] "GET /home?page=18 HTTP/1.1" 403 902 "-" "Mozilla/5.0 (Windows NT 10.0; Win64; x64)"
192.168.1.10 - - [12/May/2025:19:32:07 +0000] "GET /search.php?query=<script>alert('xss')</script> HTTP/1.1" 500 2341 "https://google.com" "Mozilla/5.0 (Windows NT 10.0; Win64; x64)"
192.168.1.10 - - [12/May/2025:10:27:26 +0000] "GET /search.php?query=<script>alert('xss')</script> HTTP/1.1" 404 4782 "https://google.com" "curl/7.68.0"
10.0.0.5 - - [13/May/2025:02:35:03 +0000] "GET /home?page=49 HTTP/1.1" 500 4873 "https://google.com" "Mozilla/5.0 (Linux; Android 10)"
10.0.0.5 - - [12/May/2025:12:00:01 +0000] "GET /home?page=26 HTTP/1.1" 404 2954 "-" "Mozilla/5.0 (Windows NT 10.0; Win64; x64)"
203.0.113.42 - - [12/May/2025:14:11:19 +0000] "POST /home?page=50 HTTP/1.1" 404 1365 "https://google.com" "Wget/1.20.3 (linux-gnu)"
198.51.100.17 - - [13/May/2025:06:18:12 +0000] "GET /home?page=78 HTTP/1.1" 404 3121 "https://google.com" "Mozilla/5.0 (Windows NT 10.0; Win64; x64)"
198.51.100.17 - - [12/May/2025:20:49:04 +0000] "GET /home?page=94 HTTP/1.1" 301 3319 "https://google.com" "Mozilla/5.0 (Windows NT 10.0; Win64; x64)"
192.168.1.10 - - [13/May/2025:07:26:09 +0000] "GET /home?page=89 HTTP/1.1" 404 4378 "-" "Mozilla/5.0 (Linux; Android 10)"
10.0.0.5 - - [12/May/2025:18:06:29 +0000] "GET /home?page=95 HTTP/1.1" 403 3839 "https://google.com" "curl/7.68.0"
192.168.1.10 - - [12/May/2025:15:13:40 +0000] "POST /page.html?param=../../../../boot.ini HTTP/1.1" 403 4848 "https://google.com" "curl/7.68.0"
198.51.100.17 - - [12/May/2025:22:07:17 +0000] "GET /page.html?param=../../../../boot.ini HTTP/1.1" 403 3824 "-" "curl/7.68.0"
192.168.1.10 - - [12/May/2025:19:21:41 +0000] "POST /home?page=26 HTTP/1.1" 200 1780 "https://google.com" "Mozilla/5.0 (Windows NT 10.0; Win64; x64)"
172.16.0.3 - - [12/May/2025:23:21:58 +0000] "POST /search.php?query=<script>alert('xss')</script> HTTP/1.1" 500 2448 "https://google.com" "Mozilla/5.0 (Linux; Android 10)"
192.168.1.10 - - [12/May/2025:21:03:44 +0000] "GET /home?page=65 HTTP/1.1" 301 1345 "https://google.com" "Wget/1.20.3 (linux-gnu)"
10.0.0.5 - - [13/May/2025:06:33:05 +0000] "POST /home?page=37 HTTP/1.1" 404 3349 "https://google.com" "Mozilla/5.0 (Linux; Android 10)"
10.0.0.5 - - [13/May/2025:04:51:36 +0000] "GET /home?page=52 HTTP/1.1" 301 3751 "-" "Wget/1.20.3 (linux-gnu)"
172.16.0.3 - - [12/May/2025:10:17:36 +0000] "GET /home?page=87 HTTP/1.1" 500 3035 "https://google.com" "curl/7.68.0"
198.51.100.17 - - [12/May/2025:19:34:48 +0000] "GET /home?page=68 HTTP/1.1" 404 397 "https://google.com" "Mozilla/5.0 (Linux; Android 10)"
203.0.113.42 - - [12/May/2025:15:35:18 +0000] "POST /home?page=63 HTTP/1.1" 403 2615 "-" "Wget/1.20.3 (linux-gnu)"
172.16.0.3 - - [13/May/2025:04:36:55 +0000] "POST /home?page=18 HTTP/1.1" 404 480 "-" "Wget/1.20.3 (linux-gnu)"
192.168.1.10 - - [12/May/2025:12:58:58 +0000] "POST /home?page=38 HTTP/1.1" 403 3298 "-" "curl/7.68.0"
203.0.113.42 - - [12/May/2025:08:39:54 +0000] "POST /home?page=22 HTTP/1.1" 404 4388 "https://google.com" "curl/7.68.0"
198.51.100.17 - - [13/May/2025:00:23:28 +0000] "GET /home?page=15 HTTP/1.1" 404 858 "https://google.com" "curl/7.68.0"
172.16.0.3 - - [12/May/2025:12:05:22 +0000] "GET /home?page=43 HTTP/1.1" 200 4030 "-" "Wget/1.20.3 (linux-gnu)"
203.0.113.42 - - [12/May/2025:11:02:35 +0000] "POST /home?page=43 HTTP/1.1" 500 1417 "-" "Mozilla/5.0 (Linux; Android 10)"
198.51.100.17 - - [13/May/2025:06:50:37 +0000] "GET /home?page=97 HTTP/1.1" 200 1639 "-" "Mozilla/5.0 (Windows NT 10.0; Win64; x64)"
192.168.1.10 - - [12/May/2025:09:09:56 +0000] "GET /?q=%3Cscript%3Ealert(1)%3C%2Fscript%3E HTTP/1.1" 403 1460 "-" "curl/7.68.0"
172.16.0.3 - - [12/May/2025:18:28:25 +0000] "POST /home?page=62 HTTP/1.1" 301 3864 "-" "curl/7.68.0"
198.51.100.17 - - [12/May/2025:10:41:39 +0000] "GET /?q=%3Cscript%3Ealert(1)%3C%2Fscript%3E HTTP/1.1" 301 625 "https://google.com" "Wget/1.20.3 (linux-gnu)"
192.168.1.10 - - [12/May/2025:21:15:20 +0000] "POST /?cmd=cat%20/etc/passwd HTTP/1.1" 200 2776 "-" "Wget/1.20.3 (linux-gnu)"
198.51.100.17 - - [12/May/2025:16:05:23 +0000] "GET /home?page=12 HTTP/1.1" 301 2039 "https://google.com" "Mozilla/5.0 (Linux; Android 10)"
172.16.0.3 - - [12/May/2025:22:44:30 +0000] "GET /home?page=86 HTTP/1.1" 200 368 "https://google.com" "Mozilla/5.0 (Windows NT 10.0; Win64; x64)"
172.16.0.3 - - [13/May/2025:02:28:01 +0000] "POST /home?page=60 HTTP/1.1" 404 2849 "-" "Mozilla/5.0 (Windows NT 10.0; Win64; x64)"
172.16.0.3 - - [12/May/2025:18:08:52 +0000] "GET /home?page=12 HTTP/1.1" 500 395 "-" "Mozilla/5.0 (Linux; Android 10)"
172.16.0.3 - - [12/May/2025:21:32:04 +0000] "GET /search.php?query=<script>alert('xss')</script> HTTP/1.1" 404 611 "https://google.com" "Wget/1.20.3 (linux-gnu)"
192.168.1.10 - - [12/May/2025:20:24:48 +0000] "GET /admin.php?user=admin'-- HTTP/1.1" 404 2988 "-" "Wget/1.20.3 (linux-gnu)"
203.0.113.42 - - [12/May/2025:08:45:31 +0000] "POST /?q=%3Cscript%3Ealert(1)%3C%2Fscript%3E HTTP/1.1" 301 2388 "https://google.com" "curl/7.68.0"
192.168.1.10 - - [12/May/2025:15:42:39 +0000] "POST /home?page=14 HTTP/1.1" 301 1169 "https://google.com" "Wget/1.20.3 (linux-gnu)"
198.51.100.17 - - [12/May/2025:08:56:22 +0000] "POST /home?page=83 HTTP/1.1" 500 3165 "-" "Mozilla/5.0 (Linux; Android 10)"
10.0.0.5 - - [13/May/2025:01:50:54 +0000] "GET /home?page=82 HTTP/1.1" 403 4764 "-" "Wget/1.20.3 (linux-gnu)"
203.0.113.42 - - [12/May/2025:10:16:37 +0000] "POST /admin.php?user=admin'-- HTTP/1.1" 404 1644 "-" "curl/7.68.0"
203.0.113.42 - - [12/May/2025:22:16:53 +0000] "GET /home?page=49 HTTP/1.1" 200 2639 "-" "Wget/1.20.3 (linux-gnu)"
203.0.113.42 - - [12/May/2025:09:28:30 +0000] "GET /home?page=50 HTTP/1.1" 301 4179 "-" "curl/7.68.0"
10.0.0.5 - - [13/May/2025:06:08:52 +0000] "POST /home?page=39 HTTP/1.1" 500 4800 "-" "Mozilla/5.0 (Linux; Android 10)"
192.168.1.10 - - [12/May/2025:20:39:10 +0000] "GET /home?page=15 HTTP/1.1" 301 3025 "https://google.com" "Mozilla/5.0 (Linux; Android 10)"
192.168.1.10 - - [13/May/2025:07:02:13 +0000] "POST /home?page=40 HTTP/1.1" 200 2216 "-" "Wget/1.20.3 (linux-gnu)"
203.0.113.42 - - [12/May/2025:21:14:42 +0000] "POST /page.html?param=../../../../boot.ini HTTP/1.1" 200 4218 "-" "Wget/1.20.3 (linux-gnu)"
203.0.113.42 - - [13/May/2025:00:11:05 +0000] "GET /home?page=60 HTTP/1.1" 500 4649 "-" "Wget/1.20.3 (linux-gnu)"
203.0.113.42 - - [12/May/2025:21:14:59 +0000] "GET /index.php?id=1' OR '1'='1 HTTP/1.1" 404 2576 "-" "Mozilla/5.0 (Linux; Android 10)"
172.16.0.3 - - [12/May/2025:13:59:30 +0000] "POST /home?page=57 HTTP/1.1" 500 4993 "-" "Mozilla/5.0 (Windows NT 10.0; Win64; x64)"
198.51.100.17 - - [13/May/2025:04:40:07 +0000] "POST /home?page=6 HTTP/1.1" 200 4012 "-" "Wget/1.20.3 (linux-gnu)"
10.0.0.5 - - [13/May/2025:07:41:49 +0000] "POST /home?page=3 HTTP/1.1" 301 2663 "-" "curl/7.68.0"
192.168.1.10 - - [12/May/2025:22:10:42 +0000] "POST /home?page=77 HTTP/1.1" 200 4571 "https://google.com" "Mozilla/5.0 (Windows NT 10.0; Win64; x64)"
198.51.100.17 - - [12/May/2025:10:34:55 +0000] "GET /api/user?name=admin; DROP TABLE users; HTTP/1.1" 200 1378 "https://google.com" "Mozilla/5.0 (Linux; Android 10)"
10.0.0.5 - - [13/May/2025:01:11:19 +0000] "GET /home?page=61 HTTP/1.1" 403 377 "https://google.com" "Mozilla/5.0 (Linux; Android 10)"
172.16.0.3 - - [13/May/2025:06:43:45 +0000] "GET /home?page=6 HTTP/1.1" 404 2078 "https://google.com" "Mozilla/5.0 (Linux; Android 10)"
192.168.1.10 - - [13/May/2025:04:15:15 +0000] "GET /admin.php?user=admin'-- HTTP/1.1" 200 830 "-" "Mozilla/5.0 (Linux; Android 10)"
172.16.0.3 - - [12/May/2025:10:03:45 +0000] "POST /home?page=72 HTTP/1.1" 301 1003 "-" "Mozilla/5.0 (Linux; Android 10)"
192.168.1.10 - - [12/May/2025:12:42:12 +0000] "GET /home?page=49 HTTP/1.1" 301 2959 "https://google.com" "curl/7.68.0"
203.0.113.42 - - [12/May/2025:20:38:07 +0000] "POST /login?redirect=http://evil.com HTTP/1.1" 500 113 "https://google.com" "Wget/1.20.3 (linux-gnu)"
198.51.100.17 - - [13/May/2025:06:39:36 +0000] "GET /home?page=14 HTTP/1.1" 404 4846 "https://google.com" "Wget/1.20.3 (linux-gnu)"
10.0.0.5 - - [13/May/2025:06:20:19 +0000] "GET /home?page=99 HTTP/1.1" 404 4955 "https://google.com" "Wget/1.20.3 (linux-gnu)"
172.16.0.3 - - [12/May/2025:17:23:37 +0000] "POST /home?page=72 HTTP/1.1" 301 3621 "-" "curl/7.68.0"
192.168.1.10 - - [13/May/2025:02:58:39 +0000] "GET /home?page=95 HTTP/1.1" 404 408 "https://google.com" "Wget/1.20.3 (linux-gnu)"
198.51.100.17 - - [13/May/2025:01:32:00 +0000] "GET /home?page=42 HTTP/1.1" 500 3096 "-" "Wget/1.20.3 (linux-gnu)"
203.0.113.42 - - [12/May/2025:20:11:44 +0000] "GET /home?page=36 HTTP/1.1" 301 2812 "https://google.com" "Wget/1.20.3 (linux-gnu)"
172.16.0.3 - - [12/May/2025:17:16:56 +0000] "GET /home?page=61 HTTP/1.1" 301 1997 "-" "curl/7.68.0"
198.51.100.17 - - [13/May/2025:02:14:41 +0000] "POST /?q=%3Cscript%3Ealert(1)%3C%2Fscript%3E HTTP/1.1" 404 4782 "-" "curl/7.68.0"
172.16.0.3 - - [13/May/2025:01:16:07 +0000] "GET /index.php?id=1' OR '1'='1 HTTP/1.1" 403 1863 "https://google.com" "Mozilla/5.0 (Linux; Android 10)"
10.0.0.5 - - [13/May/2025:04:28:00 +0000] "GET /home?page=78 HTTP/1.1" 404 3980 "https://google.com" "Mozilla/5.0 (Linux; Android 10)"
192.168.1.10 - - [12/May/2025:17:33:05 +0000] "POST /../../../../etc/passwd HTTP/1.1" 403 1842 "-" "Wget/1.20.3 (linux-gnu)"
10.0.0.5 - - [13/May/2025:08:02:37 +0000] "POST /login?redirect=http://evil.com HTTP/1.1" 404 2976 "-" "curl/7.68.0"
203.0.113.42 - - [13/May/2025:01:34:02 +0000] "GET /home?page=83 HTTP/1.1" 301 3155 "-" "curl/7.68.0"
192.168.1.10 - - [12/May/2025:21:27:36 +0000] "GET /home?page=7 HTTP/1.1" 404 784 "-" "Mozilla/5.0 (Windows NT 10.0; Win64; x64)"
198.51.100.17 - - [12/May/2025:21:07:47 +0000] "GET /home?page=25 HTTP/1.1" 403 876 "https://google.com" "Mozilla/5.0 (Windows NT 10.0; Win64; x64)"
192.168.1.10 - - [12/May/2025:16:12:58 +0000] "POST /home?page=9 HTTP/1.1" 404 1968 "-" "curl/7.68.0"
198.51.100.17 - - [13/May/2025:03:58:49 +0000] "GET /home?page=84 HTTP/1.1" 404 1140 "https://google.com" "Mozilla/5.0 (Windows NT 10.0; Win64; x64)"
203.0.113.42 - - [12/May/2025:17:20:19 +0000] "GET /index.php?id=1' OR '1'='1 HTTP/1.1" 301 2175 "https://google.com" "Mozilla/5.0 (Linux; Android 10)"
203.0.113.42 - - [13/May/2025:06:12:44 +0000] "GET /index.php?id=1' OR '1'='1 HTTP/1.1" 404 815 "https://google.com" "Mozilla/5.0 (Linux; Android 10)"
198.51.100.17 - - [12/May/2025:23:30:47 +0000] "POST /home?page=78 HTTP/1.1" 403 3393 "-" "Mozilla/5.0 (Linux; Android 10)"
192.168.1.10 - - [12/May/2025:21:54:38 +0000] "POST /home?page=13 HTTP/1.1" 500 2748 "https://google.com" "Mozilla/5.0 (Windows NT 10.0; Win64; x64)"
203.0.113.42 - - [13/May/2025:08:25:08 +0000] "POST /home?page=8 HTTP/1.1" 404 2825 "https://google.com" "Mozilla/5.0 (Windows NT 10.0; Win64; x64)"
203.0.113.42 - - [12/May/2025:16:27:25 +0000] "POST /admin.php?user=admin'-- HTTP/1.1" 403 1458 "https://google.com" "Mozilla/5.0 (Windows NT 10.0; Win64; x64)"
203.0.113.42 - - [12/May/2025:23:52:10 +0000] "GET /login?redirect=http://evil.com HTTP/1.1" 200 2653 "-" "Wget/1.20.3 (linux-gnu)"
10.0.0.5 - - [12/May/2025:19:41:52 +0000] "GET /home?page=16 HTTP/1.1" 404 969 "https://google.com" "Wget/1.20.3 (linux-gnu)"
10.0.0.5 - - [13/May/2025:05:42:59 +0000] "POST /home?page=51 HTTP/1.1" 200 4492 "-" "curl/7.68.0"
192.168.1.10 - - [12/May/2025:11:05:22 +0000] "GET /home?page=8 HTTP/1.1" 200 2209 "https://google.com" "Wget/1.20.3 (linux-gnu)"
172.16.0.3 - - [12/May/2025:23:40:00 +0000] "POST /home?page=58 HTTP/1.1" 404 4307 "-" "curl/7.68.0"
198.51.100.17 - - [12/May/2025:10:51:14 +0000] "GET /login?redirect=http://evil.com HTTP/1.1" 500 4679 "https://google.com" "curl/7.68.0"
198.51.100.17 - - [13/May/2025:06:46:52 +0000] "GET /home?page=80 HTTP/1.1" 500 3900 "https://google.com" "Mozilla/5.0 (Linux; Android 10)"
192.168.1.10 - - [12/May/2025:12:21:10 +0000] "GET /login?redirect=http://evil.com HTTP/1.1" 500 1937 "-" "Mozilla/5.0 (Linux; Android 10)"
203.0.113.42 - - [12/May/2025:09:15:19 +0000] "POST /?q=%3Cscript%3Ealert(1)%3C%2Fscript%3E HTTP/1.1" 403 3313 "https://google.com" "Mozilla/5.0 (Linux; Android 10)"
203.0.113.42 - - [13/May/2025:07:30:17 +0000] "POST /home?page=95 HTTP/1.1" 200 2337 "-" "Mozilla/5.0 (Windows NT 10.0; Win64; x64)"
10.0.0.5 - - [12/May/2025:14:25:59 +0000] "GET /home?page=45 HTTP/1.1" 200 714 "-" "curl/7.68.0"
192.168.1.10 - - [13/May/2025:07:30:59 +0000] "GET /home?page=79 HTTP/1.1" 500 4143 "-" "Mozilla/5.0 (Windows NT 10.0; Win64; x64)"
192.168.1.10 - - [12/May/2025:08:48:55 +0000] "POST /home?page=66 HTTP/1.1" 301 1426 "-" "curl/7.68.0"
198.51.100.17 - - [13/May/2025:07:42:43 +0000] "POST /home?page=54 HTTP/1.1" 301 961 "-" "curl/7.68.0"
172.16.0.3 - - [12/May/2025:11:50:24 +0000] "POST /search.php?query=<script>alert('xss')</script> HTTP/1.1" 200 164 "https://google.com" "Mozilla/5.0 (Linux; Android 10)"
203.0.113.42 - - [12/May/2025:17:46:45 +0000] "GET /login?redirect=http://evil.com HTTP/1.1" 301 163 "-" "Mozilla/5.0 (Linux; Android 10)"
192.168.1.10 - - [12/May/2025:10:08:42 +0000] "POST /home?page=71 HTTP/1.1" 403 3846 "https://google.com" "Mozilla/5.0 (Linux; Android 10)"
198.51.100.17 - - [12/May/2025:13:24:34 +0000] "POST /home?page=68 HTTP/1.1" 403 2163 "-" "Wget/1.20.3 (linux-gnu)"
192.168.1.10 - - [13/May/2025:00:40:29 +0000] "POST /api/user?name=admin; DROP TABLE users; HTTP/1.1" 403 1764 "-" "curl/7.68.0"
172.16.0.3 - - [12/May/2025:19:37:48 +0000] "GET /home?page=65 HTTP/1.1" 404 3757 "https://google.com" "Mozilla/5.0 (Linux; Android 10)"
172.16.0.3 - - [12/May/2025:17:44:34 +0000] "POST /home?page=70 HTTP/1.1" 301 3513 "https://google.com" "curl/7.68.0"
192.168.1.10 - - [13/May/2025:01:42:10 +0000] "GET /home?page=18 HTTP/1.1" 200 1414 "-" "Mozilla/5.0 (Linux; Android 10)"
10.0.0.5 - - [13/May/2025:02:13:29 +0000] "GET /home?page=22 HTTP/1.1" 500 1004 "https://google.com" "Wget/1.20.3 (linux-gnu)"
10.0.0.5 - - [13/May/2025:07:32:07 +0000] "GET /../../../../etc/passwd HTTP/1.1" 403 1254 "-" "Wget/1.20.3 (linux-gnu)"
203.0.113.42 - - [13/May/2025:06:51:16 +0000] "GET /home?page=34 HTTP/1.1" 403 1272 "-" "Wget/1.20.3 (linux-gnu)"
192.168.1.10 - - [13/May/2025:03:48:16 +0000] "GET /api/user?name=admin; DROP TABLE users; HTTP/1.1" 500 1474 "https://google.com" "Mozilla/5.0 (Linux; Android 10)"
