192.168.1.10 - - [13/May/2025:08:28:36 +0000] "GET /home?page=10 HTTP/1.1" 301 696 "https://google.com" "Mozilla/5.0 (Windows NT 10.0; Win64; x64)"
198.51.100.17 - - [12/May/2025:19:34:16 +0000] "GET /home?page=39 HTTP/1.1" 500 300 "https://google.com" "Wget/1.20.3 (linux-gnu)"
10.0.0.5 - - [13/May/2025:01:23:07 +0000] "GET /home?page=83 HTTP/1.1" 404 1646 "https://google.com" "Wget/1.20.3 (linux-gnu)"
10.0.0.5 - - [12/May/2025:12:51:40 +0000] "GET /../../../../etc/passwd HTTP/1.1" 404 2841 "-" "curl/7.68.0"
172.16.0.3 - - [13/May/2025:04:26:02 +0000] "POST /home?page=55 HTTP/1.1" 301 369 "https://google.com" "Mozilla/5.0 (Windows NT 10.0; Win64; x64)"
203.0.113.42 - - [12/May/2025:15:03:33 +0000] "GET /home?page=99 HTTP/1.1" 500 778 "-" "curl/7.68.0"
203.0.113.42 - - [12/May/2025:10:22:45 +0000] "POST /home?page=100 HTTP/1.1" 500 887 "-" "Wget/1.20.3 (linux-gnu)"
198.51.100.17 - - [12/May/2025:23:12:38 +0000] "POST /home?page=8 HTTP/1.1" 200 4631 "https://google.com" "curl/7.68.0"
10.0.0.5 - - [12/May/2025:10:28:41 +0000] "POST /home?page=31 HTTP/1.1" 500 4961 "https://google.com" "Mozilla/5.0 (Windows NT 10.0; Win64; x64)"
10.0.0.5 - - [12/May/2025:14:42:16 +0000] "POST /home?page=90 HTTP/1.1" 301 3779 "https://google.com" "curl/7.68.0"
192.168.1.10 - - [13/May/2025:03:16:50 +0000] "POST /home?page=21 HTTP/1.1" 200 4156 "https://google.com" "Mozilla/5.0 (Linux; Android 10)"
172.16.0.3 - - [12/May/2025:22:27:55 +0000] "POST /page.html?param=../../../../boot.ini HTTP/1.1" 200 1403 "-" "Mozilla/5.0 (Linux; Android 10)"
203.0.113.42 - - [12/May/2025:21:30:43 +0000] "POST /home?page=87 HTTP/1.1" 403 853 "-" "curl/7.68.0"
203.0.113.42 - - [13/May/2025:02:04:09 +0000] "POST /index.php?id=1' OR '1'='1 HTTP/1.1" 404 427 "https://google.com" "curl/7.68.0"
10.0.0.5 - - [13/May/2025:06:23:26 +0000] "POST /home?page=4 HTTP/1.1" 403 1030 "https://google.com" "Mozilla/5.0 (Windows NT 10.0; Win64; x64)"
203.0.113.42 - - [13/May/2025:06:15:17 +0000] "GET /home?page=60 HTTP/1.1" 200 814 "https://google.com" "Mozilla/5.0 (Linux; Android 10)"
198.51.100.17 - - [12/May/2025:10:56:58 +0000] "POST /home?page=10 HTTP/1.1" 404 2035 "-" "Mozilla/5.0 (Linux; Android 10)"
192.168.1.10 - - [12/May/2025:11:54:37 +0000] "GET /home?page=21 HTTP/1.1" 500 4799 "-" "Wget/1.20.3 (linux-gnu)"
198.51.100.17 - - [13/May/2025:06:14:53 +0000] "GET /?cmd=cat%20/etc/passwd HTTP/1.1" 404 3014 "-" "curl/7.68.0"
172.16.0.3 - - [12/May/2025:10:57:23 +0000] "GET /search.php?query=<script>alert('xss')</script> HTTP/1.1" 403 1131 "-" "Mozilla/5.0 (Linux; Android 10)"
198.51.100.17 - - [12/May/2025:16:15:43 +0000] "GET /home?page=48 HTTP/1.1" 301 2675 "https://google.com" "Mozilla/5.0 (Linux; Android 10)"
192.168.1.10 - - [13/May/2025:06:21:58 +0000] "POST /admin.php?user=admin'-- HTTP/1.1" 404 2899 "https://google.com" "Mozilla/5.0 (Linux; Android 10)"
192.168.1.10 - - [13/May/2025:01:03:17 +0000] "POST /home?page=13 HTTP/1.1" 200 2164 "https://google.com" "Mozilla/5.0 (Linux; Android 10)"
10.0.0.5 - - [13/May/2025:03:22:59 +0000] "POST /api/user?name=admin; DROP TABLE users; HTTP/1.1" 200 2214 "https://google.com" "Mozilla/5.0 (Linux; Android 10)"
192.168.1.10 - - [12/May/2025:10:18:13 +0000] "GET /home?page=6 HTTP/1.1" 500 2329 "https://google.com" "curl/7.68.0"
172.16.0.3 - - [13/May/2025:01:27:55 +0000] "POST /home?page=88 HTTP/1.1" 500 4773 "-" "Wget/1.20.3 (linux-gnu)"
10.0.0.5 - - [12/May/2025:14:56:24 +0000] "GET /home?page=7 HTTP/1.1" 403 3418 "https://google.com" "Wget/1.20.3 (linux-gnu)"
10.0.0.5 - - [12/May/2025:16:30:26 +0000] "POST /home?page=94 HTTP/1.1" 200 3730 "https://google.com" "Wget/1.20.3 (linux-gnu)"
172.16.0.3 - - [13/May/2025:00:50:19 +0000] "POST /home?page=1 HTTP/1.1" 404 343 "-" "Wget/1.20.3 (linux-gnu)"
172.16.0.3 - - [13/May/2025:07:14:49 +0000] "POST /?q=%3Cscript%3Ealert(1)%3C%2Fscript%3E HTTP/1.1" 301 3974 "-" "curl/7.68.0"
172.16.0.3 - - [13/May/2025:00:27:32 +0000] "GET /home?page=97 HTTP/1.1" 500 1599 "https://google.com" "Wget/1.20.3 (linux-gnu)"
203.0.113.42 - - [12/May/2025:19:19:39 +0000] "POST /home?page=94 HTTP/1.1" 500 3898 "https://google.com" "Mozilla/5.0 (Windows NT 10.0; Win64; x64)"
172.16.0.3 - - [12/May/2025:16:24:32 +0000] "GET /home?page=97 HTTP/1.1" 200 4260 "-" "Wget/1.20.3 (linux-gnu)"
192.168.1.10 - - [13/May/2025:02:46:04 +0000] "GET /login?redirect=http://evil.com HTTP/1.1" 500 2467 "https://google.com" "Mozilla/5.0 (Windows NT 10.0; Win64; x64)"
172.16.0.3 - - [13/May/2025:00:20:33 +0000] "POST /home?page=24 HTTP/1.1" 500 1858 "https://google.com" "Wget/1.20.3 (linux-gnu)"
198.51.100.17 - - [13/May/2025:07:10:58 +0000] "POST /home?page=3 HTTP/1.1" 200 669 "https://google.com" "Wget/1.20.3 (linux-gnu)"
198.51.100.17 - - [13/May/2025:03:45:33 +0000] "POST /home?page=58 HTTP/1.1" 404 2700 "-" "curl/7.68.0"
172.16.0.3 - - [12/May/2025:19:29:58 +0000] "GET /home?page=56 HTTP/1.1" 200 3284 "-" "Wget/1.20.3 (linux-gnu)"
172.16.0.3 - - [12/May/2025:09:33:40 +0000] "POST /home?page=32 HTTP/1.1" 403 4528 "https://google.com" "Wget/1.20.3 (linux-gnu)"
203.0.113.42 - - [12/May/2025:21:19:29 +0000] "GET /admin.php?user=admin'-- HTTP/1.1" 200 1950 "-" "curl/7.68.0"
10.0.0.5 - - [13/May/2025:05:05:45 +0000] "POST /home?page=83 HTTP/1.1" 301 1916 "-" "Wget/1.20.3 (linux-gnu)"
10.0.0.5 - - [12/May/2025:14:21:53 +0000] "GET /home?page=11 HTTP/1.1" 403 114 "-" "curl/7.68.0"
192.168.1.10 - - [12/May/2025:12:16:37 +0000] "GET /home?page=76 HTTP/1.1" 403 4343 "https://google.com" "Mozilla/5.0 (Windows NT 10.0; Win64; x64)"
10.0.0.5 - - [13/May/2025:02:27:19 +0000] "GET /../../../../etc/passwd HTTP/1.1" 200 965 "https://google.com" "Wget/1.20.3 (linux-gnu)"
198.51.100.17 - - [13/May/2025:01:35:35 +0000] "GET /../../../../etc/passwd HTTP/1.1" 500 859 "-" "curl/7.68.0"
198.51.100.17 - - [12/May/2025:09:57:44 +0000] "GET /home?page=75 HTTP/1.1" 403 4621 "-" "curl/7.68.0"
10.0.0.5 - - [12/May/2025:16:46:53 +0000] "POST /home?page=37 HTTP/1.1" 301 1450 "https://google.com" "Mozilla/5.0 (Linux; Android 10)"
172.16.0.3 - - [13/May/2025:08:31:40 +0000] "POST /home?page=16 HTTP/1.1" 500 3502 "https://google.com" "Wget/1.20.3 (linux-gnu)"
192.168.1.10 - - [13/May/2025:04:59:08 +0000] "POST /home?page=72 HTTP/1.1" 500 4399 "-" "curl/7.68.0"
203.0.113.42 - - [12/May/2025:14:56:56 +0000] "GET /home?page=46 HTTP/1.1" 301 4212 "https://google.com" "curl/7.68.0"
172.16.0.3 - - [13/May/2025:06:02:40 +0000] "GET /api/user?name=admin; DROP TABLE users; HTTP/1.1" 301 2810 "-" "curl/7.68.0"
192.168.1.10 - - [12/May/2025:15:23:39 +0000] "GET /home?page=72 HTTP/1.1" 301 2164 "https://google.com" "Mozilla/5.0 (Linux; Android 10)"
10.0.0.5 - - [13/May/2025:01:24:22 +0000] "GET /home?page=100 HTTP/1.1" 301 2428 "https://google.com" "Mozilla/5.0 (Windows NT 10.0; Win64; x64)"
10.0.0.5 - - [12/May/2025:23:05:50 +0000] "POST /admin.php?user=admin'-- HTTP/1.1" 200 1558 "-" "curl/7.68.0"
192.168.1.10 - - [12/May/2025:19:18:15 +0000] "POST /api/user?name=admin; DROP TABLE users; HTTP/1.1" 500 475 "https://google.com" "Mozilla/5.0 (Linux; Android 10)"
198.51.100.17 - - [13/May/2025:06:48:53 +0000] "POST /search.php?query=<script>alert('xss')</script> HTTP/1.1" 200 4060 "-" "curl/7.68.0"
10.0.0.5 - - [13/May/2025:02:21:46 +0000] "POST /home?page=70 HTTP/1.1" 403 2806 "https://google.com" "curl/7.68.0"
192.168.1.10 - - [13/May/2025:06:49:47 +0000] "GET /home?page=58 HTTP/1.1" 500 3488 "https://google.com" "Mozilla/5.0 (Linux; Android 10)"
198.51.100.17 - - [12/May/2025:22:18:59 +0000] "GET /home?page=96 HTTP/1.1" 301 684 "https://google.com" "Mozilla/5.0 (Linux; Android 10)"
198.51.100.17 - - [12/May/2025:15:45:26 +0000] "GET /home?page=70 HTTP/1.1" 200 3677 "https://google.com" "Mozilla/5.0 (Windows NT 10.0; Win64; x64)"
172.16.0.3 - - [12/May/2025:23:02:42 +0000] "GET /home?page=77 HTTP/1.1" 301 2333 "https://google.com" "Mozilla/5.0 (Windows NT 10.0; Win64; x64)"
172.16.0.3 - - [13/May/2025:08:07:03 +0000] "POST /home?page=10 HTTP/1.1" 301 785 "https://google.com" "Mozilla/5.0 (Windows NT 10.0; Win64; x64)"
203.0.113.42 - - [12/May/2025:22:51:46 +0000] "GET /home?page=75 HTTP/1.1" 200 3513 "-" "Wget/1.20.3 (linux-gnu)"
203.0.113.42 - - [13/May/2025:04:48:58 +0000] "GET /index.php?id=1' OR '1'='1 HTTP/1.1" 200 3692 "https://google.com" "Mozilla/5.0 (Linux; Android 10)"
10.0.0.5 - - [12/May/2025:16:30:13 +0000] "POST /admin.php?user=admin'-- HTTP/1.1" 200 4024 "-" "Mozilla/5.0 (Windows NT 10.0; Win64; x64)"
192.168.1.10 - - [13/May/2025:02:12:38 +0000] "POST /../../../../etc/passwd HTTP/1.1" 301 4768 "-" "Mozilla/5.0 (Windows NT 10.0; Win64; x64)"
10.0.0.5 - - [13/May/2025:07:31:35 +0000] "POST /?cmd=cat%20/etc/passwd HTTP/1.1" 500 2390 "https://google.com" "Wget/1.20.3 (linux-gnu)"
198.51.100.17 - - [13/May/2025:00:45:20 +0000] "GET /home?page=12 HTTP/1.1" 301 2403 "https://google.com" "Mozilla/5.0 (Linux; Android 10)"
172.16.0.3 - - [13/May/2025:06:57:55 +0000] "POST /home?page=90 HTTP/1.1" 403 1510 "https://google.com" "Wget/1.20.3 (linux-gnu)"
203.0.113.42 - - [12/May/2025:08:59:55 +0000] "POST /search.php?query=<script>alert('xss')</script> HTTP/1.1" 301 3874 "https://google.com" "Mozilla/5.0 (Windows NT 10.0; Win64; x64)"
198.51.100.17 - - [12/May/2025:23:43:59 +0000] "GET /home?page=87 HTTP/1.1" 200 475 "-" "Mozilla/5.0 (Windows NT 10.0; Win64; x64)"
10.0.0.5 - - [13/May/2025:03:27:26 +0000] "GET /home?page=84 HTTP/1.1" 500 548 "https://google.com" "Mozilla/5.0 (Linux; Android 10)"
10.0.0.5 - - [13/May/2025:02:08:29 +0000] "GET /../../../../etc/passwd HTTP/1.1" 403 2358 "https://google.com" "Mozilla/5.0 (Windows NT 10.0; Win64; x64)"
10.0.0.5 - - [12/May/2025:08:54:59 +0000] "GET /home?page=84 HTTP/1.1" 404 660 "-" "Wget/1.20.3 (linux-gnu)"
10.0.0.5 - - [12/May/2025:14:00:01 +0000] "POST /home?page=42 HTTP/1.1" 301 137 "https://google.com" "Mozilla/5.0 (Linux; Android 10)"
10.0.0.5 - - [13/May/2025:06:09:08 +0000] "POST /?q=%3Cscript%3Ealert(1)%3C%2Fscript%3E HTTP/1.1" 403 4793 "https://google.com" "Wget/1.20.3 (linux-gnu)"
203.0.113.42 - - [13/May/2025:04:01:55 +0000] "GET /home?page=24 HTTP/1.1" 403 4095 "https://google.com" "Mozilla/5.0 (Linux; Android 10)"
172.16.0.3 - - [12/May/2025:21:06:09 +0000] "POST /home?page=52 HTTP/1.1" 403 4756 "-" "curl/7.68.0"
192.168.1.10 - - [12/May/2025:20:59:50 +0000] "POST /home?page=10 HTTP/1.1" 403 262 "-" "curl/7.68.0"
172.16.0.3 - - [13/May/2025:03:07:54 +0000] "GET /home?page=16 HTTP/1.1" 200 3703 "https://google.com" "Mozilla/5.0 (Windows NT 10.0; Win64; x64)"
192.168.1.10 - - [13/May/2025:08:20:36 +0000] "GET /home?page=75 HTTP/1.1" 404 749 "-" "Wget/1.20.3 (linux-gnu)"
10.0.0.5 - - [13/May/2025:08:34:09 +0000] "GET /?cmd=cat%20/etc/passwd HTTP/1.1" 200 1072 "https://google.com" "Mozilla/5.0 (Windows NT 10.0; Win64; x64)"
203.0.113.42 - - [13/May/2025:07:39:43 +0000] "GET /home?page=15 HTTP/1.1" 301 3261 "-" "curl/7.68.0"
198.51.100.17 - - [12/May/2025:08:42:50 +0000] "POST /home?page=7 HTTP/1.1" 301 2688 "https://google.com" "Mozilla/5.0 (Windows NT 10.0; Win64; x64)"
192.168.1.10 - - [13/May/2025:01:04:24 +0000] "GET /home?page=21 HTTP/1.1" 200 2466 "-" "Wget/1.20.3 (linux-gnu)"
10.0.0.5 - - [12/May/2025:13:58:12 +0000] "POST /home?page=5 HTTP/1.1" 301 4299 "-" "Wget/1.20.3 (linux-gnu)"
192.168.1.10 - - [12/May/2025:09:12:36 +0000] "POST /home?page=93 HTTP/1.1" 301 2969 "https://google.com" "Wget/1.20.3 (linux-gnu)"
10.0.0.5 - - [12/May/2025:22:35:42 +0000] "POST /home?page=96 HTTP/1.1" 403 2506 "https://google.com" "Mozilla/5.0 (Linux; Android 10)"
198.51.100.17 - - [12/May/2025:12:16:31 +0000] "GET /home?page=21 HTTP/1.1" 200 4006 "https://google.com" "Mozilla/5.0 (Windows NT 10.0; Win64; x64)"
203.0.113.42 - - [13/May/2025:04:03:02 +0000] "GET /home?page=86 HTTP/1.1" 404 3317 "https://google.com" "Mozilla/5.0 (Linux; Android 10)"
203.0.113.42 - - [13/May/2025:04:12:57 +0000] "POST /page.html?param=../../../../boot.ini HTTP/1.1" 301 2299 "-" "curl/7.68.0"
192.168.1.10 - - [13/May/2025:06:26:37 +0000] "POST /home?page=4 HTTP/1.1" 301 2972 "-" "Mozilla/5.0 (Windows NT 10.0; Win64; x64)"
10.0.0.5 - - [12/May/2025:16:10:36 +0000] "POST /home?page=11 HTTP/1.1" 301 1494 "-" "Mozilla/5.0 (Windows NT 10.0; Win64; x64)"
172.16.0.3 - - [12/May/2025:19:34:59 +0000] "POST /home?page=89 HTTP/1.1" 200 4144 "https://google.com" "curl/7.68.0"
192.168.1.10 - - [13/May/2025:05:31:30 +0000] "GET /home?page=74 HTTP/1.1" 301 1427 "-" "Wget/1.20.3 (linux-gnu)"
10.0.0.5 - - [12/May/2025:22:41:29 +0000] "GET /home?page=4 HTTP/1.1" 404 3872 "-" "curl/7.68.0"
203.0.113.42 - - [13/May/2025:02:17:32 +0000] "POST /home?page=41 HTTP/1.1" 404 1922 "-" "Wget/1.20.3 (linux-gnu)"
10.0.0.5 - - [12/May/2025:14:37:15 +0000] "POST /home?page=18 HTTP/1.1" 404 1039 "-" "Mozilla/5.0 (Windows NT 10.0; Win64; x64)"
172.16.0.3 - - [12/May/2025:18:35:03 +0000] "GET /home?page=92 HTTP/1.1" 200 3920 "-" "curl/7.68.0"
203.0.113.42 - - [13/May/2025:05:18:57 +0000] "POST /page.html?param=../../../../boot.ini HTTP/1.1" 404 225 "https://google.com" "curl/7.68.0"
198.51.100.17 - - [12/May/2025:11:05:39 +0000] "POST /?cmd=cat%20/etc/passwd HTTP/1.1" 500 3502 "-" "Wget/1.20.3 (linux-gnu)"
10.0.0.5 - - [12/May/2025:15:00:15 +0000] "POST /home?page=88 HTTP/1.1" 404 1612 "-" "Mozilla/5.0 (Linux; Android 10)"
192.168.1.10 - - [13/May/2025:07:49:52 +0000] "POST /?q=%3Cscript%3Ealert(1)%3C%2Fscript%3E HTTP/1.1" 403 3914 "-" "Mozilla/5.0 (Linux; Android 10)"
203.0.113.42 - - [12/May/2025:12:43:23 +0000] "POST /home?page=97 HTTP/1.1" 404 2723 "https://google.com" "curl/7.68.0"
198.51.100.17 - - [12/May/2025:14:35:38 +0000] "GET /home?page=74 HTTP/1.1" 500 390 "-" "Wget/1.20.3 (linux-gnu)"
172.16.0.3 - - [13/May/2025:00:42:42 +0000] "GET /admin.php?user=admin'-- HTTP/1.1" 404 1354 "https://google.com" "Wget/1.20.3 (linux-gnu)"
203.0.113.42 - - [12/May/2025:22:04:49 +0000] "POST /search.php?query=<script>alert('xss')</script> HTTP/1.1" 301 4392 "-" "Wget/1.20.3 (linux-gnu)"
203.0.113.42 - - [12/May/2025:19:30:34 +0000] "POST /home?page=55 HTTP/1.1" 200 3003 "-" "Wget/1.20.3 (linux-gnu)"
192.168.1.10 - - [12/May/2025:10:55:18 +0000] "GET /search.php?query=<script>alert('xss')</script> HTTP/1.1" 500 3045 "https://google.com" "curl/7.68.0"
172.16.0.3 - - [12/May/2025:11:36:20 +0000] "GET /home?page=13 HTTP/1.1" 500 2206 "https://google.com" "Wget/1.20.3 (linux-gnu)"
198.51.100.17 - - [12/May/2025:18:14:04 +0000] "POST /home?page=46 HTTP/1.1" 404 2165 "-" "Wget/1.20.3 (linux-gnu)"
192.168.1.10 - - [12/May/2025:16:11:05 +0000] "POST /home?page=11 HTTP/1.1" 200 2335 "-" "Wget/1.20.3 (linux-gnu)"
192.168.1.10 - - [12/May/2025:14:58:10 +0000] "GET /home?page=59 HTTP/1.1" 301 1752 "https://google.com" "Mozilla/5.0 (Windows NT 10.0; Win64; x64)"
10.0.0.5 - - [13/May/2025:05:43:55 +0000] "POST /../../../../etc/passwd HTTP/1.1" 200 1987 "https://google.com" "curl/7.68.0"
172.16.0.3 - - [12/May/2025:19:41:28 +0000] "GET /home?page=89 HTTP/1.1" 403 138 "-" "Wget/1.20.3 (linux-gnu)"
192.168.1.10 - - [12/May/2025:16:10:43 +0000] "GET /home?page=71 HTTP/1.1" 403 161 "-" "Mozilla/5.0 (Linux; Android 10)"
172.16.0.3 - - [12/May/2025:13:08:06 +0000] "POST /home?page=90 HTTP/1.1" 200 1649 "-" "Mozilla/5.0 (Windows NT 10.0; Win64; x64)"
192.168.1.10 - - [12/May/2025:22:07:00 +0000] "POST /home?page=56 HTTP/1.1" 404 3044 "https://google.com" "curl/7.68.0"
198.51.100.17 - - [13/May/2025:07:49:19 +0000] "POST /home?page=15 HTTP/1.1" 200 4200 "https://google.com" "Mozilla/5.0 (Windows NT 10.0; Win64; x64)"
203.0.113.42 - - [12/May/2025:14:48:23 +0000] "GET /?cmd=cat%20/etc/passwd HTTP/1.1" 301 3750 "-" "curl/7.68.0"
192.168.1.10 - - [13/May/2025:03:33:14 +0000] "POST /../../../../etc/passwd HTTP/1.1" 200 2277 "-" "curl/7.68.0"
198.51.100.17 - - [13/May/2025:03:07:38 +0000] "POST /home?page=73 HTTP/1.1" 404 4499 "-" "Mozilla/5.0 (Windows NT 10.0; Win64; x64)"
198.51.100.17 - - [12/May/2025:13:20:10 +0000] "GET /search.php?query=<script>alert('xss')</script> HTTP/1.1" 301 2947 "-" "curl/7.68.0"
203.0.113.42 - - [13/May/2025:08:24:12 +0000] "GET /index.php?id=1' OR '1'='1 HTTP/1.1" 301 2753 "-" "Mozilla/5.0 (Windows NT 10.0; Win64; x64)"
203.0.113.42 - - [12/May/2025:22:10:31 +0000] "POST /login?redirect=http://evil.com HTTP/1.1" 200 3070 "https://google.com" "curl/7.68.0"
172.16.0.3 - - [13/May/2025:07:59:04 +0000] "POST /admin.php?user=admin'-- HTTP/1.1" 301 4523 "https://google.com" "Wget/1.20.3 (linux-gnu)"
10.0.0.5 - - [13/May/2025:00:37:54 +0000] "POST /home?page=95 HTTP/1.1" 200 443 "https://google.com" "Mozilla/5.0 (Linux; Android 10)"
192.168.1.10 - - [12/May/2025:16:52:10 +0000] "POST /index.php?id=1' OR '1'='1 HTTP/1.1" 404 1115 "https://google.com" "Mozilla/5.0 (Linux; Android 10)"
10.0.0.5 - - [12/May/2025:12:44:11 +0000] "GET /../../../../etc/passwd HTTP/1.1" 403 2205 "-" "Mozilla/5.0 (Windows NT 10.0; Win64; x64)"
172.16.0.3 - - [13/May/2025:07:38:29 +0000] "GET /home?page=36 HTTP/1.1" 500 2275 "-" "Mozilla/5.0 (Linux; Android 10)"
198.51.100.17 - - [12/May/2025:10:49:17 +0000] "GET /login?redirect=http://evil.com HTTP/1.1" 500 1611 "https://google.com" "curl/7.68.0"
172.16.0.3 - - [12/May/2025:09:12:10 +0000] "GET /api/user?name=admin; DROP TABLE users; HTTP/1.1" 404 1255 "-" "Wget/1.20.3 (linux-gnu)"
172.16.0.3 - - [12/May/2025:15:55:09 +0000] "POST /home?page=87 HTTP/1.1" 404 473 "https://google.com" "Mozilla/5.0 (Windows NT 10.0; Win64; x64)"
198.51.100.17 - - [13/May/2025:06:49:58 +0000] "GET /home?page=27 HTTP/1.1" 404 4774 "https://google.com" "Mozilla/5.0 (Linux; Android 10)"
198.51.100.17 - - [12/May/2025:12:25:30 +0000] "GET /home?page=24 HTTP/1.1" 301 4746 "-" "curl/7.68.0"
10.0.0.5 - - [13/May/2025:00:03:41 +0000] "POST /home?page=57 HTTP/1.1" 500 2328 "https://google.com" "Wget/1.20.3 (linux-gnu)"
192.168.1.10 - - [13/May/2025:05:42:18 +0000] "POST /home?page=93 HTTP/1.1" 200 4786 "https://google.com" "Mozilla/5.0 (Linux; Android 10)"
172.16.0.3 - - [13/May/2025:05:53:04 +0000] "POST /index.php?id=1' OR '1'='1 HTTP/1.1" 301 1595 "-" "Mozilla/5.0 (Linux; Android 10)"
203.0.113.42 - - [12/May/2025:16:26:50 +0000] "GET /home?page=32 HTTP/1.1" 200 2140 "-" "Mozilla/5.0 (Linux; Android 10)"
172.16.0.3 - - [13/May/2025:05:50:40 +0000] "GET /home?page=4 HTTP/1.1" 404 1322 "https://google.com" "Wget/1.20.3 (linux-gnu)"
198.51.100.17 - - [12/May/2025:12:30:38 +0000] "POST /page.html?param=../../../../boot.ini HTTP/1.1" 200 3216 "https://google.com" "Mozilla/5.0 (Linux; Android 10)"
172.16.0.3 - - [12/May/2025:13:30:02 +0000] "GET /home?page=1 HTTP/1.1" 200 4805 "https://google.com" "Wget/1.20.3 (linux-gnu)"
192.168.1.10 - - [13/May/2025:06:55:36 +0000] "POST /home?page=26 HTTP/1.1" 200 777 "-" "curl/7.68.0"
192.168.1.10 - - [12/May/2025:09:51:19 +0000] "GET /home?page=45 HTTP/1.1" 301 896 "https://google.com" "curl/7.68.0"
203.0.113.42 - - [12/May/2025:18:04:45 +0000] "GET /home?page=3 HTTP/1.1" 500 1008 "-" "Wget/1.20.3 (linux-gnu)"
192.168.1.10 - - [13/May/2025:04:50:19 +0000] "POST /home?page=69 HTTP/1.1" 301 3496 "-" "curl/7.68.0"
198.51.100.17 - - [12/May/2025:22:26:48 +0000] "POST /home?page=34 HTTP/1.1" 301 2059 "-" "curl/7.68.0"
172.16.0.3 - - [12/May/2025:14:05:40 +0000] "POST /home?page=25 HTTP/1.1" 301 4975 "-" "Wget/1.20.3 (linux-gnu)"
10.0.0.5 - - [12/May/2025:12:58:31 +0000] "POST /home?page=67 HTTP/1.1" 404 4440 "https://google.com" "Wget/1.20.3 (linux-gnu)"
203.0.113.42 - - [12/May/2025:20:37:04 +0000] "POST /home?page=8 HTTP/1.1" 403 1588 "-" "Mozilla/5.0 (Windows NT 10.0; Win64; x64)"
10.0.0.5 - - [12/May/2025:22:00:58 +0000] "POST /home?page=68 HTTP/1.1" 200 4494 "-" "Mozilla/5.0 (Linux; Android 10)"
192.168.1.10 - - [12/May/2025:20:19:40 +0000] "POST /home?page=26 HTTP/1.1" 301 546 "https://google.com" "Mozilla/5.0 (Windows NT 10.0; Win64; x64)"
172.16.0.3 - - [12/May/2025:15:40:35 +0000] "GET /login?redirect=http://evil.com HTTP/1.1" 403 3005 "-" "Mozilla/5.0 (Linux; Android 10)"
192.168.1.10 - - [12/May/2025:11:13:43 +0000] "GET /home?page=10 HTTP/1.1" 301 2386 "-" "Wget/1.20.3 (linux-gnu)"
203.0.113.42 - - [12/May/2025:11:06:14 +0000] "POST /page.html?param=../../../../boot.ini HTTP/1.1" 200 3955 "-" "Wget/1.20.3 (linux-gnu)"
172.16.0.3 - - [13/May/2025:05:12:26 +0000] "POST /home?page=47 HTTP/1.1" 403 4375 "https://google.com" "Mozilla/5.0 (Linux; Android 10)"
203.0.113.42 - - [13/May/2025:06:45:35 +0000] "GET /home?page=28 HTTP/1.1" 500 3743 "https://google.com" "Wget/1.20.3 (linux-gnu)"
10.0.0.5 - - [12/May/2025:15:00:26 +0000] "POST /home?page=2 HTTP/1.1" 404 216 "-" "Mozilla/5.0 (Linux; Android 10)"
172.16.0.3 - - [12/May/2025:21:46:55 +0000] "POST /home?page=45 HTTP/1.1" 404 3139 "-" "Wget/1.20.3 (linux-gnu)"
192.168.1.10 - - [12/May/2025:13:49:42 +0000] "POST /?cmd=cat%20/etc/passwd HTTP/1.1" 301 1471 "https://google.com" "Mozilla/5.0 (Linux; Android 10)"
172.16.0.3 - - [12/May/2025:08:41:45 +0000] "POST /home?page=32 HTTP/1.1" 200 2451 "-" "curl/7.68.0"
203.0.113.42 - - [12/May/2025:13:26:49 +0000] "POST /home?page=94 HTTP/1.1" 200 3476 "https://google.com" "Mozilla/5.0 (Windows NT 10.0; Win64; x64)"
198.51.100.17 - - [12/May/2025:10:56:12 +0000] "POST /home?page=4 HTTP/1.1" 404 1224 "https://google.com" "curl/7.68.0"
203.0.113.42 - - [13/May/2025:01:39:23 +0000] "POST /home?page=99 HTTP/1.1" 500 4363 "-" "Mozilla/5.0 (Linux; Android 10)"
198.51.100.17 - - [13/May/2025:04:57:22 +0000] "POST /home?page=9 HTTP/1.1" 200 183 "-" "curl/7.68.0"
203.0.113.42 - - [12/May/2025:10:39:19 +0000] "POST /home?page=79 HTTP/1.1" 200 4605 "https://google.com" "curl/7.68.0"
203.0.113.42 - - [12/May/2025:18:21:31 +0000] "POST /home?page=91 HTTP/1.1" 200 3767 "https://google.com" "curl/7.68.0"
198.51.100.17 - - [12/May/2025:08:52:47 +0000] "POST /../../../../etc/passwd HTTP/1.1" 301 1177 "https://google.com" "Mozilla/5.0 (Linux; Android 10)"
192.168.1.10 - - [13/May/2025:04:17:09 +0000] "GET /home?page=27 HTTP/1.1" 500 1563 "https://google.com" "Wget/1.20.3 (linux-gnu)"
10.0.0.5 - - [12/May/2025:13:46:53 +0000] "POST /api/user?name=admin; DROP TABLE users; HTTP/1.1" 200 918 "-" "Wget/1.20.3 (linux-gnu)"
10.0.0.5 - - [12/May/2025:09:50:48 +0000] "POST /?cmd=cat%20/etc/passwd HTTP/1.1" 200 3414 "-" "curl/7.68.0"
172.16.0.3 - - [13/May/2025:02:45:10 +0000] "POST /home?page=84 HTTP/1.1" 500 3292 "https://google.com" "Mozilla/5.0 (Linux; Android 10)"
198.51.100.17 - - [13/May/2025:02:56:22 +0000] "POST /home?page=18 HTTP/1.1" 301 1768 "https://google.com" "Mozilla/5.0 (Windows NT 10.0; Win64; x64)"
192.168.1.10 - - [12/May/2025:23:22:24 +0000] "GET /home?page=86 HTTP/1.1" 301 4855 "-" "Mozilla/5.0 (Windows NT 10.0; Win64; x64)"
198.51.100.17 - - [13/May/2025:03:23:42 +0000] "POST /home?page=52 HTTP/1.1" 404 196 "https://google.com" "curl/7.68.0"
172.16.0.3 - - [12/May/2025:18:16:29 +0000] "POST /home?page=45 HTTP/1.1" 404 2381 "-" "curl/7.68.0"
10.0.0.5 - - [12/May/2025:21:24:34 +0000] "POST /?q=%3Cscript%3Ealert(1)%3C%2Fscript%3E HTTP/1.1" 301 312 "-" "Mozilla/5.0 (Linux; Android 10)"
192.168.1.10 - - [12/May/2025:14:53:36 +0000] "GET /admin.php?user=admin'-- HTTP/1.1" 403 2630 "https://google.com" "curl/7.68.0"
192.168.1.10 - - [13/May/2025:02:51:48 +0000] "GET /home?page=18 HTTP/1.1" 200 2381 "-" "Mozilla/5.0 (Windows NT 10.0; Win64; x64)"
10.0.0.5 - - [12/May/2025:18:17:58 +0000] "GET /home?page=83 HTTP/1.1" 403 2185 "https://google.com" "Mozilla/5.0 (Windows NT 10.0; Win64; x64)"
10.0.0.5 - - [13/May/2025:08:13:17 +0000] "POST /home?page=57 HTTP/1.1" 403 3243 "https://google.com" "Mozilla/5.0 (Linux; Android 10)"
198.51.100.17 - - [12/May/2025:10:29:14 +0000] "GET /page.html?param=../../../../boot.ini HTTP/1.1" 301 4900 "-" "Wget/1.20.3 (linux-gnu)"
172.16.0.3 - - [13/May/2025:07:19:23 +0000] "POST /home?page=56 HTTP/1.1" 403 4891 "-" "curl/7.68.0"
203.0.113.42 - - [13/May/2025:00:07:52 +0000] "POST /home?page=97 HTTP/1.1" 500 489 "https://google.com" "Mozilla/5.0 (Windows NT 10.0; Win64; x64)"
198.51.100.17 - - [12/May/2025:15:04:39 +0000] "POST /home?page=89 HTTP/1.1" 200 4789 "-" "Mozilla/5.0 (Windows NT 10.0; Win64; x64)"
192.168.1.10 - - [12/May/2025:11:34:58 +0000] "POST /admin.php?user=admin'-- HTTP/1.1" 500 3484 "https://google.com" "Mozilla/5.0 (Linux; Android 10)"
203.0.113.42 - - [13/May/2025:05:50:25 +0000] "POST /../../../../etc/passwd HTTP/1.1" 403 337 "https://google.com" "Mozilla/5.0 (Windows NT 10.0; Win64; x64)"
198.51.100.17 - - [12/May/2025:23:40:01 +0000] "GET /home?page=55 HTTP/1.1" 403 550 "-" "Wget/1.20.3 (linux-gnu)"
192.168.1.10 - - [12/May/2025:20:52:50 +0000] "GET /home?page=82 HTTP/1.1" 301 1306 "https://google.com" "Wget/1.20.3 (linux-gnu)"
192.168.1.10 - - [13/May/2025:04:49:58 +0000] "GET /home?page=56 HTTP/1.1" 301 3138 "-" "Mozilla/5.0 (Windows NT 10.0; Win64; x64)"
10.0.0.5 - - [12/May/2025:22:00:15 +0000] "POST /home?page=73 HTTP/1.1" 404 4621 "-" "Mozilla/5.0 (Windows NT 10.0; Win64; x64)"
198.51.100.17 - - [13/May/2025:04:01:56 +0000] "POST /admin.php?user=admin'-- HTTP/1.1" 403 2144 "-" "Mozilla/5.0 (Windows NT 10.0; Win64; x64)"
192.168.1.10 - - [13/May/2025:02:10:00 +0000] "GET /../../../../etc/passwd HTTP/1.1" 200 205 "https://google.com" "Mozilla/5.0 (Linux; Android 10)"
203.0.113.42 - - [13/May/2025:01:55:30 +0000] "GET /page.html?param=../../../../boot.ini HTTP/1.1" 500 4919 "https://google.com" "Wget/1.20.3 (linux-gnu)"
198.51.100.17 - - [12/May/2025:21:09:22 +0000] "POST /home?page=14 HTTP/1.1" 301 1955 "-" "Wget/1.20.3 (linux-gnu)"
198.51.100.17 - - [12/May/2025:08:41:39 +0000] "GET /home?page=98 HTTP/1.1" 301 2121 "https://google.com" "Mozilla/5.0 (Windows NT 10.0; Win64; x64)"
10.0.0.5 - - [13/May/2025:04:11:01 +0000] "GET /home?page=75 HTTP/1.1" 301 4314 "-" "Wget/1.20.3 (linux-gnu)"
172.16.0.3 - - [12/May/2025:11:59:41 +0000] "POST /home?page=21 HTTP/1.1" 200 1109 "-" "Wget/1.20.3 (linux-gnu)"
172.16.0.3 - - [13/May/2025:04:46:47 +0000] "GET /home?page=41 HTTP/1.1" 403 147 "-" "curl/7.68.0"
198.51.100.17 - - [13/May/2025:01:28:21 +0000] "POST /../../../../etc/passwd HTTP/1.1" 404 4508 "https://google.com" "curl/7.68.0"
172.16.0.3 - - [12/May/2025:12:24:17 +0000] "POST /home?page=3 HTTP/1.1" 403 4172 "-" "curl/7.68.0"
198.51.100.17 - - [12/May/2025:18:48:46 +0000] "POST /?q=%3Cscript%3Ealert(1)%3C%2Fscript%3E HTTP/1.1" 404 1308 "-" "curl/7.68.0"
203.0.113.42 - - [13/May/2025:02:14:12 +0000] "GET /home?page=44 HTTP/1.1" 301 3651 "-" "Mozilla/5.0 (Windows NT 10.0; Win64; x64)"
198.51.100.17 - - [12/May/2025:17:59:29 +0000] "POST /../../../../etc/passwd HTTP/1.1" 500 4421 "-" "Mozilla/5.0 (Windows NT 10.0; Win64; x64)"
203.0.113.42 - - [13/May/2025:04:04:00 +0000] "GET /home?page=88 HTTP/1.1" 200 1091 "https://google.com" "Mozilla/5.0 (Windows NT 10.0; Win64; x64)"
10.0.0.5 - - [12/May/2025:14:06:42 +0000] "POST /page.html?param=../../../../boot.ini HTTP/1.1" 200 1546 "-" "Mozilla/5.0 (Linux; Android 10)"
198.51.100.17 - - [12/May/2025:13:07:12 +0000] "POST /home?page=17 HTTP/1.1" 500 383 "https://google.com" "Wget/1.20.3 (linux-gnu)"
192.168.1.10 - - [12/May/2025:23:06:23 +0000] "POST /home?page=45 HTTP/1.1" 404 2060 "https://google.com" "Wget/1.20.3 (linux-gnu)"
10.0.0.5 - - [12/May/2025:16:24:06 +0000] "GET /home?page=27 HTTP/1.1" 500 628 "-" "curl/7.68.0"
198.51.100.17 - - [12/May/2025:21:30:02 +0000] "GET /?q=%3Cscript%3Ealert(1)%3C%2Fscript%3E HTTP/1.1" 404 1625 "https://google.com" "curl/7.68.0"
198.51.100.17 - - [13/May/2025:06:45:14 +0000] "POST /home?page=60 HTTP/1.1" 301 214 "-" "Mozilla/5.0 (Windows NT 10.0; Win64; x64)"
172.16.0.3 - - [12/May/2025:17:41:51 +0000] "GET /home?page=37 HTTP/1.1" 200 4339 "https://google.com" "Mozilla/5.0 (Linux; Android 10)"
203.0.113.42 - - [13/May/2025:02:59:02 +0000] "GET /home?page=64 HTTP/1.1" 301 4266 "https://google.com" "Wget/1.20.3 (linux-gnu)"
192.168.1.10 - - [13/May/2025:00:57:05 +0000] "POST /home?page=74 HTTP/1.1" 500 1830 "https://google.com" "curl/7.68.0"
172.16.0.3 - - [12/May/2025:21:50:10 +0000] "GET /home?page=68 HTTP/1.1" 301 1686 "https://google.com" "Mozilla/5.0 (Linux; Android 10)"
192.168.1.10 - - [12/May/2025:12:47:46 +0000] "GET /admin.php?user=admin'-- HTTP/1.1" 500 1057 "https://google.com" "Mozilla/5.0 (Windows NT 10.0; Win64; x64)"
172.16.0.3 - - [13/May/2025:05:50:43 +0000] "GET /../../../../etc/passwd HTTP/1.1" 403 4960 "https://google.com" "Mozilla/5.0 (Windows NT 10.0; Win64; x64)"
203.0.113.42 - - [13/May/2025:04:23:47 +0000] "GET /admin.php?user=admin'-- HTTP/1.1" 200 3786 "-" "curl/7.68.0"
172.16.0.3 - - [13/May/2025:06:53:03 +0000] "GET /home?page=19 HTTP/1.1" 200 3971 "https://google.com" "Wget/1.20.3 (linux-gnu)"
172.16.0.3 - - [12/May/2025:18:27:50 +0000] "GET /../../../../etc/passwd HTTP/1.1" 403 3521 "https://google.com" "Mozilla/5.0 (Windows NT 10.0; Win64; x64)"
10.0.0.5 - - [12/May/2025:16:20:12 +0000] "GET /home?page=75 HTTP/1.1" 404 4406 "-" "Wget/1.20.3 (linux-gnu)"
192.168.1.10 - - [12/May/2025:22:27:30 +0000] "POST /home?page=100 HTTP/1.1" 403 685 "https://google.com" "Wget/1.20.3 (linux-gnu)"
203.0.113.42 - - [12/May/2025:17:54:55 +0000] "GET /home?page=85 HTTP/1.1" 404 3780 "https://google.com" "Mozilla/5.0 (Windows NT 10.0; Win64; x64)"
203.0.113.42 - - [12/May/2025:11:05:58 +0000] "GET /../../../../etc/passwd HTTP/1.1" 301 2996 "https://google.com" "curl/7.68.0"
192.168.1.10 - - [12/May/2025:09:46:25 +0000] "GET /home?page=15 HTTP/1.1" 403 321 "https://google.com" "Wget/1.20.3 (linux-gnu)"
10.0.0.5 - - [12/May/2025:15:19:21 +0000] "GET /home?page=12 HTTP/1.1" 301 3644 "-" "Wget/1.20.3 (linux-gnu)"
192.168.1.10 - - [12/May/2025:09:01:26 +0000] "GET /home?page=48 HTTP/1.1" 500 2606 "-" "Mozilla/5.0 (Windows NT 10.0; Win64; x64)"
198.51.100.17 - - [12/May/2025:22:31:32 +0000] "GET /home?page=42 HTTP/1.1" 301 992 "-" "Mozilla/5.0 (Windows NT 10.0; Win64; x64)"
172.16.0.3 - - [13/May/2025:01:44:13 +0000] "GET /home?page=28 HTTP/1.1" 301 1892 "-" "Mozilla/5.0 (Windows NT 10.0; Win64; x64)"
172.16.0.3 - - [12/May/2025:08:52:54 +0000] "POST /home?page=43 HTTP/1.1" 200 1321 "-" "curl/7.68.0"
192.168.1.10 - - [12/May/2025:12:09:42 +0000] "GET /home?page=36 HTTP/1.1" 404 1992 "https://google.com" "curl/7.68.0"
192.168.1.10 - - [12/May/2025:13:50:03 +0000] "POST /home?page=71 HTTP/1.1" 500 3466 "-" "Wget/1.20.3 (linux-gnu)"
10.0.0.5 - - [12/May/2025:12:18:40 +0000] "POST /home?page=1 HTTP/1.1" 500 561 "https://google.com" "Mozilla/5.0 (Linux; Android 10)"
10.0.0.5 - - [13/May/2025:02:13:26 +0000] "POST /login?redirect=http://evil.com HTTP/1.1" 404 1955 "https://google.com" "curl/7.68.0"
192.168.1.10 - - [12/May/2025:10:17:48 +0000] "POST /home?page=53 HTTP/1.1" 404 3533 "-" "Mozilla/5.0 (Linux; Android 10)"
192.168.1.10 - - [13/May/2025:00:01:43 +0000] "GET /home?page=25 HTTP/1.1" 404 3495 "-" "curl/7.68.0"
198.51.100.17 - - [12/May/2025:11:55:48 +0000] "GET /api/user?name=admin; DROP TABLE users; HTTP/1.1" 200 3679 "-" "Mozilla/5.0 (Linux; Android 10)"
203.0.113.42 - - [12/May/2025:21:09:53 +0000] "GET /home?page=70 HTTP/1.1" 500 4392 "https://google.com" "Mozilla/5.0 (Windows NT 10.0; Win64; x64)"
198.51.100.17 - - [13/May/2025:02:35:20 +0000] "POST /home?page=50 HTTP/1.1" 404 641 "-" "Mozilla/5.0 (Linux; Android 10)"
198.51.100.17 - - [13/May/2025:05:35:07 +0000] "GET /home?page=2 HTTP/1.1" 301 2863 "https://google.com" "Mozilla/5.0 (Windows NT 10.0; Win64; x64)"
192.168.1.10 - - [13/May/2025:07:26:59 +0000] "POST /login?redirect=http://evil.com HTTP/1.1" 403 4424 "-" "curl/7.68.0"
198.51.100.17 - - [12/May/2025:16:08:13 +0000] "GET /home?page=68 HTTP/1.1" 403 2534 "-" "Wget/1.20.3 (linux-gnu)"
172.16.0.3 - - [13/May/2025:02:39:33 +0000] "GET /home?page=77 HTTP/1.1" 301 2479 "https://google.com" "curl/7.68.0"
10.0.0.5 - - [13/May/2025:00:24:20 +0000] "GET /page.html?param=../../../../boot.ini HTTP/1.1" 403 4438 "-" "Wget/1.20.3 (linux-gnu)"
10.0.0.5 - - [12/May/2025:17:48:19 +0000] "GET /home?page=44 HTTP/1.1" 200 2485 "https://google.com" "Wget/1.20.3 (linux-gnu)"
203.0.113.42 - - [13/May/2025:07:51:13 +0000] "POST /home?page=10 HTTP/1.1" 403 1960 "-" "curl/7.68.0"
172.16.0.3 - - [12/May/2025:17:09:00 +0000] "POST /api/user?name=admin; DROP TABLE users; HTTP/1.1" 403 1764 "https://google.com" "Mozilla/5.0 (Windows NT 10.0; Win64; x64)"
203.0.113.42 - - [12/May/2025:11:44:06 +0000] "GET /home?page=29 HTTP/1.1" 200 3317 "https://google.com" "Wget/1.20.3 (linux-gnu)"
198.51.100.17 - - [13/May/2025:03:50:09 +0000] "GET /home?page=6 HTTP/1.1" 301 669 "-" "Mozilla/5.0 (Linux; Android 10)"
10.0.0.5 - - [13/May/2025:07:07:16 +0000] "POST /page.html?param=../../../../boot.ini HTTP/1.1" 301 238 "-" "Mozilla/5.0 (Windows NT 10.0; Win64; x64)"
192.168.1.10 - - [12/May/2025:11:17:26 +0000] "GET /home?page=88 HTTP/1.1" 404 1361 "https://google.com" "Mozilla/5.0 (Windows NT 10.0; Win64; x64)"
192.168.1.10 - - [13/May/2025:06:49:21 +0000] "GET /home?page=23 HTTP/1.1" 200 1886 "https://google.com" "Mozilla/5.0 (Windows NT 10.0; Win64; x64)"
172.16.0.3 - - [12/May/2025:20:10:50 +0000] "POST /home?page=54 HTTP/1.1" 403 1137 "-" "curl/7.68.0"
10.0.0.5 - - [13/May/2025:01:05:15 +0000] "POST /home?page=67 HTTP/1.1" 301 3586 "https://google.com" "Mozilla/5.0 (Linux; Android 10)"
172.16.0.3 - - [13/May/2025:03:22:04 +0000] "POST /../../../../etc/passwd HTTP/1.1" 200 3833 "https://google.com" "Wget/1.20.3 (linux-gnu)"
203.0.113.42 - - [12/May/2025:18:34:47 +0000] "POST /api/user?name=admin; DROP TABLE users; HTTP/1.1" 500 2220 "-" "Mozilla/5.0 (Linux; Android 10)"
192.168.1.10 - - [13/May/2025:00:35:34 +0000] "POST /home?page=66 HTTP/1.1" 500 140 "https://google.com" "Wget/1.20.3 (linux-gnu)"
172.16.0.3 - - [13/May/2025:02:36:14 +0000] "GET /home?page=24 HTTP/1.1" 403 798 "https://google.com" "Mozilla/5.0 (Windows NT 10.0; Win64; x64)"
203.0.113.42 - - [13/May/2025:00:46:53 +0000] "POST /home?page=92 HTTP/1.1" 301 3007 "https://google.com" "Mozilla/5.0 (Linux; Android 10)"
10.0.0.5 - - [13/May/2025:05:15:02 +0000] "GET /home?page=13 HTTP/1.1" 500 1213 "https://google.com" "Wget/1.20.3 (linux-gnu)"
192.168.1.10 - - [12/May/2025:09:20:58 +0000] "GET /home?page=16 HTTP/1.1" 200 2296 "https://google.com" "curl/7.68.0"
192.168.1.10 - - [13/May/2025:02:00:01 +0000] "POST /home?page=28 HTTP/1.1" 301 1756 "-" "Wget/1.20.3 (linux-gnu)"
172.16.0.3 - - [13/May/2025:05:22:59 +0000] "GET /home?page=17 HTTP/1.1" 404 3074 "-" "Mozilla/5.0 (Linux; Android 10)"
172.16.0.3 - - [13/May/2025:07:15:40 +0000] "POST /admin.php?user=admin'-- HTTP/1.1" 200 3219 "-" "Wget/1.20.3 (linux-gnu)"
172.16.0.3 - - [12/May/2025:21:26:35 +0000] "POST /home?page=63 HTTP/1.1" 301 1914 "https://google.com" "Mozilla/5.0 (Windows NT 10.0; Win64; x64)"
192.168.1.10 - - [12/May/2025:16:09:42 +0000] "POST /home?page=7 HTTP/1.1" 200 3926 "-" "Mozilla/5.0 (Linux; Android 10)"
198.51.100.17 - - [13/May/2025:06:22:52 +0000] "GET /home?page=76 HTTP/1.1" 301 2202 "-" "curl/7.68.0"
198.51.100.17 - - [12/May/2025:23:17:12 +0000] "GET /home?page=35 HTTP/1.1" 500 1579 "https://google.com" "Mozilla/5.0 (Linux; Android 10)"
192.168.1.10 - - [12/May/2025:12:53:32 +0000] "GET /home?page=57 HTTP/1.1" 500 3251 "https://google.com" "Mozilla/5.0 (Windows NT 10.0; Win64; x64)"
192.168.1.10 - - [13/May/2025:00:45:08 +0000] "GET /search.php?query=<script>alert('xss')</script> HTTP/1.1" 404 185 "https://google.com" "curl/7.68.0"
192.168.1.10 - - [12/May/2025:11:04:46 +0000] "POST /search.php?query=<script>alert('xss')</script> HTTP/1.1" 403 154 "-" "Wget/1.20.3 (linux-gnu)"
10.0.0.5 - - [13/May/2025:00:16:00 +0000] "GET /home?page=48 HTTP/1.1" 301 1781 "https://google.com" "curl/7.68.0"
172.16.0.3 - - [12/May/2025:20:18:21 +0000] "POST /index.php?id=1' OR '1'='1 HTTP/1.1" 200 2582 "https://google.com" "curl/7.68.0"
172.16.0.3 - - [12/May/2025:17:28:31 +0000] "GET /home?page=98 HTTP/1.1" 404 1878 "https://google.com" "curl/7.68.0"
198.51.100.17 - - [12/May/2025:09:03:31 +0000] "GET /login?redirect=http://evil.com HTTP/1.1" 404 3003 "https://google.com" "curl/7.68.0"
203.0.113.42 - - [13/May/2025:01:32:11 +0000] "POST /login?redirect=http://evil.com HTTP/1.1" 301 2493 "https://google.com" "Wget/1.20.3 (linux-gnu)"
10.0.0.5 - - [13/May/2025:02:55:15 +0000] "POST /admin.php?user=admin'-- HTTP/1.1" 403 2848 "-" "Mozilla/5.0 (Windows NT 10.0; Win64; x64)"
10.0.0.5 - - [13/May/2025:04:31:38 +0000] "POST /home?page=53 HTTP/1.1" 301 979 "https://google.com" "Wget/1.20.3 (linux-gnu)"
203.0.113.42 - - [12/May/2025:13:07:09 +0000] "POST /home?page=69 HTTP/1.1" 301 3014 "https://google.com" "curl/7.68.0"
172.16.0.3 - - [13/May/2025:02:46:29 +0000] "POST /home?page=55 HTTP/1.1" 403 1360 "-" "Mozilla/5.0 (Linux; Android 10)"
10.0.0.5 - - [12/May/2025:23:32:19 +0000] "POST /home?page=61 HTTP/1.1" 301 4918 "-" "curl/7.68.0"
10.0.0.5 - - [12/May/2025:20:54:18 +0000] "POST /home?page=12 HTTP/1.1" 403 4549 "-" "Mozilla/5.0 (Windows NT 10.0; Win64; x64)"
198.51.100.17 - - [13/May/2025:04:26:37 +0000] "GET /?q=%3Cscript%3Ealert(1)%3C%2Fscript%3E HTTP/1.1" 200 1800 "-" "Mozilla/5.0 (Windows NT 10.0; Win64; x64)"
198.51.100.17 - - [12/May/2025:17:24:51 +0000] "GET /home?page=65 HTTP/1.1" 500 579 "-" "curl/7.68.0"
172.16.0.3 - - [12/May/2025:19:20:50 +0000] "POST /admin.php?user=admin'-- HTTP/1.1" 403 975 "https://google.com" "Mozilla/5.0 (Windows NT 10.0; Win64; x64)"
10.0.0.5 - - [12/May/2025:08:42:35 +0000] "POST /home?page=20 HTTP/1.1" 404 4156 "https://google.com" "Mozilla/5.0 (Linux; Android 10)"
192.168.1.10 - - [13/May/2025:02:29:07 +0000] "POST /home?page=62 HTTP/1.1" 500 1711 "https://google.com" "curl/7.68.0"
198.51.100.17 - - [12/May/2025:23:09:15 +0000] "GET /home?page=29 HTTP/1.1" 403 3054 "-" "Mozilla/5.0 (Windows NT 10.0; Win64; x64)"
192.168.1.10 - - [13/May/2025:01:56:41 +0000] "GET /home?page=89 HTTP/1.1" 403 1417 "-" "Wget/1.20.3 (linux-gnu)"
198.51.100.17 - - [12/May/2025:22:15:47 +0000] "GET /home?page=54 HTTP/1.1" 403 1187 "-" "Mozilla/5.0 (Linux; Android 10)"
192.168.1.10 - - [12/May/2025:09:24:33 +0000] "POST /search.php?query=<script>alert('xss')</script> HTTP/1.1" 403 3046 "-" "curl/7.68.0"
172.16.0.3 - - [12/May/2025:23:07:48 +0000] "POST /home?page=18 HTTP/1.1" 404 2859 "https://google.com" "Wget/1.20.3 (linux-gnu)"
172.16.0.3 - - [12/May/2025:12:22:34 +0000] "POST /home?page=75 HTTP/1.1" 500 4648 "-" "curl/7.68.0"
172.16.0.3 - - [12/May/2025:20:17:33 +0000] "POST /home?page=13 HTTP/1.1" 403 1651 "https://google.com" "Mozilla/5.0 (Windows NT 10.0; Win64; x64)"
10.0.0.5 - - [12/May/2025:16:24:49 +0000] "POST /admin.php?user=admin'-- HTTP/1.1" 200 2194 "-" "curl/7.68.0"
192.168.1.10 - - [12/May/2025:18:51:55 +0000] "POST /home?page=98 HTTP/1.1" 200 4893 "-" "curl/7.68.0"
203.0.113.42 - - [13/May/2025:08:30:45 +0000] "GET /home?page=70 HTTP/1.1" 200 4101 "https://google.com" "Mozilla/5.0 (Linux; Android 10)"
203.0.113.42 - - [12/May/2025:10:37:17 +0000] "GET /home?page=40 HTTP/1.1" 200 2399 "https://google.com" "Mozilla/5.0 (Linux; Android 10)"
192.168.1.10 - - [12/May/2025:17:19:43 +0000] "POST /home?page=50 HTTP/1.1" 301 3857 "-" "Wget/1.20.3 (linux-gnu)"
10.0.0.5 - - [12/May/2025:08:56:20 +0000] "GET /home?page=75 HTTP/1.1" 301 1392 "https://google.com" "Mozilla/5.0 (Linux; Android 10)"
198.51.100.17 - - [13/May/2025:03:43:26 +0000] "GET /login?redirect=http://evil.com HTTP/1.1" 403 684 "-" "Wget/1.20.3 (linux-gnu)"
10.0.0.5 - - [13/May/2025:04:11:52 +0000] "GET /?q=%3Cscript%3Ealert(1)%3C%2Fscript%3E HTTP/1.1" 301 1121 "https://google.com" "Mozilla/5.0 (Linux; Android 10)"
10.0.0.5 - - [12/May/2025:17:53:26 +0000] "POST /home?page=14 HTTP/1.1" 200 2315 "https://google.com" "Mozilla/5.0 (Windows NT 10.0; Win64; x64)"
203.0.113.42 - - [12/May/2025:23:28:24 +0000] "GET /home?page=74 HTTP/1.1" 403 4571 "https://google.com" "curl/7.68.0"
172.16.0.3 - - [12/May/2025:23:54:00 +0000] "POST /home?page=55 HTTP/1.1" 301 1478 "-" "curl/7.68.0"
10.0.0.5 - - [12/May/2025:10:38:15 +0000] "GET /login?redirect=http://evil.com HTTP/1.1" 500 1227 "https://google.com" "curl/7.68.0"
203.0.113.42 - - [12/May/2025:12:25:40 +0000] "POST /login?redirect=http://evil.com HTTP/1.1" 404 4729 "https://google.com" "curl/7.68.0"
192.168.1.10 - - [13/May/2025:03:38:06 +0000] "POST /home?page=95 HTTP/1.1" 500 2406 "-" "Mozilla/5.0 (Windows NT 10.0; Win64; x64)"
203.0.113.42 - - [12/May/2025:18:40:46 +0000] "POST /home?page=10 HTTP/1.1" 200 4025 "-" "Mozilla/5.0 (Linux; Android 10)"
172.16.0.3 - - [12/May/2025:09:29:54 +0000] "POST /home?page=18 HTTP/1.1" 500 233 "-" "Mozilla/5.0 (Windows NT 10.0; Win64; x64)"
172.16.0.3 - - [12/May/2025:12:54:00 +0000] "POST /home?page=32 HTTP/1.1" 404 4043 "-" "Mozilla/5.0 (Windows NT 10.0; Win64; x64)"
10.0.0.5 - - [13/May/2025:05:25:50 +0000] "GET /api/user?name=admin; DROP TABLE users; HTTP/1.1" 301 2756 "https://google.com" "Mozilla/5.0 (Windows NT 10.0; Win64; x64)"
192.168.1.10 - - [12/May/2025:14:20:10 +0000] "GET /login?redirect=http://evil.com HTTP/1.1" 301 2784 "https://google.com" "Mozilla/5.0 (Linux; Android 10)"
198.51.100.17 - - [12/May/2025:22:49:37 +0000] "POST /index.php?id=1' OR '1'='1 HTTP/1.1" 404 1195 "https://google.com" "curl/7.68.0"
10.0.0.5 - - [12/May/2025:18:04:19 +0000] "POST /admin.php?user=admin'-- HTTP/1.1" 301 4396 "-" "Mozilla/5.0 (Windows NT 10.0; Win64; x64)"
172.16.0.3 - - [12/May/2025:14:21:01 +0000] "POST /home?page=14 HTTP/1.1" 500 1528 "-" "Mozilla/5.0 (Linux; Android 10)"
10.0.0.5 - - [13/May/2025:04:44:40 +0000] "POST /home?page=55 HTTP/1.1" 404 1815 "-" "Wget/1.20.3 (linux-gnu)"
10.0.0.5 - - [13/May/2025:02:46:25 +0000] "GET /home?page=12 HTTP/1.1" 403 1557 "-" "Mozilla/5.0 (Linux; Android 10)"
198.51.100.17 - - [12/May/2025:23:38:20 +0000] "POST /home?page=55 HTTP/1.1" 404 2823 "https://google.com" "Wget/1.20.3 (linux-gnu)"
203.0.113.42 - - [13/May/2025:00:24:58 +0000] "POST /home?page=10 HTTP/1.1" 403 4379 "-" "Mozilla/5.0 (Windows NT 10.0; Win64; x64)"
172.16.0.3 - - [12/May/2025:18:48:55 +0000] "GET /home?page=13 HTTP/1.1" 403 1442 "https://google.com" "curl/7.68.0"
203.0.113.42 - - [13/May/2025:07:20:41 +0000] "POST /home?page=67 HTTP/1.1" 403 3356 "https://google.com" "Mozilla/5.0 (Linux; Android 10)"
10.0.0.5 - - [12/May/2025:19:02:58 +0000] "POST /?q=%3Cscript%3Ealert(1)%3C%2Fscript%3E HTTP/1.1" 301 1746 "https://google.com" "Mozilla/5.0 (Windows NT 10.0; Win64; x64)"
198.51.100.17 - - [13/May/2025:01:27:26 +0000] "POST /home?page=76 HTTP/1.1" 403 1228 "https://google.com" "curl/7.68.0"
10.0.0.5 - - [13/May/2025:07:03:18 +0000] "POST /home?page=85 HTTP/1.1" 403 2915 "https://google.com" "Mozilla/5.0 (Linux; Android 10)"
172.16.0.3 - - [12/May/2025:12:43:14 +0000] "POST /admin.php?user=admin'-- HTTP/1.1" 200 4782 "https://google.com" "Wget/1.20.3 (linux-gnu)"
10.0.0.5 - - [12/May/2025:14:59:15 +0000] "GET /api/user?name=admin; DROP TABLE users; HTTP/1.1" 404 2129 "-" "curl/7.68.0"
192.168.1.10 - - [12/May/2025:10:19:32 +0000] "GET /admin.php?user=admin'-- HTTP/1.1" 200 465 "https://google.com" "Wget/1.20.3 (linux-gnu)"
192.168.1.10 - - [12/May/2025:13:48:26 +0000] "GET /home?page=70 HTTP/1.1" 500 1135 "https://google.com" "Mozilla/5.0 (Linux; Android 10)"
203.0.113.42 - - [12/May/2025:17:26:36 +0000] "GET /home?page=26 HTTP/1.1" 500 2216 "https://google.com" "Mozilla/5.0 (Linux; Android 10)"
198.51.100.17 - - [12/May/2025:20:24:45 +0000] "GET /admin.php?user=admin'-- HTTP/1.1" 301 111 "https://google.com" "Mozilla/5.0 (Windows NT 10.0; Win64; x64)"
10.0.0.5 - - [12/May/2025:15:33:16 +0000] "POST /home?page=28 HTTP/1.1" 200 4260 "https://google.com" "Mozilla/5.0 (Linux; Android 10)"
203.0.113.42 - - [13/May/2025:00:17:32 +0000] "POST /home?page=13 HTTP/1.1" 200 2785 "-" "Mozilla/5.0 (Linux; Android 10)"
198.51.100.17 - - [12/May/2025:19:35:58 +0000] "GET /home?page=11 HTTP/1.1" 301 2737 "-" "curl/7.68.0"
203.0.113.42 - - [12/May/2025:23:11:26 +0000] "GET /home?page=80 HTTP/1.1" 301 2686 "https://google.com" "Mozilla/5.0 (Linux; Android 10)"
10.0.0.5 - - [12/May/2025:08:40:24 +0000] "POST /home?page=18 HTTP/1.1" 404 1973 "-" "Wget/1.20.3 (linux-gnu)"
203.0.113.42 - - [13/May/2025:03:14:42 +0000] "GET /home?page=32 HTTP/1.1" 404 1247 "https://google.com" "curl/7.68.0"
172.16.0.3 - - [13/May/2025:07:12:10 +0000] "GET /home?page=20 HTTP/1.1" 403 1332 "-" "Wget/1.20.3 (linux-gnu)"
172.16.0.3 - - [12/May/2025:13:26:16 +0000] "POST /home?page=43 HTTP/1.1" 500 3922 "https://google.com" "Mozilla/5.0 (Linux; Android 10)"
10.0.0.5 - - [12/May/2025:14:20:45 +0000] "GET /api/user?name=admin; DROP TABLE users; HTTP/1.1" 200 700 "https://google.com" "Mozilla/5.0 (Linux; Android 10)"
203.0.113.42 - - [12/May/2025:09:17:59 +0000] "POST /home?page=27 HTTP/1.1" 200 1751 "https://google.com" "Mozilla/5.0 (Windows NT 10.0; Win64; x64)"
10.0.0.5 - - [13/May/2025:07:22:15 +0000] "POST /index.php?id=1' OR '1'='1 HTTP/1.1" 404 2596 "-" "Wget/1.20.3 (linux-gnu)"
198.51.100.17 - - [12/May/2025:14:54:19 +0000] "POST /home?page=85 HTTP/1.1" 301 2455 "-" "Mozilla/5.0 (Windows NT 10.0; Win64; x64)"
203.0.113.42 - - [13/May/2025:01:01:17 +0000] "POST /?q=%3Cscript%3Ealert(1)%3C%2Fscript%3E HTTP/1.1" 301 635 "https://google.com" "curl/7.68.0"
198.51.100.17 - - [13/May/2025:07:48:25 +0000] "POST /home?page=56 HTTP/1.1" 403 131 "https://google.com" "Mozilla/5.0 (Windows NT 10.0; Win64; x64)"
203.0.113.42 - - [13/May/2025:05:49:21 +0000] "GET /home?page=96 HTTP/1.1" 301 2333 "https://google.com" "Wget/1.20.3 (linux-gnu)"
198.51.100.17 - - [12/May/2025:18:05:07 +0000] "GET /home?page=37 HTTP/1.1" 500 2426 "-" "curl/7.68.0"
10.0.0.5 - - [12/May/2025:15:44:50 +0000] "POST /login?redirect=http://evil.com HTTP/1.1" 301 469 "https://google.com" "Mozilla/5.0 (Windows NT 10.0; Win64; x64)"
203.0.113.42 - - [13/May/2025:08:12:01 +0000] "GET /home?page=92 HTTP/1.1" 404 4237 "https://google.com" "Mozilla/5.0 (Linux; Android 10)"
172.16.0.3 - - [12/May/2025:13:49:41 +0000] "GET /home?page=47 HTTP/1.1" 403 3252 "https://google.com" "Mozilla/5.0 (Linux; Android 10)"
203.0.113.42 - - [12/May/2025:18:57:54 +0000] "POST /home?page=67 HTTP/1.1" 301 4954 "-" "Wget/1.20.3 (linux-gnu)"
10.0.0.5 - - [12/May/2025:15:42:42 +0000] "POST /home?page=57 HTTP/1.1" 500 2391 "-" "Mozilla/5.0 (Windows NT 10.0; Win64; x64)"
172.16.0.3 - - [13/May/2025:03:33:40 +0000] "GET /?q=%3Cscript%3Ealert(1)%3C%2Fscript%3E HTTP/1.1" 301 3027 "-" "Mozilla/5.0 (Linux; Android 10)"
203.0.113.42 - - [13/May/2025:07:01:28 +0000] "POST /home?page=34 HTTP/1.1" 403 1820 "https://google.com" "Wget/1.20.3 (linux-gnu)"
10.0.0.5 - - [12/May/2025:10:32:23 +0000] "GET /?q=%3Cscript%3Ealert(1)%3C%2Fscript%3E HTTP/1.1" 301 797 "https://google.com" "curl/7.68.0"
192.168.1.10 - - [12/May/2025:21:52:42 +0000] "GET /login?redirect=http://evil.com HTTP/1.1" 301 4860 "https://google.com" "Mozilla/5.0 (Windows NT 10.0; Win64; x64)"
198.51.100.17 - - [13/May/2025:01:19:02 +0000] "GET /home?page=90 HTTP/1.1" 404 4915 "-" "curl/7.68.0"
198.51.100.17 - - [12/May/2025:19:29:59 +0000] "GET /home?page=96 HTTP/1.1" 500 3019 "https://google.com" "Wget/1.20.3 (linux-gnu)"
192.168.1.10 - - [12/May/2025:17:34:30 +0000] "POST /home?page=84 HTTP/1.1" 200 2160 "https://google.com" "Mozilla/5.0 (Linux; Android 10)"
172.16.0.3 - - [12/May/2025:21:03:43 +0000] "GET /home?page=75 HTTP/1.1" 404 3594 "https://google.com" "curl/7.68.0"
198.51.100.17 - - [12/May/2025:15:08:18 +0000] "POST /home?page=78 HTTP/1.1" 403 3782 "https://google.com" "Wget/1.20.3 (linux-gnu)"
10.0.0.5 - - [12/May/2025:15:13:10 +0000] "GET /home?page=93 HTTP/1.1" 404 1749 "-" "Mozilla/5.0 (Linux; Android 10)"
172.16.0.3 - - [12/May/2025:19:59:15 +0000] "POST /home?page=25 HTTP/1.1" 500 907 "-" "Wget/1.20.3 (linux-gnu)"
10.0.0.5 - - [12/May/2025:11:02:11 +0000] "GET /home?page=55 HTTP/1.1" 500 4292 "https://google.com" "Mozilla/5.0 (Linux; Android 10)"
172.16.0.3 - - [13/May/2025:01:12:03 +0000] "GET /home?page=39 HTTP/1.1" 500 2470 "https://google.com" "curl/7.68.0"
203.0.113.42 - - [12/May/2025:10:26:33 +0000] "GET /home?page=11 HTTP/1.1" 404 3971 "-" "Mozilla/5.0 (Linux; Android 10)"
192.168.1.10 - - [12/May/2025:16:55:36 +0000] "POST /home?page=99 HTTP/1.1" 500 311 "-" "Mozilla/5.0 (Linux; Android 10)"
10.0.0.5 - - [12/May/2025:20:58:07 +0000] "POST /home?page=68 HTTP/1.1" 301 1025 "-" "Mozilla/5.0 (Windows NT 10.0; Win64; x64)"
172.16.0.3 - - [12/May/2025:14:13:22 +0000] "POST /?cmd=cat%20/etc/passwd HTTP/1.1" 404 1805 "-" "Mozilla/5.0 (Linux; Android 10)"
10.0.0.5 - - [12/May/2025:13:04:10 +0000] "GET /home?page=84 HTTP/1.1" 200 4299 "https://google.com" "Mozilla/5.0 (Windows NT 10.0; Win64; x64)"
192.168.1.10 - - [12/May/2025:23:42:21 +0000] "POST /home?page=30 HTTP/1.1" 500 3802 "-" "Mozilla/5.0 (Linux; Android 10)"
203.0.113.42 - - [12/May/2025:20:26:25 +0000] "GET /home?page=9 HTTP/1.1" 404 1310 "https://google.com" "Mozilla/5.0 (Linux; Android 10)"
172.16.0.3 - - [12/May/2025:09:05:23 +0000] "POST /home?page=32 HTTP/1.1" 404 2835 "https://google.com" "Mozilla/5.0 (Linux; Android 10)"
203.0.113.42 - - [12/May/2025:22:56:01 +0000] "GET /home?page=38 HTTP/1.1" 500 3317 "-" "curl/7.68.0"
192.168.1.10 - - [12/May/2025:17:54:24 +0000] "GET /login?redirect=http://evil.com HTTP/1.1" 200 4675 "https://google.com" "Mozilla/5.0 (Linux; Android 10)"
203.0.113.42 - - [12/May/2025:15:41:37 +0000] "POST /login?redirect=http://evil.com HTTP/1.1" 301 1039 "-" "Wget/1.20.3 (linux-gnu)"
192.168.1.10 - - [13/May/2025:06:40:52 +0000] "POST /page.html?param=../../../../boot.ini HTTP/1.1" 403 4838 "https://google.com" "curl/7.68.0"
192.168.1.10 - - [13/May/2025:03:14:57 +0000] "POST /home?page=74 HTTP/1.1" 200 1291 "-" "Mozilla/5.0 (Windows NT 10.0; Win64; x64)"
10.0.0.5 - - [13/May/2025:01:29:38 +0000] "GET /search.php?query=<script>alert('xss')</script> HTTP/1.1" 200 4844 "https://google.com" "Mozilla/5.0 (Windows NT 10.0; Win64; x64)"
192.168.1.10 - - [12/May/2025:09:41:05 +0000] "POST /home?page=43 HTTP/1.1" 200 1564 "-" "curl/7.68.0"
192.168.1.10 - - [12/May/2025:14:25:29 +0000] "GET /home?page=19 HTTP/1.1" 301 2000 "https://google.com" "Mozilla/5.0 (Windows NT 10.0; Win64; x64)"
198.51.100.17 - - [13/May/2025:02:23:51 +0000] "GET /home?page=97 HTTP/1.1" 301 3339 "https://google.com" "Mozilla/5.0 (Linux; Android 10)"
