203.0.113.42 - - [12/May/2025:15:18:53 +0000] "GET /home?page=76 HTTP/1.1" 404 3266 "https://google.com" "Mozilla/5.0 (Windows NT 10.0; Win64; x64)"
198.51.100.17 - - [13/May/2025:04:52:20 +0000] "POST /home?page=66 HTTP/1.1" 404 4969 "-" "Mozilla/5.0 (Windows NT 10.0; Win64; x64)"
198.51.100.17 - - [12/May/2025:22:38:03 +0000] "POST /home?page=4 HTTP/1.1" 301 4887 "https://google.com" "curl/7.68.0"
192.168.1.10 - - [12/May/2025:23:48:42 +0000] "POST /home?page=84 HTTP/1.1" 404 2605 "https://google.com" "curl/7.68.0"
10.0.0.5 - - [12/May/2025:12:03:35 +0000] "POST /home?page=3 HTTP/1.1" 404 4981 "-" "Mozilla/5.0 (Windows NT 10.0; Win64; x64)"
10.0.0.5 - - [13/May/2025:02:07:25 +0000] "GET /home?page=3 HTTP/1.1" 403 3826 "https://google.com" "curl/7.68.0"
192.168.1.10 - - [12/May/2025:14:25:14 +0000] "POST /home?page=64 HTTP/1.1" 200 2169 "https://google.com" "curl/7.68.0"
198.51.100.17 - - [13/May/2025:02:49:46 +0000] "POST /home?page=97 HTTP/1.1" 500 1802 "https://google.com" "Mozilla/5.0 (Windows NT 10.0; Win64; x64)"
10.0.0.5 - - [13/May/2025:03:07:00 +0000] "POST /home?page=1 HTTP/1.1" 200 4478 "https://google.com" "Mozilla/5.0 (Windows NT 10.0; Win64; x64)"
203.0.113.42 - - [13/May/2025:06:57:31 +0000] "POST /home?page=25 HTTP/1.1" 404 1200 "https://google.com" "Mozilla/5.0 (Linux; Android 10)"
172.16.0.3 - - [12/May/2025:17:29:23 +0000] "POST /../../../../etc/passwd HTTP/1.1" 500 544 "https://google.com" "Mozilla/5.0 (Windows NT 10.0; Win64; x64)"
172.16.0.3 - - [12/May/2025:11:03:17 +0000] "POST /home?page=18 HTTP/1.1" 404 4980 "https://google.com" "Mozilla/5.0 (Windows NT 10.0; Win64; x64)"
192.168.1.10 - - [13/May/2025:00:26:41 +0000] "POST /home?page=5 HTTP/1.1" 403 203 "https://google.com" "Mozilla/5.0 (Windows NT 10.0; Win64; x64)"
203.0.113.42 - - [13/May/2025:06:32:16 +0000] "GET /home?page=69 HTTP/1.1" 301 992 "https://google.com" "Wget/1.20.3 (linux-gnu)"
172.16.0.3 - - [13/May/2025:06:07:02 +0000] "POST /login?redirect=http://evil.com HTTP/1.1" 404 2810 "https://google.com" "Mozilla/5.0 (Linux; Android 10)"
10.0.0.5 - - [12/May/2025:11:20:05 +0000] "GET /admin.php?user=admin'-- HTTP/1.1" 301 2061 "-" "Wget/1.20.3 (linux-gnu)"
198.51.100.17 - - [13/May/2025:02:01:07 +0000] "POST /../../../../etc/passwd HTTP/1.1" 404 4516 "-" "Mozilla/5.0 (Windows NT 10.0; Win64; x64)"
192.168.1.10 - - [12/May/2025:18:12:06 +0000] "POST /search.php?query=<script>alert('xss')</script> HTTP/1.1" 200 4573 "-" "curl/7.68.0"
192.168.1.10 - - [13/May/2025:03:13:18 +0000] "POST /home?page=62 HTTP/1.1" 301 3254 "-" "curl/7.68.0"
10.0.0.5 - - [12/May/2025:10:56:04 +0000] "GET /home?page=98 HTTP/1.1" 404 3811 "-" "curl/7.68.0"
203.0.113.42 - - [13/May/2025:08:00:32 +0000] "GET /home?page=18 HTTP/1.1" 200 976 "https://google.com" "Mozilla/5.0 (Windows NT 10.0; Win64; x64)"
192.168.1.10 - - [12/May/2025:15:01:27 +0000] "POST /home?page=60 HTTP/1.1" 403 3675 "-" "Mozilla/5.0 (Linux; Android 10)"
192.168.1.10 - - [12/May/2025:13:38:25 +0000] "POST /page.html?param=../../../../boot.ini HTTP/1.1" 200 1337 "https://google.com" "Mozilla/5.0 (Linux; Android 10)"
172.16.0.3 - - [12/May/2025:20:50:14 +0000] "GET /home?page=21 HTTP/1.1" 403 804 "-" "Wget/1.20.3 (linux-gnu)"
10.0.0.5 - - [13/May/2025:06:06:51 +0000] "GET /home?page=5 HTTP/1.1" 500 650 "https://google.com" "Wget/1.20.3 (linux-gnu)"
198.51.100.17 - - [12/May/2025:22:24:08 +0000] "POST /home?page=7 HTTP/1.1" 301 3913 "-" "Mozilla/5.0 (Windows NT 10.0; Win64; x64)"
10.0.0.5 - - [13/May/2025:01:12:05 +0000] "POST /index.php?id=1' OR '1'='1 HTTP/1.1" 403 2308 "https://google.com" "Wget/1.20.3 (linux-gnu)"
10.0.0.5 - - [13/May/2025:06:04:22 +0000] "POST /home?page=84 HTTP/1.1" 403 2614 "-" "Mozilla/5.0 (Windows NT 10.0; Win64; x64)"
172.16.0.3 - - [12/May/2025:11:53:43 +0000] "POST /home?page=43 HTTP/1.1" 500 1121 "-" "curl/7.68.0"
172.16.0.3 - - [12/May/2025:09:16:29 +0000] "POST /login?redirect=http://evil.com HTTP/1.1" 301 318 "-" "Wget/1.20.3 (linux-gnu)"
203.0.113.42 - - [13/May/2025:05:20:56 +0000] "POST /home?page=69 HTTP/1.1" 301 4657 "https://google.com" "Mozilla/5.0 (Linux; Android 10)"
172.16.0.3 - - [12/May/2025:17:43:31 +0000] "GET /home?page=36 HTTP/1.1" 500 3119 "https://google.com" "Mozilla/5.0 (Linux; Android 10)"
192.168.1.10 - - [12/May/2025:13:55:27 +0000] "POST /home?page=89 HTTP/1.1" 500 2118 "-" "Mozilla/5.0 (Linux; Android 10)"
192.168.1.10 - - [12/May/2025:14:33:29 +0000] "GET /home?page=4 HTTP/1.1" 404 742 "-" "Wget/1.20.3 (linux-gnu)"
192.168.1.10 - - [12/May/2025:09:39:19 +0000] "GET /home?page=48 HTTP/1.1" 200 4283 "-" "curl/7.68.0"
203.0.113.42 - - [12/May/2025:09:08:42 +0000] "GET /home?page=29 HTTP/1.1" 301 2025 "https://google.com" "curl/7.68.0"
10.0.0.5 - - [13/May/2025:01:10:25 +0000] "GET /home?page=53 HTTP/1.1" 301 3574 "https://google.com" "Mozilla/5.0 (Linux; Android 10)"
192.168.1.10 - - [12/May/2025:15:09:34 +0000] "GET /home?page=5 HTTP/1.1" 500 952 "-" "Mozilla/5.0 (Windows NT 10.0; Win64; x64)"
172.16.0.3 - - [13/May/2025:02:15:16 +0000] "GET /home?page=65 HTTP/1.1" 500 4335 "https://google.com" "curl/7.68.0"
203.0.113.42 - - [12/May/2025:22:07:12 +0000] "POST /page.html?param=../../../../boot.ini HTTP/1.1" 200 2446 "-" "Wget/1.20.3 (linux-gnu)"
10.0.0.5 - - [13/May/2025:02:44:13 +0000] "POST /?cmd=cat%20/etc/passwd HTTP/1.1" 404 2842 "https://google.com" "Mozilla/5.0 (Linux; Android 10)"
203.0.113.42 - - [12/May/2025:11:43:30 +0000] "GET /home?page=67 HTTP/1.1" 404 4815 "-" "Mozilla/5.0 (Linux; Android 10)"
203.0.113.42 - - [12/May/2025:11:07:24 +0000] "GET /home?page=12 HTTP/1.1" 500 4541 "https://google.com" "curl/7.68.0"
203.0.113.42 - - [12/May/2025:19:24:49 +0000] "GET /home?page=42 HTTP/1.1" 404 2591 "-" "Wget/1.20.3 (linux-gnu)"
198.51.100.17 - - [12/May/2025:21:20:03 +0000] "POST /home?page=19 HTTP/1.1" 301 2323 "https://google.com" "Wget/1.20.3 (linux-gnu)"
203.0.113.42 - - [12/May/2025:10:37:11 +0000] "GET /home?page=7 HTTP/1.1" 301 3686 "-" "curl/7.68.0"
203.0.113.42 - - [12/May/2025:12:23:25 +0000] "POST /search.php?query=<script>alert('xss')</script> HTTP/1.1" 403 1981 "-" "curl/7.68.0"
198.51.100.17 - - [12/May/2025:13:23:57 +0000] "POST /home?page=67 HTTP/1.1" 404 4737 "https://google.com" "Mozilla/5.0 (Windows NT 10.0; Win64; x64)"
192.168.1.10 - - [12/May/2025:15:42:26 +0000] "POST /home?page=17 HTTP/1.1" 403 1221 "https://google.com" "Mozilla/5.0 (Windows NT 10.0; Win64; x64)"
198.51.100.17 - - [13/May/2025:00:13:13 +0000] "POST /home?page=23 HTTP/1.1" 200 4676 "https://google.com" "Wget/1.20.3 (linux-gnu)"
198.51.100.17 - - [12/May/2025:21:36:59 +0000] "POST /admin.php?user=admin'-- HTTP/1.1" 403 206 "https://google.com" "Mozilla/5.0 (Windows NT 10.0; Win64; x64)"
192.168.1.10 - - [12/May/2025:23:48:55 +0000] "GET /page.html?param=../../../../boot.ini HTTP/1.1" 403 2910 "-" "curl/7.68.0"
198.51.100.17 - - [12/May/2025:16:45:23 +0000] "GET /home?page=22 HTTP/1.1" 404 4070 "https://google.com" "curl/7.68.0"
198.51.100.17 - - [13/May/2025:07:32:20 +0000] "GET /home?page=93 HTTP/1.1" 500 4693 "-" "Mozilla/5.0 (Windows NT 10.0; Win64; x64)"
192.168.1.10 - - [12/May/2025:14:38:04 +0000] "POST /home?page=25 HTTP/1.1" 404 1406 "-" "Mozilla/5.0 (Windows NT 10.0; Win64; x64)"
172.16.0.3 - - [13/May/2025:04:23:33 +0000] "GET /../../../../etc/passwd HTTP/1.1" 500 3541 "-" "Wget/1.20.3 (linux-gnu)"
192.168.1.10 - - [12/May/2025:17:23:30 +0000] "POST /login?redirect=http://evil.com HTTP/1.1" 500 1988 "-" "Mozilla/5.0 (Windows NT 10.0; Win64; x64)"
192.168.1.10 - - [13/May/2025:03:09:53 +0000] "POST /home?page=84 HTTP/1.1" 500 606 "-" "Mozilla/5.0 (Linux; Android 10)"
198.51.100.17 - - [12/May/2025:18:40:32 +0000] "POST /?q=%3Cscript%3Ealert(1)%3C%2Fscript%3E HTTP/1.1" 200 4392 "https://google.com" "Wget/1.20.3 (linux-gnu)"
192.168.1.10 - - [12/May/2025:11:52:15 +0000] "GET /index.php?id=1' OR '1'='1 HTTP/1.1" 403 1625 "https://google.com" "Mozilla/5.0 (Linux; Android 10)"
203.0.113.42 - - [13/May/2025:03:33:28 +0000] "POST /home?page=48 HTTP/1.1" 301 4298 "-" "Wget/1.20.3 (linux-gnu)"
198.51.100.17 - - [12/May/2025:09:28:40 +0000] "POST /page.html?param=../../../../boot.ini HTTP/1.1" 301 1537 "-" "Mozilla/5.0 (Windows NT 10.0; Win64; x64)"
192.168.1.10 - - [12/May/2025:11:26:03 +0000] "POST /home?page=64 HTTP/1.1" 404 279 "-" "curl/7.68.0"
192.168.1.10 - - [12/May/2025:19:15:22 +0000] "POST /home?page=55 HTTP/1.1" 200 1859 "https://google.com" "Wget/1.20.3 (linux-gnu)"
203.0.113.42 - - [12/May/2025:21:11:31 +0000] "GET /home?page=93 HTTP/1.1" 403 1666 "-" "Mozilla/5.0 (Windows NT 10.0; Win64; x64)"
203.0.113.42 - - [13/May/2025:01:15:49 +0000] "POST /page.html?param=../../../../boot.ini HTTP/1.1" 500 3873 "https://google.com" "Wget/1.20.3 (linux-gnu)"
172.16.0.3 - - [12/May/2025:16:47:36 +0000] "GET /../../../../etc/passwd HTTP/1.1" 200 4279 "https://google.com" "Wget/1.20.3 (linux-gnu)"
198.51.100.17 - - [12/May/2025:09:23:05 +0000] "GET /search.php?query=<script>alert('xss')</script> HTTP/1.1" 301 1237 "-" "Wget/1.20.3 (linux-gnu)"
172.16.0.3 - - [12/May/2025:21:38:11 +0000] "POST /home?page=83 HTTP/1.1" 404 4523 "https://google.com" "Mozilla/5.0 (Windows NT 10.0; Win64; x64)"
172.16.0.3 - - [12/May/2025:13:31:11 +0000] "GET /home?page=40 HTTP/1.1" 200 3046 "https://google.com" "Mozilla/5.0 (Windows NT 10.0; Win64; x64)"
192.168.1.10 - - [13/May/2025:04:35:33 +0000] "GET /?q=%3Cscript%3Ealert(1)%3C%2Fscript%3E HTTP/1.1" 403 155 "-" "Wget/1.20.3 (linux-gnu)"
203.0.113.42 - - [13/May/2025:04:40:54 +0000] "GET /home?page=54 HTTP/1.1" 301 4541 "https://google.com" "Mozilla/5.0 (Windows NT 10.0; Win64; x64)"
10.0.0.5 - - [13/May/2025:00:33:40 +0000] "POST /home?page=62 HTTP/1.1" 403 3265 "-" "Mozilla/5.0 (Linux; Android 10)"
203.0.113.42 - - [12/May/2025:08:45:20 +0000] "POST /home?page=83 HTTP/1.1" 403 4514 "https://google.com" "Mozilla/5.0 (Linux; Android 10)"
198.51.100.17 - - [13/May/2025:03:45:28 +0000] "POST /?q=%3Cscript%3Ealert(1)%3C%2Fscript%3E HTTP/1.1" 301 2009 "https://google.com" "Mozilla/5.0 (Windows NT 10.0; Win64; x64)"
192.168.1.10 - - [13/May/2025:00:22:28 +0000] "GET /home?page=28 HTTP/1.1" 403 365 "https://google.com" "Mozilla/5.0 (Linux; Android 10)"
203.0.113.42 - - [12/May/2025:17:04:03 +0000] "POST /home?page=4 HTTP/1.1" 404 884 "https://google.com" "Mozilla/5.0 (Windows NT 10.0; Win64; x64)"
10.0.0.5 - - [12/May/2025:14:25:49 +0000] "GET /home?page=32 HTTP/1.1" 200 4177 "https://google.com" "Wget/1.20.3 (linux-gnu)"
10.0.0.5 - - [12/May/2025:21:58:12 +0000] "GET /?q=%3Cscript%3Ealert(1)%3C%2Fscript%3E HTTP/1.1" 200 732 "-" "curl/7.68.0"
10.0.0.5 - - [12/May/2025:21:37:00 +0000] "POST /?cmd=cat%20/etc/passwd HTTP/1.1" 404 4314 "-" "Mozilla/5.0 (Windows NT 10.0; Win64; x64)"
172.16.0.3 - - [13/May/2025:07:23:56 +0000] "GET /home?page=63 HTTP/1.1" 403 3486 "-" "Mozilla/5.0 (Windows NT 10.0; Win64; x64)"
172.16.0.3 - - [12/May/2025:13:40:33 +0000] "POST /../../../../etc/passwd HTTP/1.1" 500 1959 "https://google.com" "Mozilla/5.0 (Windows NT 10.0; Win64; x64)"
192.168.1.10 - - [13/May/2025:02:55:23 +0000] "GET /home?page=63 HTTP/1.1" 301 1653 "https://google.com" "Mozilla/5.0 (Windows NT 10.0; Win64; x64)"
192.168.1.10 - - [12/May/2025:15:31:49 +0000] "POST /../../../../etc/passwd HTTP/1.1" 301 3202 "-" "curl/7.68.0"
198.51.100.17 - - [12/May/2025:09:54:03 +0000] "GET /home?page=75 HTTP/1.1" 500 3041 "https://google.com" "Mozilla/5.0 (Windows NT 10.0; Win64; x64)"
192.168.1.10 - - [12/May/2025:21:44:17 +0000] "POST /admin.php?user=admin'-- HTTP/1.1" 301 1136 "https://google.com" "Mozilla/5.0 (Windows NT 10.0; Win64; x64)"
172.16.0.3 - - [12/May/2025:13:07:54 +0000] "GET /home?page=39 HTTP/1.1" 500 4691 "https://google.com" "curl/7.68.0"
198.51.100.17 - - [13/May/2025:00:11:14 +0000] "GET /home?page=15 HTTP/1.1" 500 2167 "https://google.com" "Mozilla/5.0 (Windows NT 10.0; Win64; x64)"
192.168.1.10 - - [12/May/2025:21:48:48 +0000] "POST /login?redirect=http://evil.com HTTP/1.1" 500 4540 "https://google.com" "Wget/1.20.3 (linux-gnu)"
203.0.113.42 - - [13/May/2025:01:50:11 +0000] "POST /home?page=10 HTTP/1.1" 404 3108 "https://google.com" "Wget/1.20.3 (linux-gnu)"
203.0.113.42 - - [12/May/2025:21:08:07 +0000] "GET /home?page=44 HTTP/1.1" 200 2880 "https://google.com" "Mozilla/5.0 (Linux; Android 10)"
198.51.100.17 - - [12/May/2025:23:55:14 +0000] "GET /home?page=10 HTTP/1.1" 404 1552 "-" "curl/7.68.0"
10.0.0.5 - - [13/May/2025:06:17:48 +0000] "POST /home?page=23 HTTP/1.1" 500 4351 "https://google.com" "curl/7.68.0"
172.16.0.3 - - [12/May/2025:10:37:35 +0000] "POST /home?page=13 HTTP/1.1" 200 181 "-" "Mozilla/5.0 (Windows NT 10.0; Win64; x64)"
10.0.0.5 - - [12/May/2025:23:59:54 +0000] "GET /admin.php?user=admin'-- HTTP/1.1" 404 1241 "https://google.com" "Mozilla/5.0 (Windows NT 10.0; Win64; x64)"
198.51.100.17 - - [13/May/2025:05:04:56 +0000] "GET /home?page=25 HTTP/1.1" 403 3090 "-" "Mozilla/5.0 (Windows NT 10.0; Win64; x64)"
10.0.0.5 - - [13/May/2025:04:38:23 +0000] "GET /home?page=69 HTTP/1.1" 404 839 "-" "Mozilla/5.0 (Windows NT 10.0; Win64; x64)"
192.168.1.10 - - [13/May/2025:00:37:35 +0000] "GET /api/user?name=admin; DROP TABLE users; HTTP/1.1" 200 1631 "-" "Wget/1.20.3 (linux-gnu)"
198.51.100.17 - - [12/May/2025:20:34:11 +0000] "POST /home?page=72 HTTP/1.1" 200 1918 "https://google.com" "Mozilla/5.0 (Windows NT 10.0; Win64; x64)"
172.16.0.3 - - [13/May/2025:03:53:13 +0000] "POST /home?page=78 HTTP/1.1" 200 3142 "-" "curl/7.68.0"
10.0.0.5 - - [12/May/2025:15:50:50 +0000] "POST /api/user?name=admin; DROP TABLE users; HTTP/1.1" 500 2324 "-" "Mozilla/5.0 (Windows NT 10.0; Win64; x64)"
172.16.0.3 - - [12/May/2025:21:58:09 +0000] "GET /home?page=27 HTTP/1.1" 404 2622 "-" "Mozilla/5.0 (Windows NT 10.0; Win64; x64)"
198.51.100.17 - - [13/May/2025:01:24:42 +0000] "POST /home?page=21 HTTP/1.1" 500 2580 "https://google.com" "Wget/1.20.3 (linux-gnu)"
192.168.1.10 - - [12/May/2025:19:29:55 +0000] "POST /?q=%3Cscript%3Ealert(1)%3C%2Fscript%3E HTTP/1.1" 301 384 "https://google.com" "curl/7.68.0"
10.0.0.5 - - [13/May/2025:04:06:00 +0000] "GET /home?page=60 HTTP/1.1" 200 1772 "https://google.com" "curl/7.68.0"
172.16.0.3 - - [12/May/2025:11:05:26 +0000] "GET /home?page=56 HTTP/1.1" 200 4793 "-" "Mozilla/5.0 (Linux; Android 10)"
10.0.0.5 - - [12/May/2025:08:58:30 +0000] "POST /home?page=45 HTTP/1.1" 403 4516 "-" "Mozilla/5.0 (Windows NT 10.0; Win64; x64)"
172.16.0.3 - - [12/May/2025:23:11:54 +0000] "POST /home?page=32 HTTP/1.1" 404 3359 "https://google.com" "curl/7.68.0"
203.0.113.42 - - [13/May/2025:01:50:11 +0000] "POST /home?page=24 HTTP/1.1" 404 4653 "-" "Mozilla/5.0 (Linux; Android 10)"
10.0.0.5 - - [13/May/2025:07:07:55 +0000] "GET /home?page=7 HTTP/1.1" 500 2132 "-" "curl/7.68.0"
198.51.100.17 - - [12/May/2025:09:14:22 +0000] "POST /home?page=1 HTTP/1.1" 200 1928 "-" "Mozilla/5.0 (Windows NT 10.0; Win64; x64)"
10.0.0.5 - - [12/May/2025:10:28:50 +0000] "GET /home?page=11 HTTP/1.1" 403 1176 "https://google.com" "Mozilla/5.0 (Windows NT 10.0; Win64; x64)"
10.0.0.5 - - [12/May/2025:16:10:30 +0000] "GET /home?page=6 HTTP/1.1" 200 203 "-" "Mozilla/5.0 (Linux; Android 10)"
203.0.113.42 - - [12/May/2025:18:25:03 +0000] "POST /home?page=90 HTTP/1.1" 200 755 "-" "Wget/1.20.3 (linux-gnu)"
192.168.1.10 - - [12/May/2025:22:03:36 +0000] "POST /admin.php?user=admin'-- HTTP/1.1" 403 3190 "-" "curl/7.68.0"
198.51.100.17 - - [13/May/2025:04:52:03 +0000] "POST /home?page=100 HTTP/1.1" 404 3956 "https://google.com" "Wget/1.20.3 (linux-gnu)"
198.51.100.17 - - [12/May/2025:19:24:15 +0000] "POST /home?page=18 HTTP/1.1" 500 4805 "-" "curl/7.68.0"
192.168.1.10 - - [12/May/2025:20:02:14 +0000] "GET /home?page=42 HTTP/1.1" 500 2661 "-" "Mozilla/5.0 (Linux; Android 10)"
198.51.100.17 - - [12/May/2025:20:50:17 +0000] "GET /home?page=50 HTTP/1.1" 404 2977 "https://google.com" "Wget/1.20.3 (linux-gnu)"
198.51.100.17 - - [12/May/2025:20:22:31 +0000] "GET /home?page=54 HTTP/1.1" 404 3469 "https://google.com" "curl/7.68.0"
10.0.0.5 - - [12/May/2025:22:00:04 +0000] "GET /home?page=63 HTTP/1.1" 404 1835 "-" "Wget/1.20.3 (linux-gnu)"
198.51.100.17 - - [12/May/2025:14:33:23 +0000] "POST /../../../../etc/passwd HTTP/1.1" 500 4847 "https://google.com" "Wget/1.20.3 (linux-gnu)"
172.16.0.3 - - [13/May/2025:00:15:44 +0000] "POST /home?page=67 HTTP/1.1" 301 4018 "https://google.com" "Mozilla/5.0 (Linux; Android 10)"
198.51.100.17 - - [13/May/2025:01:04:10 +0000] "POST /?q=%3Cscript%3Ealert(1)%3C%2Fscript%3E HTTP/1.1" 500 3150 "-" "Mozilla/5.0 (Windows NT 10.0; Win64; x64)"
172.16.0.3 - - [13/May/2025:04:01:23 +0000] "GET /home?page=12 HTTP/1.1" 404 4329 "https://google.com" "Mozilla/5.0 (Windows NT 10.0; Win64; x64)"
203.0.113.42 - - [12/May/2025:20:47:41 +0000] "POST /home?page=3 HTTP/1.1" 301 4310 "-" "Mozilla/5.0 (Linux; Android 10)"
192.168.1.10 - - [12/May/2025:14:44:44 +0000] "POST /home?page=50 HTTP/1.1" 404 883 "-" "Mozilla/5.0 (Linux; Android 10)"
192.168.1.10 - - [12/May/2025:09:43:15 +0000] "POST /page.html?param=../../../../boot.ini HTTP/1.1" 500 3290 "-" "Wget/1.20.3 (linux-gnu)"
198.51.100.17 - - [12/May/2025:11:57:50 +0000] "POST /page.html?param=../../../../boot.ini HTTP/1.1" 500 1796 "https://google.com" "curl/7.68.0"
203.0.113.42 - - [12/May/2025:18:57:37 +0000] "POST /home?page=25 HTTP/1.1" 500 2153 "https://google.com" "Mozilla/5.0 (Windows NT 10.0; Win64; x64)"
203.0.113.42 - - [13/May/2025:01:32:50 +0000] "GET /admin.php?user=admin'-- HTTP/1.1" 301 4084 "https://google.com" "Mozilla/5.0 (Windows NT 10.0; Win64; x64)"
10.0.0.5 - - [12/May/2025:11:29:36 +0000] "POST /login?redirect=http://evil.com HTTP/1.1" 301 3305 "-" "Wget/1.20.3 (linux-gnu)"
10.0.0.5 - - [13/May/2025:01:36:06 +0000] "GET /search.php?query=<script>alert('xss')</script> HTTP/1.1" 404 1650 "-" "Mozilla/5.0 (Linux; Android 10)"
203.0.113.42 - - [12/May/2025:19:01:55 +0000] "POST /home?page=43 HTTP/1.1" 403 3588 "https://google.com" "Wget/1.20.3 (linux-gnu)"
10.0.0.5 - - [13/May/2025:06:15:47 +0000] "GET /home?page=88 HTTP/1.1" 404 1859 "https://google.com" "Mozilla/5.0 (Linux; Android 10)"
10.0.0.5 - - [12/May/2025:22:38:12 +0000] "GET /home?page=95 HTTP/1.1" 200 1325 "-" "Mozilla/5.0 (Linux; Android 10)"
203.0.113.42 - - [12/May/2025:10:10:02 +0000] "GET /home?page=51 HTTP/1.1" 404 675 "https://google.com" "curl/7.68.0"
198.51.100.17 - - [12/May/2025:14:27:08 +0000] "GET /home?page=81 HTTP/1.1" 403 116 "-" "Wget/1.20.3 (linux-gnu)"
203.0.113.42 - - [12/May/2025:10:03:34 +0000] "GET /admin.php?user=admin'-- HTTP/1.1" 403 3930 "https://google.com" "Mozilla/5.0 (Windows NT 10.0; Win64; x64)"
198.51.100.17 - - [13/May/2025:07:00:48 +0000] "POST /home?page=66 HTTP/1.1" 500 2965 "https://google.com" "Mozilla/5.0 (Windows NT 10.0; Win64; x64)"
203.0.113.42 - - [12/May/2025:20:03:53 +0000] "POST /home?page=53 HTTP/1.1" 500 337 "https://google.com" "Mozilla/5.0 (Windows NT 10.0; Win64; x64)"
203.0.113.42 - - [12/May/2025:10:50:47 +0000] "POST /page.html?param=../../../../boot.ini HTTP/1.1" 404 3822 "-" "Mozilla/5.0 (Linux; Android 10)"
192.168.1.10 - - [13/May/2025:06:33:19 +0000] "POST /home?page=69 HTTP/1.1" 403 1786 "https://google.com" "Mozilla/5.0 (Linux; Android 10)"
10.0.0.5 - - [12/May/2025:12:21:15 +0000] "GET /login?redirect=http://evil.com HTTP/1.1" 301 3927 "-" "Mozilla/5.0 (Windows NT 10.0; Win64; x64)"
203.0.113.42 - - [12/May/2025:19:55:17 +0000] "POST /search.php?query=<script>alert('xss')</script> HTTP/1.1" 403 2029 "https://google.com" "Wget/1.20.3 (linux-gnu)"
198.51.100.17 - - [12/May/2025:16:10:39 +0000] "POST /home?page=20 HTTP/1.1" 404 3294 "-" "Wget/1.20.3 (linux-gnu)"
192.168.1.10 - - [12/May/2025:19:39:52 +0000] "POST /home?page=57 HTTP/1.1" 403 4309 "https://google.com" "Mozilla/5.0 (Linux; Android 10)"
198.51.100.17 - - [12/May/2025:15:37:30 +0000] "POST /home?page=44 HTTP/1.1" 301 811 "https://google.com" "Wget/1.20.3 (linux-gnu)"
203.0.113.42 - - [13/May/2025:00:19:06 +0000] "GET /home?page=24 HTTP/1.1" 500 2560 "https://google.com" "Mozilla/5.0 (Linux; Android 10)"
203.0.113.42 - - [13/May/2025:08:25:48 +0000] "GET /home?page=16 HTTP/1.1" 500 1069 "https://google.com" "Mozilla/5.0 (Windows NT 10.0; Win64; x64)"
203.0.113.42 - - [13/May/2025:03:01:16 +0000] "POST /home?page=17 HTTP/1.1" 500 710 "https://google.com" "Mozilla/5.0 (Linux; Android 10)"
172.16.0.3 - - [12/May/2025:14:21:02 +0000] "GET /page.html?param=../../../../boot.ini HTTP/1.1" 301 934 "-" "Mozilla/5.0 (Windows NT 10.0; Win64; x64)"
192.168.1.10 - - [12/May/2025:10:56:26 +0000] "GET /home?page=7 HTTP/1.1" 404 3531 "-" "curl/7.68.0"
10.0.0.5 - - [12/May/2025:08:45:51 +0000] "GET /home?page=85 HTTP/1.1" 404 3148 "-" "Mozilla/5.0 (Linux; Android 10)"
192.168.1.10 - - [13/May/2025:08:01:13 +0000] "POST /home?page=10 HTTP/1.1" 500 3961 "https://google.com" "Mozilla/5.0 (Linux; Android 10)"
172.16.0.3 - - [12/May/2025:12:39:04 +0000] "GET /home?page=31 HTTP/1.1" 301 4171 "https://google.com" "Wget/1.20.3 (linux-gnu)"
10.0.0.5 - - [13/May/2025:00:25:34 +0000] "GET /home?page=88 HTTP/1.1" 500 4538 "https://google.com" "Wget/1.20.3 (linux-gnu)"
10.0.0.5 - - [13/May/2025:07:58:19 +0000] "POST /login?redirect=http://evil.com HTTP/1.1" 500 1706 "-" "Mozilla/5.0 (Linux; Android 10)"
10.0.0.5 - - [13/May/2025:02:04:06 +0000] "GET /home?page=53 HTTP/1.1" 404 4951 "https://google.com" "Wget/1.20.3 (linux-gnu)"
172.16.0.3 - - [12/May/2025:19:42:34 +0000] "GET /home?page=46 HTTP/1.1" 403 1451 "https://google.com" "Wget/1.20.3 (linux-gnu)"
203.0.113.42 - - [12/May/2025:17:49:56 +0000] "POST /home?page=72 HTTP/1.1" 500 4512 "-" "curl/7.68.0"
203.0.113.42 - - [12/May/2025:22:56:58 +0000] "POST /home?page=61 HTTP/1.1" 200 3290 "https://google.com" "curl/7.68.0"
198.51.100.17 - - [13/May/2025:04:17:15 +0000] "POST /home?page=31 HTTP/1.1" 200 3543 "https://google.com" "Wget/1.20.3 (linux-gnu)"
192.168.1.10 - - [13/May/2025:05:11:13 +0000] "POST /search.php?query=<script>alert('xss')</script> HTTP/1.1" 301 2855 "https://google.com" "Wget/1.20.3 (linux-gnu)"
203.0.113.42 - - [12/May/2025:22:57:28 +0000] "POST /page.html?param=../../../../boot.ini HTTP/1.1" 500 4438 "-" "Wget/1.20.3 (linux-gnu)"
198.51.100.17 - - [12/May/2025:19:30:28 +0000] "POST /home?page=33 HTTP/1.1" 403 2560 "https://google.com" "curl/7.68.0"
172.16.0.3 - - [13/May/2025:05:10:02 +0000] "GET /home?page=62 HTTP/1.1" 500 912 "-" "Mozilla/5.0 (Windows NT 10.0; Win64; x64)"
192.168.1.10 - - [12/May/2025:08:48:54 +0000] "POST /home?page=91 HTTP/1.1" 403 4683 "-" "Mozilla/5.0 (Windows NT 10.0; Win64; x64)"
198.51.100.17 - - [12/May/2025:23:07:09 +0000] "GET /home?page=64 HTTP/1.1" 500 2522 "https://google.com" "Mozilla/5.0 (Windows NT 10.0; Win64; x64)"
198.51.100.17 - - [12/May/2025:23:08:47 +0000] "GET /home?page=19 HTTP/1.1" 404 1536 "-" "Mozilla/5.0 (Linux; Android 10)"
10.0.0.5 - - [13/May/2025:07:40:24 +0000] "GET /home?page=75 HTTP/1.1" 500 3454 "-" "Mozilla/5.0 (Linux; Android 10)"
192.168.1.10 - - [13/May/2025:05:59:41 +0000] "POST /home?page=8 HTTP/1.1" 200 703 "-" "curl/7.68.0"
172.16.0.3 - - [13/May/2025:03:59:13 +0000] "GET /home?page=12 HTTP/1.1" 403 3135 "https://google.com" "curl/7.68.0"
192.168.1.10 - - [12/May/2025:21:24:47 +0000] "POST /index.php?id=1' OR '1'='1 HTTP/1.1" 301 2779 "-" "Wget/1.20.3 (linux-gnu)"
192.168.1.10 - - [12/May/2025:19:06:45 +0000] "POST /?cmd=cat%20/etc/passwd HTTP/1.1" 301 541 "https://google.com" "Mozilla/5.0 (Windows NT 10.0; Win64; x64)"
203.0.113.42 - - [12/May/2025:08:44:40 +0000] "POST /home?page=51 HTTP/1.1" 404 4720 "https://google.com" "Mozilla/5.0 (Windows NT 10.0; Win64; x64)"
198.51.100.17 - - [12/May/2025:08:58:11 +0000] "POST /admin.php?user=admin'-- HTTP/1.1" 200 2520 "https://google.com" "Mozilla/5.0 (Windows NT 10.0; Win64; x64)"
192.168.1.10 - - [12/May/2025:23:40:48 +0000] "POST /home?page=12 HTTP/1.1" 404 4749 "-" "Mozilla/5.0 (Linux; Android 10)"
10.0.0.5 - - [12/May/2025:17:31:48 +0000] "POST /search.php?query=<script>alert('xss')</script> HTTP/1.1" 500 1963 "-" "Mozilla/5.0 (Windows NT 10.0; Win64; x64)"
172.16.0.3 - - [12/May/2025:21:59:56 +0000] "GET /home?page=28 HTTP/1.1" 404 4861 "-" "Mozilla/5.0 (Linux; Android 10)"
203.0.113.42 - - [13/May/2025:03:45:52 +0000] "GET /?cmd=cat%20/etc/passwd HTTP/1.1" 200 4340 "-" "curl/7.68.0"
172.16.0.3 - - [12/May/2025:10:34:12 +0000] "POST /admin.php?user=admin'-- HTTP/1.1" 500 4720 "-" "curl/7.68.0"
203.0.113.42 - - [13/May/2025:05:25:39 +0000] "GET /home?page=86 HTTP/1.1" 500 1652 "https://google.com" "Mozilla/5.0 (Linux; Android 10)"
192.168.1.10 - - [12/May/2025:22:00:42 +0000] "GET /home?page=70 HTTP/1.1" 200 4412 "https://google.com" "Mozilla/5.0 (Linux; Android 10)"
192.168.1.10 - - [13/May/2025:05:53:10 +0000] "POST /search.php?query=<script>alert('xss')</script> HTTP/1.1" 200 4597 "https://google.com" "curl/7.68.0"
203.0.113.42 - - [13/May/2025:08:08:02 +0000] "GET /home?page=36 HTTP/1.1" 301 1121 "-" "Wget/1.20.3 (linux-gnu)"
198.51.100.17 - - [12/May/2025:11:30:34 +0000] "GET /home?page=33 HTTP/1.1" 301 232 "-" "curl/7.68.0"
198.51.100.17 - - [13/May/2025:00:04:01 +0000] "GET /?cmd=cat%20/etc/passwd HTTP/1.1" 200 1920 "https://google.com" "Wget/1.20.3 (linux-gnu)"
172.16.0.3 - - [12/May/2025:16:20:49 +0000] "POST /home?page=58 HTTP/1.1" 500 4783 "-" "Wget/1.20.3 (linux-gnu)"
198.51.100.17 - - [12/May/2025:13:43:51 +0000] "GET /home?page=1 HTTP/1.1" 500 2149 "-" "Mozilla/5.0 (Linux; Android 10)"
10.0.0.5 - - [12/May/2025:18:19:44 +0000] "POST /?q=%3Cscript%3Ealert(1)%3C%2Fscript%3E HTTP/1.1" 403 2705 "-" "Wget/1.20.3 (linux-gnu)"
172.16.0.3 - - [12/May/2025:08:52:40 +0000] "POST /home?page=98 HTTP/1.1" 403 3471 "-" "Mozilla/5.0 (Linux; Android 10)"
172.16.0.3 - - [12/May/2025:18:04:14 +0000] "POST /home?page=81 HTTP/1.1" 403 3132 "-" "Wget/1.20.3 (linux-gnu)"
198.51.100.17 - - [12/May/2025:13:31:00 +0000] "POST /admin.php?user=admin'-- HTTP/1.1" 301 2357 "https://google.com" "Mozilla/5.0 (Windows NT 10.0; Win64; x64)"
203.0.113.42 - - [13/May/2025:05:10:56 +0000] "POST /home?page=9 HTTP/1.1" 301 2966 "https://google.com" "curl/7.68.0"
198.51.100.17 - - [12/May/2025:14:33:44 +0000] "POST /home?page=50 HTTP/1.1" 404 4414 "https://google.com" "Mozilla/5.0 (Linux; Android 10)"
192.168.1.10 - - [12/May/2025:11:10:41 +0000] "POST /home?page=14 HTTP/1.1" 200 1093 "-" "Mozilla/5.0 (Windows NT 10.0; Win64; x64)"
192.168.1.10 - - [13/May/2025:04:49:37 +0000] "POST /home?page=59 HTTP/1.1" 200 2920 "-" "Mozilla/5.0 (Windows NT 10.0; Win64; x64)"
198.51.100.17 - - [13/May/2025:02:41:45 +0000] "GET /login?redirect=http://evil.com HTTP/1.1" 404 4519 "https://google.com" "Mozilla/5.0 (Linux; Android 10)"
10.0.0.5 - - [13/May/2025:05:39:31 +0000] "POST /home?page=41 HTTP/1.1" 403 4641 "https://google.com" "Wget/1.20.3 (linux-gnu)"
192.168.1.10 - - [13/May/2025:03:08:16 +0000] "POST /?cmd=cat%20/etc/passwd HTTP/1.1" 301 607 "-" "Mozilla/5.0 (Linux; Android 10)"
198.51.100.17 - - [12/May/2025:10:14:57 +0000] "GET /home?page=24 HTTP/1.1" 500 2424 "https://google.com" "Mozilla/5.0 (Linux; Android 10)"
192.168.1.10 - - [12/May/2025:13:06:31 +0000] "POST /api/user?name=admin; DROP TABLE users; HTTP/1.1" 500 4070 "https://google.com" "Mozilla/5.0 (Windows NT 10.0; Win64; x64)"
203.0.113.42 - - [13/May/2025:05:38:17 +0000] "POST /home?page=50 HTTP/1.1" 403 959 "-" "curl/7.68.0"
10.0.0.5 - - [12/May/2025:21:12:30 +0000] "POST /home?page=44 HTTP/1.1" 500 1277 "https://google.com" "Mozilla/5.0 (Linux; Android 10)"
198.51.100.17 - - [12/May/2025:17:08:52 +0000] "GET /home?page=43 HTTP/1.1" 404 1240 "https://google.com" "Mozilla/5.0 (Windows NT 10.0; Win64; x64)"
203.0.113.42 - - [12/May/2025:12:19:55 +0000] "POST /home?page=93 HTTP/1.1" 404 742 "-" "curl/7.68.0"
192.168.1.10 - - [13/May/2025:06:20:37 +0000] "POST /admin.php?user=admin'-- HTTP/1.1" 301 618 "https://google.com" "Mozilla/5.0 (Linux; Android 10)"
10.0.0.5 - - [12/May/2025:09:44:30 +0000] "POST /home?page=67 HTTP/1.1" 301 3495 "https://google.com" "Mozilla/5.0 (Linux; Android 10)"
192.168.1.10 - - [12/May/2025:18:59:36 +0000] "GET /home?page=3 HTTP/1.1" 200 3495 "https://google.com" "Mozilla/5.0 (Linux; Android 10)"
203.0.113.42 - - [13/May/2025:01:09:54 +0000] "GET /home?page=14 HTTP/1.1" 500 1624 "-" "Mozilla/5.0 (Linux; Android 10)"
198.51.100.17 - - [12/May/2025:12:37:51 +0000] "POST /search.php?query=<script>alert('xss')</script> HTTP/1.1" 403 1323 "-" "Wget/1.20.3 (linux-gnu)"
192.168.1.10 - - [13/May/2025:00:32:42 +0000] "GET /home?page=35 HTTP/1.1" 403 461 "-" "Mozilla/5.0 (Linux; Android 10)"
10.0.0.5 - - [12/May/2025:10:52:00 +0000] "POST /home?page=7 HTTP/1.1" 200 866 "https://google.com" "Wget/1.20.3 (linux-gnu)"
203.0.113.42 - - [12/May/2025:10:07:22 +0000] "GET /home?page=23 HTTP/1.1" 403 722 "-" "Mozilla/5.0 (Windows NT 10.0; Win64; x64)"
192.168.1.10 - - [13/May/2025:05:04:34 +0000] "GET /home?page=99 HTTP/1.1" 200 2238 "-" "Mozilla/5.0 (Windows NT 10.0; Win64; x64)"
192.168.1.10 - - [12/May/2025:14:25:12 +0000] "GET /index.php?id=1' OR '1'='1 HTTP/1.1" 403 207 "https://google.com" "Mozilla/5.0 (Linux; Android 10)"
10.0.0.5 - - [13/May/2025:00:41:07 +0000] "GET /home?page=69 HTTP/1.1" 200 2522 "https://google.com" "Wget/1.20.3 (linux-gnu)"
10.0.0.5 - - [13/May/2025:06:35:07 +0000] "GET /api/user?name=admin; DROP TABLE users; HTTP/1.1" 301 142 "-" "Mozilla/5.0 (Linux; Android 10)"
172.16.0.3 - - [13/May/2025:00:50:38 +0000] "GET /home?page=96 HTTP/1.1" 200 1766 "https://google.com" "Wget/1.20.3 (linux-gnu)"
203.0.113.42 - - [13/May/2025:08:21:47 +0000] "POST /../../../../etc/passwd HTTP/1.1" 403 4264 "-" "Mozilla/5.0 (Windows NT 10.0; Win64; x64)"
10.0.0.5 - - [12/May/2025:23:58:23 +0000] "POST /home?page=70 HTTP/1.1" 404 2188 "-" "curl/7.68.0"
172.16.0.3 - - [13/May/2025:07:46:32 +0000] "POST /search.php?query=<script>alert('xss')</script> HTTP/1.1" 404 251 "https://google.com" "curl/7.68.0"
203.0.113.42 - - [12/May/2025:10:11:13 +0000] "GET /home?page=82 HTTP/1.1" 404 4962 "-" "Mozilla/5.0 (Windows NT 10.0; Win64; x64)"
198.51.100.17 - - [12/May/2025:15:13:40 +0000] "POST /home?page=42 HTTP/1.1" 500 1419 "-" "Mozilla/5.0 (Linux; Android 10)"
10.0.0.5 - - [12/May/2025:17:15:24 +0000] "POST /home?page=13 HTTP/1.1" 200 238 "https://google.com" "Mozilla/5.0 (Linux; Android 10)"
192.168.1.10 - - [13/May/2025:01:06:53 +0000] "POST /home?page=22 HTTP/1.1" 301 4773 "https://google.com" "Wget/1.20.3 (linux-gnu)"
203.0.113.42 - - [13/May/2025:04:30:31 +0000] "GET /admin.php?user=admin'-- HTTP/1.1" 200 545 "-" "Wget/1.20.3 (linux-gnu)"
203.0.113.42 - - [12/May/2025:17:41:03 +0000] "GET /home?page=57 HTTP/1.1" 500 4106 "https://google.com" "Mozilla/5.0 (Windows NT 10.0; Win64; x64)"
198.51.100.17 - - [12/May/2025:19:55:55 +0000] "GET /login?redirect=http://evil.com HTTP/1.1" 301 3847 "https://google.com" "curl/7.68.0"
198.51.100.17 - - [12/May/2025:22:19:44 +0000] "POST /index.php?id=1' OR '1'='1 HTTP/1.1" 200 727 "-" "Mozilla/5.0 (Linux; Android 10)"
198.51.100.17 - - [13/May/2025:02:38:29 +0000] "POST /index.php?id=1' OR '1'='1 HTTP/1.1" 301 225 "-" "Wget/1.20.3 (linux-gnu)"
10.0.0.5 - - [12/May/2025:22:58:05 +0000] "POST /api/user?name=admin; DROP TABLE users; HTTP/1.1" 200 1000 "-" "Mozilla/5.0 (Windows NT 10.0; Win64; x64)"
192.168.1.10 - - [12/May/2025:23:40:13 +0000] "POST /api/user?name=admin; DROP TABLE users; HTTP/1.1" 500 4616 "https://google.com" "Mozilla/5.0 (Windows NT 10.0; Win64; x64)"
172.16.0.3 - - [12/May/2025:09:24:19 +0000] "POST /?q=%3Cscript%3Ealert(1)%3C%2Fscript%3E HTTP/1.1" 403 4357 "-" "curl/7.68.0"
198.51.100.17 - - [13/May/2025:02:00:12 +0000] "POST /home?page=64 HTTP/1.1" 200 4336 "-" "Wget/1.20.3 (linux-gnu)"
192.168.1.10 - - [13/May/2025:08:31:59 +0000] "POST /home?page=21 HTTP/1.1" 301 2523 "-" "Wget/1.20.3 (linux-gnu)"
10.0.0.5 - - [13/May/2025:04:48:24 +0000] "POST /home?page=87 HTTP/1.1" 500 2996 "https://google.com" "Mozilla/5.0 (Windows NT 10.0; Win64; x64)"
198.51.100.17 - - [12/May/2025:21:30:36 +0000] "POST /home?page=91 HTTP/1.1" 500 1485 "https://google.com" "Mozilla/5.0 (Windows NT 10.0; Win64; x64)"
172.16.0.3 - - [12/May/2025:13:37:08 +0000] "GET /home?page=95 HTTP/1.1" 403 4830 "https://google.com" "curl/7.68.0"
192.168.1.10 - - [12/May/2025:17:53:58 +0000] "POST /login?redirect=http://evil.com HTTP/1.1" 301 225 "-" "curl/7.68.0"
10.0.0.5 - - [12/May/2025:16:07:41 +0000] "POST /home?page=76 HTTP/1.1" 200 651 "https://google.com" "curl/7.68.0"
10.0.0.5 - - [12/May/2025:11:31:35 +0000] "POST /home?page=74 HTTP/1.1" 200 1580 "https://google.com" "curl/7.68.0"
198.51.100.17 - - [12/May/2025:21:54:02 +0000] "GET /home?page=11 HTTP/1.1" 200 428 "https://google.com" "Mozilla/5.0 (Windows NT 10.0; Win64; x64)"
203.0.113.42 - - [13/May/2025:06:55:09 +0000] "GET /home?page=73 HTTP/1.1" 200 3308 "-" "Wget/1.20.3 (linux-gnu)"
172.16.0.3 - - [12/May/2025:12:54:04 +0000] "GET /home?page=73 HTTP/1.1" 404 1332 "-" "curl/7.68.0"
192.168.1.10 - - [13/May/2025:03:54:43 +0000] "POST /home?page=26 HTTP/1.1" 200 4036 "https://google.com" "Mozilla/5.0 (Windows NT 10.0; Win64; x64)"
172.16.0.3 - - [13/May/2025:04:32:00 +0000] "POST /admin.php?user=admin'-- HTTP/1.1" 404 3341 "-" "Mozilla/5.0 (Linux; Android 10)"
198.51.100.17 - - [13/May/2025:01:55:55 +0000] "POST /home?page=60 HTTP/1.1" 200 521 "-" "Mozilla/5.0 (Linux; Android 10)"
10.0.0.5 - - [13/May/2025:00:31:14 +0000] "POST /?cmd=cat%20/etc/passwd HTTP/1.1" 301 4435 "https://google.com" "curl/7.68.0"
192.168.1.10 - - [12/May/2025:09:15:16 +0000] "GET /home?page=41 HTTP/1.1" 301 1884 "-" "Wget/1.20.3 (linux-gnu)"
203.0.113.42 - - [12/May/2025:16:17:23 +0000] "POST /home?page=79 HTTP/1.1" 200 3796 "-" "Mozilla/5.0 (Windows NT 10.0; Win64; x64)"
172.16.0.3 - - [12/May/2025:21:59:07 +0000] "GET /admin.php?user=admin'-- HTTP/1.1" 403 3136 "https://google.com" "Mozilla/5.0 (Windows NT 10.0; Win64; x64)"
198.51.100.17 - - [13/May/2025:04:37:29 +0000] "POST /home?page=67 HTTP/1.1" 500 4071 "-" "Mozilla/5.0 (Windows NT 10.0; Win64; x64)"
198.51.100.17 - - [13/May/2025:06:53:15 +0000] "POST /home?page=45 HTTP/1.1" 301 1203 "https://google.com" "curl/7.68.0"
198.51.100.17 - - [13/May/2025:03:55:10 +0000] "GET /home?page=69 HTTP/1.1" 301 461 "-" "curl/7.68.0"
192.168.1.10 - - [12/May/2025:10:30:02 +0000] "POST /page.html?param=../../../../boot.ini HTTP/1.1" 403 4597 "https://google.com" "Wget/1.20.3 (linux-gnu)"
192.168.1.10 - - [13/May/2025:05:16:55 +0000] "POST /home?page=89 HTTP/1.1" 500 579 "https://google.com" "Mozilla/5.0 (Windows NT 10.0; Win64; x64)"
172.16.0.3 - - [12/May/2025:17:46:07 +0000] "GET /home?page=86 HTTP/1.1" 404 4242 "-" "curl/7.68.0"
10.0.0.5 - - [13/May/2025:03:45:45 +0000] "GET /page.html?param=../../../../boot.ini HTTP/1.1" 404 3168 "https://google.com" "Wget/1.20.3 (linux-gnu)"
172.16.0.3 - - [12/May/2025:10:05:32 +0000] "GET /home?page=71 HTTP/1.1" 404 2440 "-" "Mozilla/5.0 (Windows NT 10.0; Win64; x64)"
203.0.113.42 - - [12/May/2025:19:51:23 +0000] "GET /home?page=11 HTTP/1.1" 403 2189 "https://google.com" "curl/7.68.0"
10.0.0.5 - - [12/May/2025:11:29:54 +0000] "POST /home?page=75 HTTP/1.1" 404 1703 "-" "curl/7.68.0"
198.51.100.17 - - [13/May/2025:04:54:20 +0000] "POST /?q=%3Cscript%3Ealert(1)%3C%2Fscript%3E HTTP/1.1" 200 327 "https://google.com" "Mozilla/5.0 (Linux; Android 10)"
203.0.113.42 - - [12/May/2025:18:37:15 +0000] "POST /?q=%3Cscript%3Ealert(1)%3C%2Fscript%3E HTTP/1.1" 403 2604 "https://google.com" "Wget/1.20.3 (linux-gnu)"
198.51.100.17 - - [13/May/2025:00:39:34 +0000] "POST /home?page=90 HTTP/1.1" 500 4491 "https://google.com" "Mozilla/5.0 (Windows NT 10.0; Win64; x64)"
192.168.1.10 - - [12/May/2025:17:30:13 +0000] "POST /home?page=29 HTTP/1.1" 404 867 "-" "Wget/1.20.3 (linux-gnu)"
192.168.1.10 - - [12/May/2025:14:51:13 +0000] "GET /home?page=55 HTTP/1.1" 500 1585 "https://google.com" "Mozilla/5.0 (Windows NT 10.0; Win64; x64)"
203.0.113.42 - - [12/May/2025:16:05:07 +0000] "GET /home?page=7 HTTP/1.1" 301 1506 "https://google.com" "Wget/1.20.3 (linux-gnu)"
203.0.113.42 - - [12/May/2025:17:20:24 +0000] "GET /home?page=93 HTTP/1.1" 500 3222 "https://google.com" "Mozilla/5.0 (Linux; Android 10)"
192.168.1.10 - - [13/May/2025:06:49:38 +0000] "GET /home?page=79 HTTP/1.1" 200 2557 "https://google.com" "Mozilla/5.0 (Windows NT 10.0; Win64; x64)"
203.0.113.42 - - [12/May/2025:21:25:07 +0000] "GET /home?page=78 HTTP/1.1" 404 3982 "https://google.com" "Mozilla/5.0 (Windows NT 10.0; Win64; x64)"
10.0.0.5 - - [12/May/2025:19:50:41 +0000] "POST /index.php?id=1' OR '1'='1 HTTP/1.1" 404 3453 "https://google.com" "curl/7.68.0"
198.51.100.17 - - [13/May/2025:01:21:51 +0000] "POST /home?page=80 HTTP/1.1" 301 1692 "-" "curl/7.68.0"
10.0.0.5 - - [12/May/2025:10:24:32 +0000] "POST /home?page=95 HTTP/1.1" 403 2891 "https://google.com" "Mozilla/5.0 (Linux; Android 10)"
172.16.0.3 - - [12/May/2025:12:33:03 +0000] "POST /home?page=81 HTTP/1.1" 404 2697 "-" "Wget/1.20.3 (linux-gnu)"
172.16.0.3 - - [12/May/2025:19:32:24 +0000] "POST /home?page=88 HTTP/1.1" 301 3190 "-" "Wget/1.20.3 (linux-gnu)"
172.16.0.3 - - [12/May/2025:19:21:59 +0000] "GET /home?page=62 HTTP/1.1" 500 3743 "https://google.com" "curl/7.68.0"
172.16.0.3 - - [12/May/2025:20:59:15 +0000] "POST /home?page=27 HTTP/1.1" 200 3405 "-" "Wget/1.20.3 (linux-gnu)"
192.168.1.10 - - [13/May/2025:03:25:53 +0000] "POST /home?page=8 HTTP/1.1" 301 2457 "https://google.com" "Wget/1.20.3 (linux-gnu)"
198.51.100.17 - - [13/May/2025:02:46:08 +0000] "POST /home?page=55 HTTP/1.1" 500 4054 "https://google.com" "curl/7.68.0"
198.51.100.17 - - [13/May/2025:01:46:32 +0000] "POST /home?page=4 HTTP/1.1" 403 3476 "-" "curl/7.68.0"
198.51.100.17 - - [13/May/2025:03:03:02 +0000] "GET /home?page=18 HTTP/1.1" 404 4048 "https://google.com" "Mozilla/5.0 (Linux; Android 10)"
172.16.0.3 - - [12/May/2025:23:22:21 +0000] "GET /home?page=11 HTTP/1.1" 403 2871 "-" "Mozilla/5.0 (Linux; Android 10)"
192.168.1.10 - - [13/May/2025:06:38:18 +0000] "GET /page.html?param=../../../../boot.ini HTTP/1.1" 404 3482 "https://google.com" "Mozilla/5.0 (Windows NT 10.0; Win64; x64)"
172.16.0.3 - - [13/May/2025:08:02:46 +0000] "GET /home?page=82 HTTP/1.1" 301 4761 "-" "Wget/1.20.3 (linux-gnu)"
192.168.1.10 - - [13/May/2025:07:40:05 +0000] "POST /home?page=75 HTTP/1.1" 403 3872 "-" "curl/7.68.0"
10.0.0.5 - - [12/May/2025:14:47:15 +0000] "POST /home?page=93 HTTP/1.1" 404 2102 "-" "curl/7.68.0"
203.0.113.42 - - [12/May/2025:22:41:49 +0000] "GET /home?page=31 HTTP/1.1" 403 3872 "-" "Mozilla/5.0 (Windows NT 10.0; Win64; x64)"
203.0.113.42 - - [13/May/2025:00:13:54 +0000] "GET /index.php?id=1' OR '1'='1 HTTP/1.1" 301 1980 "-" "curl/7.68.0"
192.168.1.10 - - [12/May/2025:18:49:18 +0000] "POST /home?page=24 HTTP/1.1" 404 543 "https://google.com" "Mozilla/5.0 (Windows NT 10.0; Win64; x64)"
198.51.100.17 - - [12/May/2025:09:50:09 +0000] "GET /home?page=79 HTTP/1.1" 500 3400 "https://google.com" "curl/7.68.0"
10.0.0.5 - - [13/May/2025:02:12:20 +0000] "GET /home?page=43 HTTP/1.1" 403 3070 "-" "Mozilla/5.0 (Linux; Android 10)"
10.0.0.5 - - [12/May/2025:15:05:18 +0000] "GET /?q=%3Cscript%3Ealert(1)%3C%2Fscript%3E HTTP/1.1" 200 1731 "https://google.com" "Mozilla/5.0 (Windows NT 10.0; Win64; x64)"
10.0.0.5 - - [12/May/2025:14:59:05 +0000] "POST /home?page=67 HTTP/1.1" 404 3274 "https://google.com" "Mozilla/5.0 (Windows NT 10.0; Win64; x64)"
203.0.113.42 - - [13/May/2025:01:21:18 +0000] "POST /admin.php?user=admin'-- HTTP/1.1" 200 499 "https://google.com" "Mozilla/5.0 (Windows NT 10.0; Win64; x64)"
10.0.0.5 - - [12/May/2025:16:35:37 +0000] "GET /home?page=26 HTTP/1.1" 500 1486 "https://google.com" "Wget/1.20.3 (linux-gnu)"
172.16.0.3 - - [12/May/2025:19:36:22 +0000] "POST /home?page=90 HTTP/1.1" 404 4064 "https://google.com" "Mozilla/5.0 (Windows NT 10.0; Win64; x64)"
172.16.0.3 - - [12/May/2025:17:26:18 +0000] "GET /home?page=22 HTTP/1.1" 301 3058 "https://google.com" "curl/7.68.0"
192.168.1.10 - - [13/May/2025:02:35:17 +0000] "POST /?cmd=cat%20/etc/passwd HTTP/1.1" 500 4518 "-" "Mozilla/5.0 (Linux; Android 10)"
198.51.100.17 - - [12/May/2025:20:03:42 +0000] "GET /?cmd=cat%20/etc/passwd HTTP/1.1" 301 3146 "https://google.com" "Mozilla/5.0 (Linux; Android 10)"
203.0.113.42 - - [13/May/2025:04:07:59 +0000] "GET /home?page=85 HTTP/1.1" 403 4780 "https://google.com" "curl/7.68.0"
198.51.100.17 - - [12/May/2025:16:04:08 +0000] "GET /home?page=20 HTTP/1.1" 301 3876 "https://google.com" "curl/7.68.0"
192.168.1.10 - - [13/May/2025:03:29:24 +0000] "POST /home?page=33 HTTP/1.1" 404 4645 "https://google.com" "Mozilla/5.0 (Windows NT 10.0; Win64; x64)"
10.0.0.5 - - [13/May/2025:02:50:21 +0000] "POST /home?page=3 HTTP/1.1" 500 2282 "-" "Mozilla/5.0 (Linux; Android 10)"
172.16.0.3 - - [13/May/2025:04:09:20 +0000] "POST /home?page=99 HTTP/1.1" 403 3817 "https://google.com" "curl/7.68.0"
10.0.0.5 - - [12/May/2025:21:14:29 +0000] "GET /../../../../etc/passwd HTTP/1.1" 200 2635 "-" "Wget/1.20.3 (linux-gnu)"
192.168.1.10 - - [12/May/2025:21:38:40 +0000] "POST /home?page=53 HTTP/1.1" 200 3940 "-" "Mozilla/5.0 (Windows NT 10.0; Win64; x64)"
192.168.1.10 - - [13/May/2025:02:31:39 +0000] "POST /?q=%3Cscript%3Ealert(1)%3C%2Fscript%3E HTTP/1.1" 500 4059 "https://google.com" "Wget/1.20.3 (linux-gnu)"
192.168.1.10 - - [12/May/2025:18:12:59 +0000] "POST /admin.php?user=admin'-- HTTP/1.1" 500 2356 "-" "Mozilla/5.0 (Linux; Android 10)"
203.0.113.42 - - [12/May/2025:17:06:01 +0000] "POST /home?page=60 HTTP/1.1" 404 765 "https://google.com" "Wget/1.20.3 (linux-gnu)"
172.16.0.3 - - [13/May/2025:07:55:50 +0000] "POST /../../../../etc/passwd HTTP/1.1" 404 1023 "https://google.com" "Mozilla/5.0 (Linux; Android 10)"
203.0.113.42 - - [13/May/2025:06:45:47 +0000] "GET /admin.php?user=admin'-- HTTP/1.1" 301 2363 "-" "curl/7.68.0"
198.51.100.17 - - [12/May/2025:14:40:05 +0000] "POST /home?page=13 HTTP/1.1" 404 2191 "-" "Mozilla/5.0 (Windows NT 10.0; Win64; x64)"
203.0.113.42 - - [12/May/2025:23:11:13 +0000] "GET /home?page=99 HTTP/1.1" 301 3620 "-" "Mozilla/5.0 (Linux; Android 10)"
10.0.0.5 - - [13/May/2025:03:13:56 +0000] "GET /?cmd=cat%20/etc/passwd HTTP/1.1" 404 1175 "https://google.com" "Mozilla/5.0 (Linux; Android 10)"
10.0.0.5 - - [13/May/2025:01:30:45 +0000] "GET /home?page=40 HTTP/1.1" 403 3220 "-" "Wget/1.20.3 (linux-gnu)"
10.0.0.5 - - [12/May/2025:22:52:28 +0000] "GET /home?page=1 HTTP/1.1" 403 4513 "-" "Mozilla/5.0 (Windows NT 10.0; Win64; x64)"
198.51.100.17 - - [12/May/2025:20:27:27 +0000] "GET /admin.php?user=admin'-- HTTP/1.1" 404 859 "https://google.com" "Mozilla/5.0 (Windows NT 10.0; Win64; x64)"
192.168.1.10 - - [13/May/2025:07:13:09 +0000] "GET /index.php?id=1' OR '1'='1 HTTP/1.1" 404 907 "-" "curl/7.68.0"
198.51.100.17 - - [12/May/2025:23:11:11 +0000] "GET /home?page=45 HTTP/1.1" 301 4302 "https://google.com" "Wget/1.20.3 (linux-gnu)"
10.0.0.5 - - [12/May/2025:15:53:21 +0000] "GET /?q=%3Cscript%3Ealert(1)%3C%2Fscript%3E HTTP/1.1" 301 2400 "-" "Mozilla/5.0 (Windows NT 10.0; Win64; x64)"
192.168.1.10 - - [13/May/2025:02:06:23 +0000] "POST /admin.php?user=admin'-- HTTP/1.1" 403 4675 "-" "curl/7.68.0"
192.168.1.10 - - [12/May/2025:21:17:30 +0000] "GET /home?page=61 HTTP/1.1" 403 3926 "-" "Mozilla/5.0 (Windows NT 10.0; Win64; x64)"
10.0.0.5 - - [13/May/2025:00:38:52 +0000] "GET /home?page=26 HTTP/1.1" 200 3416 "https://google.com" "Mozilla/5.0 (Linux; Android 10)"
192.168.1.10 - - [12/May/2025:18:42:07 +0000] "POST /home?page=53 HTTP/1.1" 403 965 "https://google.com" "Mozilla/5.0 (Windows NT 10.0; Win64; x64)"
10.0.0.5 - - [13/May/2025:06:36:15 +0000] "GET /home?page=44 HTTP/1.1" 500 238 "https://google.com" "Mozilla/5.0 (Linux; Android 10)"
172.16.0.3 - - [13/May/2025:05:05:56 +0000] "POST /home?page=16 HTTP/1.1" 404 4372 "-" "curl/7.68.0"
203.0.113.42 - - [12/May/2025:22:11:54 +0000] "POST /api/user?name=admin; DROP TABLE users; HTTP/1.1" 404 1892 "-" "Wget/1.20.3 (linux-gnu)"
198.51.100.17 - - [13/May/2025:00:04:11 +0000] "POST /api/user?name=admin; DROP TABLE users; HTTP/1.1" 403 735 "-" "Wget/1.20.3 (linux-gnu)"
192.168.1.10 - - [12/May/2025:22:54:26 +0000] "POST /home?page=5 HTTP/1.1" 500 2155 "https://google.com" "Mozilla/5.0 (Windows NT 10.0; Win64; x64)"
10.0.0.5 - - [12/May/2025:09:14:21 +0000] "POST /home?page=75 HTTP/1.1" 301 570 "-" "Mozilla/5.0 (Linux; Android 10)"
192.168.1.10 - - [12/May/2025:17:54:07 +0000] "GET /home?page=39 HTTP/1.1" 200 4051 "-" "Mozilla/5.0 (Windows NT 10.0; Win64; x64)"
198.51.100.17 - - [13/May/2025:04:56:32 +0000] "GET /home?page=6 HTTP/1.1" 500 553 "-" "Mozilla/5.0 (Windows NT 10.0; Win64; x64)"
192.168.1.10 - - [13/May/2025:06:44:13 +0000] "POST /home?page=44 HTTP/1.1" 500 3262 "-" "Mozilla/5.0 (Windows NT 10.0; Win64; x64)"
172.16.0.3 - - [12/May/2025:19:11:53 +0000] "POST /?q=%3Cscript%3Ealert(1)%3C%2Fscript%3E HTTP/1.1" 301 803 "https://google.com" "Mozilla/5.0 (Linux; Android 10)"
198.51.100.17 - - [12/May/2025:13:46:26 +0000] "GET /login?redirect=http://evil.com HTTP/1.1" 403 3554 "-" "Mozilla/5.0 (Windows NT 10.0; Win64; x64)"
10.0.0.5 - - [12/May/2025:13:32:33 +0000] "GET /home?page=4 HTTP/1.1" 500 2358 "-" "Mozilla/5.0 (Windows NT 10.0; Win64; x64)"
198.51.100.17 - - [12/May/2025:17:39:15 +0000] "POST /login?redirect=http://evil.com HTTP/1.1" 403 321 "https://google.com" "Wget/1.20.3 (linux-gnu)"
172.16.0.3 - - [12/May/2025:16:14:14 +0000] "POST /home?page=91 HTTP/1.1" 403 1112 "-" "curl/7.68.0"
172.16.0.3 - - [12/May/2025:18:47:49 +0000] "POST /home?page=89 HTTP/1.1" 301 292 "https://google.com" "Mozilla/5.0 (Windows NT 10.0; Win64; x64)"
198.51.100.17 - - [12/May/2025:21:38:49 +0000] "POST /page.html?param=../../../../boot.ini HTTP/1.1" 200 3414 "-" "Mozilla/5.0 (Linux; Android 10)"
10.0.0.5 - - [12/May/2025:14:27:23 +0000] "GET /home?page=8 HTTP/1.1" 301 2622 "https://google.com" "curl/7.68.0"
172.16.0.3 - - [13/May/2025:01:12:54 +0000] "GET /home?page=49 HTTP/1.1" 500 4305 "-" "Mozilla/5.0 (Linux; Android 10)"
198.51.100.17 - - [12/May/2025:19:27:38 +0000] "GET /home?page=53 HTTP/1.1" 403 313 "https://google.com" "Wget/1.20.3 (linux-gnu)"
172.16.0.3 - - [12/May/2025:19:15:53 +0000] "GET /home?page=62 HTTP/1.1" 301 2083 "-" "Mozilla/5.0 (Linux; Android 10)"
203.0.113.42 - - [13/May/2025:08:23:38 +0000] "POST /api/user?name=admin; DROP TABLE users; HTTP/1.1" 301 3089 "https://google.com" "Mozilla/5.0 (Windows NT 10.0; Win64; x64)"
203.0.113.42 - - [12/May/2025:12:45:38 +0000] "POST /home?page=23 HTTP/1.1" 404 2851 "-" "Mozilla/5.0 (Linux; Android 10)"
172.16.0.3 - - [13/May/2025:01:00:19 +0000] "POST /login?redirect=http://evil.com HTTP/1.1" 301 166 "-" "Mozilla/5.0 (Linux; Android 10)"
203.0.113.42 - - [12/May/2025:13:19:25 +0000] "POST /home?page=74 HTTP/1.1" 403 988 "-" "Wget/1.20.3 (linux-gnu)"
10.0.0.5 - - [13/May/2025:01:14:42 +0000] "GET /?cmd=cat%20/etc/passwd HTTP/1.1" 500 690 "https://google.com" "Mozilla/5.0 (Linux; Android 10)"
10.0.0.5 - - [12/May/2025:14:18:15 +0000] "GET /home?page=78 HTTP/1.1" 403 736 "https://google.com" "curl/7.68.0"
203.0.113.42 - - [13/May/2025:03:45:11 +0000] "POST /api/user?name=admin; DROP TABLE users; HTTP/1.1" 404 1639 "https://google.com" "Mozilla/5.0 (Linux; Android 10)"
198.51.100.17 - - [12/May/2025:14:00:26 +0000] "POST /home?page=59 HTTP/1.1" 301 3109 "https://google.com" "Wget/1.20.3 (linux-gnu)"
172.16.0.3 - - [12/May/2025:21:45:26 +0000] "GET /home?page=100 HTTP/1.1" 500 4719 "https://google.com" "Wget/1.20.3 (linux-gnu)"
172.16.0.3 - - [12/May/2025:16:05:26 +0000] "POST /home?page=72 HTTP/1.1" 301 538 "-" "Mozilla/5.0 (Windows NT 10.0; Win64; x64)"
172.16.0.3 - - [13/May/2025:04:17:21 +0000] "GET /home?page=74 HTTP/1.1" 403 4540 "https://google.com" "curl/7.68.0"
192.168.1.10 - - [13/May/2025:01:41:45 +0000] "GET /index.php?id=1' OR '1'='1 HTTP/1.1" 200 4544 "https://google.com" "Mozilla/5.0 (Windows NT 10.0; Win64; x64)"
203.0.113.42 - - [12/May/2025:11:23:04 +0000] "GET /index.php?id=1' OR '1'='1 HTTP/1.1" 200 1577 "https://google.com" "Mozilla/5.0 (Windows NT 10.0; Win64; x64)"
192.168.1.10 - - [12/May/2025:23:59:22 +0000] "POST /home?page=17 HTTP/1.1" 404 4524 "-" "Mozilla/5.0 (Linux; Android 10)"
203.0.113.42 - - [12/May/2025:17:49:01 +0000] "POST /home?page=75 HTTP/1.1" 200 3481 "-" "curl/7.68.0"
10.0.0.5 - - [12/May/2025:13:03:25 +0000] "POST /home?page=75 HTTP/1.1" 404 2214 "-" "curl/7.68.0"
198.51.100.17 - - [12/May/2025:08:53:29 +0000] "GET /index.php?id=1' OR '1'='1 HTTP/1.1" 301 681 "https://google.com" "Wget/1.20.3 (linux-gnu)"
172.16.0.3 - - [13/May/2025:01:34:41 +0000] "GET /home?page=86 HTTP/1.1" 500 4888 "-" "Mozilla/5.0 (Windows NT 10.0; Win64; x64)"
203.0.113.42 - - [12/May/2025:14:48:58 +0000] "GET /?q=%3Cscript%3Ealert(1)%3C%2Fscript%3E HTTP/1.1" 301 1871 "https://google.com" "Mozilla/5.0 (Linux; Android 10)"
198.51.100.17 - - [12/May/2025:21:55:55 +0000] "GET /home?page=96 HTTP/1.1" 500 4262 "-" "Mozilla/5.0 (Windows NT 10.0; Win64; x64)"
192.168.1.10 - - [13/May/2025:04:01:35 +0000] "POST /home?page=72 HTTP/1.1" 200 3105 "https://google.com" "Mozilla/5.0 (Windows NT 10.0; Win64; x64)"
10.0.0.5 - - [12/May/2025:23:45:11 +0000] "POST /home?page=16 HTTP/1.1" 301 805 "-" "Mozilla/5.0 (Windows NT 10.0; Win64; x64)"
10.0.0.5 - - [13/May/2025:08:25:25 +0000] "GET /?q=%3Cscript%3Ealert(1)%3C%2Fscript%3E HTTP/1.1" 200 2911 "https://google.com" "Mozilla/5.0 (Linux; Android 10)"
10.0.0.5 - - [13/May/2025:06:11:18 +0000] "POST /admin.php?user=admin'-- HTTP/1.1" 403 3174 "https://google.com" "Mozilla/5.0 (Windows NT 10.0; Win64; x64)"
10.0.0.5 - - [12/May/2025:14:06:43 +0000] "GET /api/user?name=admin; DROP TABLE users; HTTP/1.1" 404 4324 "https://google.com" "curl/7.68.0"
198.51.100.17 - - [12/May/2025:18:04:02 +0000] "POST /login?redirect=http://evil.com HTTP/1.1" 200 3540 "https://google.com" "Wget/1.20.3 (linux-gnu)"
192.168.1.10 - - [12/May/2025:12:07:54 +0000] "POST /home?page=53 HTTP/1.1" 301 4260 "https://google.com" "Mozilla/5.0 (Linux; Android 10)"
172.16.0.3 - - [12/May/2025:21:54:54 +0000] "POST /home?page=86 HTTP/1.1" 403 1642 "https://google.com" "Wget/1.20.3 (linux-gnu)"
172.16.0.3 - - [12/May/2025:13:48:58 +0000] "GET /home?page=2 HTTP/1.1" 301 1189 "-" "Wget/1.20.3 (linux-gnu)"
172.16.0.3 - - [13/May/2025:08:29:02 +0000] "GET /home?page=52 HTTP/1.1" 500 4652 "https://google.com" "Mozilla/5.0 (Linux; Android 10)"
