203.0.113.42 - - [12/May/2025:13:34:41 +0000] "POST /index.php?id=1' OR '1'='1 HTTP/1.1" 404 4221 "https://google.com" "Wget/1.20.3 (linux-gnu)"
172.16.0.3 - - [12/May/2025:17:14:38 +0000] "GET /home?page=35 HTTP/1.1" 404 3287 "https://google.com" "curl/7.68.0"
192.168.1.10 - - [12/May/2025:21:27:14 +0000] "POST /home?page=36 HTTP/1.1" 403 1218 "-" "curl/7.68.0"
10.0.0.5 - - [12/May/2025:21:22:06 +0000] "GET /home?page=4 HTTP/1.1" 500 1038 "-" "curl/7.68.0"
198.51.100.17 - - [12/May/2025:11:14:43 +0000] "POST /home?page=42 HTTP/1.1" 403 1797 "https://google.com" "Wget/1.20.3 (linux-gnu)"
10.0.0.5 - - [13/May/2025:03:05:56 +0000] "POST /home?page=51 HTTP/1.1" 404 657 "https://google.com" "Wget/1.20.3 (linux-gnu)"
172.16.0.3 - - [13/May/2025:01:58:39 +0000] "GET /home?page=82 HTTP/1.1" 301 4153 "-" "Mozilla/5.0 (Linux; Android 10)"
192.168.1.10 - - [12/May/2025:09:13:54 +0000] "POST /admin.php?user=admin'-- HTTP/1.1" 301 4818 "https://google.com" "Wget/1.20.3 (linux-gnu)"
198.51.100.17 - - [12/May/2025:14:14:32 +0000] "GET /home?page=83 HTTP/1.1" 404 4257 "https://google.com" "Mozilla/5.0 (Linux; Android 10)"
10.0.0.5 - - [13/May/2025:04:34:59 +0000] "POST /home?page=35 HTTP/1.1" 301 4692 "-" "Mozilla/5.0 (Windows NT 10.0; Win64; x64)"
172.16.0.3 - - [12/May/2025:15:10:15 +0000] "POST /search.php?query=<script>alert('xss')</script> HTTP/1.1" 500 4951 "-" "curl/7.68.0"
192.168.1.10 - - [12/May/2025:15:31:07 +0000] "GET /home?page=100 HTTP/1.1" 200 1186 "-" "Wget/1.20.3 (linux-gnu)"
172.16.0.3 - - [13/May/2025:00:41:13 +0000] "GET /home?page=78 HTTP/1.1" 200 1268 "https://google.com" "Mozilla/5.0 (Windows NT 10.0; Win64; x64)"
203.0.113.42 - - [13/May/2025:07:58:31 +0000] "GET /admin.php?user=admin'-- HTTP/1.1" 403 4811 "-" "Wget/1.20.3 (linux-gnu)"
192.168.1.10 - - [13/May/2025:04:57:11 +0000] "GET /home?page=14 HTTP/1.1" 500 1395 "https://google.com" "curl/7.68.0"
198.51.100.17 - - [12/May/2025:23:08:19 +0000] "GET /home?page=43 HTTP/1.1" 403 982 "https://google.com" "curl/7.68.0"
10.0.0.5 - - [13/May/2025:07:49:06 +0000] "POST /index.php?id=1' OR '1'='1 HTTP/1.1" 301 2821 "https://google.com" "Wget/1.20.3 (linux-gnu)"
203.0.113.42 - - [13/May/2025:05:06:03 +0000] "POST /home?page=93 HTTP/1.1" 500 1197 "https://google.com" "Wget/1.20.3 (linux-gnu)"
172.16.0.3 - - [13/May/2025:03:26:58 +0000] "POST /page.html?param=../../../../boot.ini HTTP/1.1" 301 884 "https://google.com" "Wget/1.20.3 (linux-gnu)"
203.0.113.42 - - [13/May/2025:00:06:18 +0000] "POST /home?page=26 HTTP/1.1" 403 439 "https://google.com" "Wget/1.20.3 (linux-gnu)"
198.51.100.17 - - [13/May/2025:03:51:56 +0000] "GET /home?page=79 HTTP/1.1" 500 1551 "-" "Wget/1.20.3 (linux-gnu)"
192.168.1.10 - - [13/May/2025:00:48:10 +0000] "GET /admin.php?user=admin'-- HTTP/1.1" 200 3040 "https://google.com" "Wget/1.20.3 (linux-gnu)"
198.51.100.17 - - [13/May/2025:06:51:42 +0000] "POST /login?redirect=http://evil.com HTTP/1.1" 301 695 "-" "curl/7.68.0"
198.51.100.17 - - [12/May/2025:22:45:56 +0000] "GET /page.html?param=../../../../boot.ini HTTP/1.1" 403 1495 "-" "Wget/1.20.3 (linux-gnu)"
10.0.0.5 - - [13/May/2025:07:09:14 +0000] "GET /../../../../etc/passwd HTTP/1.1" 404 4874 "https://google.com" "Mozilla/5.0 (Windows NT 10.0; Win64; x64)"
10.0.0.5 - - [12/May/2025:19:26:53 +0000] "POST /home?page=6 HTTP/1.1" 404 4795 "-" "Mozilla/5.0 (Windows NT 10.0; Win64; x64)"
172.16.0.3 - - [12/May/2025:23:25:28 +0000] "POST /index.php?id=1' OR '1'='1 HTTP/1.1" 500 2794 "https://google.com" "Wget/1.20.3 (linux-gnu)"
192.168.1.10 - - [12/May/2025:19:41:52 +0000] "GET /home?page=31 HTTP/1.1" 500 3274 "https://google.com" "Wget/1.20.3 (linux-gnu)"
10.0.0.5 - - [13/May/2025:05:41:23 +0000] "POST /home?page=97 HTTP/1.1" 301 4432 "https://google.com" "Mozilla/5.0 (Linux; Android 10)"
10.0.0.5 - - [12/May/2025:20:29:46 +0000] "GET /index.php?id=1' OR '1'='1 HTTP/1.1" 404 4513 "https://google.com" "Mozilla/5.0 (Windows NT 10.0; Win64; x64)"
172.16.0.3 - - [12/May/2025:20:12:51 +0000] "POST /home?page=18 HTTP/1.1" 200 3785 "https://google.com" "Mozilla/5.0 (Linux; Android 10)"
10.0.0.5 - - [12/May/2025:23:58:41 +0000] "GET /?cmd=cat%20/etc/passwd HTTP/1.1" 200 2060 "https://google.com" "Wget/1.20.3 (linux-gnu)"
192.168.1.10 - - [13/May/2025:02:30:12 +0000] "GET /admin.php?user=admin'-- HTTP/1.1" 404 438 "-" "Mozilla/5.0 (Windows NT 10.0; Win64; x64)"
192.168.1.10 - - [12/May/2025:21:44:24 +0000] "POST /home?page=39 HTTP/1.1" 403 2882 "-" "Mozilla/5.0 (Linux; Android 10)"
172.16.0.3 - - [12/May/2025:18:11:56 +0000] "POST /?q=%3Cscript%3Ealert(1)%3C%2Fscript%3E HTTP/1.1" 404 4092 "-" "Mozilla/5.0 (Linux; Android 10)"
172.16.0.3 - - [12/May/2025:13:28:53 +0000] "POST /home?page=73 HTTP/1.1" 403 3100 "-" "Wget/1.20.3 (linux-gnu)"
192.168.1.10 - - [12/May/2025:09:53:17 +0000] "POST /home?page=37 HTTP/1.1" 301 1644 "https://google.com" "Mozilla/5.0 (Linux; Android 10)"
203.0.113.42 - - [12/May/2025:16:55:19 +0000] "POST /home?page=63 HTTP/1.1" 301 334 "-" "Wget/1.20.3 (linux-gnu)"
172.16.0.3 - - [12/May/2025:21:01:16 +0000] "GET /home?page=59 HTTP/1.1" 301 1707 "-" "Wget/1.20.3 (linux-gnu)"
172.16.0.3 - - [12/May/2025:09:57:09 +0000] "GET /login?redirect=http://evil.com HTTP/1.1" 301 3233 "https://google.com" "curl/7.68.0"
203.0.113.42 - - [12/May/2025:10:31:22 +0000] "GET /home?page=82 HTTP/1.1" 301 536 "-" "Mozilla/5.0 (Windows NT 10.0; Win64; x64)"
172.16.0.3 - - [13/May/2025:02:34:40 +0000] "GET /home?page=39 HTTP/1.1" 404 1608 "https://google.com" "Mozilla/5.0 (Linux; Android 10)"
192.168.1.10 - - [13/May/2025:08:15:08 +0000] "GET /home?page=68 HTTP/1.1" 301 328 "-" "Mozilla/5.0 (Linux; Android 10)"
10.0.0.5 - - [12/May/2025:13:30:44 +0000] "GET /home?page=12 HTTP/1.1" 500 1341 "-" "Mozilla/5.0 (Linux; Android 10)"
172.16.0.3 - - [13/May/2025:03:14:10 +0000] "POST /home?page=81 HTTP/1.1" 301 1006 "https://google.com" "Mozilla/5.0 (Windows NT 10.0; Win64; x64)"
10.0.0.5 - - [13/May/2025:04:09:26 +0000] "POST /index.php?id=1' OR '1'='1 HTTP/1.1" 403 2659 "-" "Mozilla/5.0 (Linux; Android 10)"
203.0.113.42 - - [13/May/2025:05:10:08 +0000] "POST /login?redirect=http://evil.com HTTP/1.1" 403 3825 "-" "Mozilla/5.0 (Linux; Android 10)"
192.168.1.10 - - [12/May/2025:08:50:21 +0000] "GET /admin.php?user=admin'-- HTTP/1.1" 301 4115 "-" "Mozilla/5.0 (Windows NT 10.0; Win64; x64)"
172.16.0.3 - - [13/May/2025:00:55:28 +0000] "GET /home?page=25 HTTP/1.1" 403 3859 "https://google.com" "Mozilla/5.0 (Linux; Android 10)"
172.16.0.3 - - [12/May/2025:22:59:00 +0000] "GET /home?page=91 HTTP/1.1" 404 276 "https://google.com" "Mozilla/5.0 (Linux; Android 10)"
172.16.0.3 - - [12/May/2025:16:51:10 +0000] "POST /search.php?query=<script>alert('xss')</script> HTTP/1.1" 404 3442 "-" "Mozilla/5.0 (Windows NT 10.0; Win64; x64)"
172.16.0.3 - - [12/May/2025:20:57:08 +0000] "POST /home?page=13 HTTP/1.1" 301 4590 "-" "curl/7.68.0"
198.51.100.17 - - [12/May/2025:17:13:53 +0000] "GET /home?page=93 HTTP/1.1" 301 3145 "-" "Mozilla/5.0 (Windows NT 10.0; Win64; x64)"
203.0.113.42 - - [12/May/2025:11:00:08 +0000] "POST /home?page=32 HTTP/1.1" 301 1074 "-" "Mozilla/5.0 (Windows NT 10.0; Win64; x64)"
172.16.0.3 - - [12/May/2025:22:49:21 +0000] "POST /home?page=42 HTTP/1.1" 403 729 "https://google.com" "Mozilla/5.0 (Windows NT 10.0; Win64; x64)"
10.0.0.5 - - [13/May/2025:06:35:32 +0000] "GET /home?page=16 HTTP/1.1" 403 3495 "-" "Mozilla/5.0 (Linux; Android 10)"
172.16.0.3 - - [13/May/2025:03:55:06 +0000] "POST /home?page=84 HTTP/1.1" 404 1787 "https://google.com" "Mozilla/5.0 (Linux; Android 10)"
10.0.0.5 - - [12/May/2025:17:48:43 +0000] "GET /home?page=54 HTTP/1.1" 404 1782 "-" "Mozilla/5.0 (Linux; Android 10)"
203.0.113.42 - - [12/May/2025:10:28:10 +0000] "GET /login?redirect=http://evil.com HTTP/1.1" 404 3850 "-" "Mozilla/5.0 (Linux; Android 10)"
10.0.0.5 - - [13/May/2025:03:18:54 +0000] "GET /?cmd=cat%20/etc/passwd HTTP/1.1" 301 3873 "-" "Mozilla/5.0 (Windows NT 10.0; Win64; x64)"
203.0.113.42 - - [13/May/2025:05:14:59 +0000] "POST /home?page=76 HTTP/1.1" 404 3549 "https://google.com" "Mozilla/5.0 (Linux; Android 10)"
172.16.0.3 - - [13/May/2025:02:10:24 +0000] "GET /?cmd=cat%20/etc/passwd HTTP/1.1" 403 4105 "-" "Mozilla/5.0 (Windows NT 10.0; Win64; x64)"
192.168.1.10 - - [12/May/2025:23:27:32 +0000] "GET /../../../../etc/passwd HTTP/1.1" 500 2054 "-" "curl/7.68.0"
203.0.113.42 - - [12/May/2025:13:40:49 +0000] "POST /index.php?id=1' OR '1'='1 HTTP/1.1" 500 4422 "https://google.com" "Mozilla/5.0 (Linux; Android 10)"
172.16.0.3 - - [12/May/2025:12:17:53 +0000] "GET /home?page=32 HTTP/1.1" 301 4996 "-" "Wget/1.20.3 (linux-gnu)"
192.168.1.10 - - [13/May/2025:05:47:44 +0000] "GET /home?page=85 HTTP/1.1" 200 2527 "https://google.com" "Mozilla/5.0 (Linux; Android 10)"
10.0.0.5 - - [13/May/2025:07:51:22 +0000] "GET /home?page=32 HTTP/1.1" 200 3762 "https://google.com" "curl/7.68.0"
198.51.100.17 - - [12/May/2025:09:14:23 +0000] "GET /page.html?param=../../../../boot.ini HTTP/1.1" 301 3275 "-" "Mozilla/5.0 (Windows NT 10.0; Win64; x64)"
10.0.0.5 - - [13/May/2025:02:34:34 +0000] "GET /home?page=7 HTTP/1.1" 500 1794 "https://google.com" "Mozilla/5.0 (Windows NT 10.0; Win64; x64)"
10.0.0.5 - - [13/May/2025:04:56:22 +0000] "POST /home?page=75 HTTP/1.1" 200 2818 "https://google.com" "Mozilla/5.0 (Windows NT 10.0; Win64; x64)"
172.16.0.3 - - [12/May/2025:09:27:53 +0000] "POST /home?page=62 HTTP/1.1" 403 3313 "https://google.com" "curl/7.68.0"
192.168.1.10 - - [13/May/2025:03:14:33 +0000] "GET /../../../../etc/passwd HTTP/1.1" 301 2401 "-" "Mozilla/5.0 (Windows NT 10.0; Win64; x64)"
198.51.100.17 - - [12/May/2025:13:27:07 +0000] "POST /search.php?query=<script>alert('xss')</script> HTTP/1.1" 301 857 "https://google.com" "Wget/1.20.3 (linux-gnu)"
10.0.0.5 - - [13/May/2025:06:13:42 +0000] "POST /home?page=99 HTTP/1.1" 404 4842 "-" "Mozilla/5.0 (Windows NT 10.0; Win64; x64)"
192.168.1.10 - - [13/May/2025:03:41:41 +0000] "POST /home?page=20 HTTP/1.1" 404 1794 "-" "Mozilla/5.0 (Linux; Android 10)"
10.0.0.5 - - [13/May/2025:05:02:39 +0000] "GET /home?page=85 HTTP/1.1" 301 2917 "https://google.com" "Mozilla/5.0 (Linux; Android 10)"
203.0.113.42 - - [13/May/2025:05:53:34 +0000] "POST /page.html?param=../../../../boot.ini HTTP/1.1" 301 4243 "-" "Wget/1.20.3 (linux-gnu)"
198.51.100.17 - - [12/May/2025:12:30:45 +0000] "GET /home?page=97 HTTP/1.1" 200 150 "-" "Mozilla/5.0 (Linux; Android 10)"
192.168.1.10 - - [12/May/2025:19:57:22 +0000] "POST /home?page=78 HTTP/1.1" 301 2829 "https://google.com" "Mozilla/5.0 (Linux; Android 10)"
10.0.0.5 - - [12/May/2025:15:23:12 +0000] "GET /home?page=69 HTTP/1.1" 301 2814 "https://google.com" "Mozilla/5.0 (Linux; Android 10)"
10.0.0.5 - - [12/May/2025:22:01:39 +0000] "GET /home?page=93 HTTP/1.1" 500 351 "https://google.com" "Wget/1.20.3 (linux-gnu)"
10.0.0.5 - - [12/May/2025:09:53:47 +0000] "GET /home?page=48 HTTP/1.1" 403 1110 "-" "Mozilla/5.0 (Linux; Android 10)"
203.0.113.42 - - [13/May/2025:06:29:21 +0000] "POST /home?page=82 HTTP/1.1" 404 2218 "https://google.com" "Mozilla/5.0 (Linux; Android 10)"
10.0.0.5 - - [12/May/2025:17:40:17 +0000] "POST /home?page=91 HTTP/1.1" 403 1041 "https://google.com" "Mozilla/5.0 (Linux; Android 10)"
203.0.113.42 - - [12/May/2025:13:20:41 +0000] "GET /home?page=72 HTTP/1.1" 301 3816 "https://google.com" "curl/7.68.0"
10.0.0.5 - - [13/May/2025:00:11:55 +0000] "POST /home?page=36 HTTP/1.1" 403 4627 "https://google.com" "Mozilla/5.0 (Windows NT 10.0; Win64; x64)"
172.16.0.3 - - [12/May/2025:10:43:19 +0000] "GET /search.php?query=<script>alert('xss')</script> HTTP/1.1" 403 4012 "-" "Mozilla/5.0 (Linux; Android 10)"
203.0.113.42 - - [12/May/2025:14:58:04 +0000] "POST /home?page=43 HTTP/1.1" 301 3467 "https://google.com" "curl/7.68.0"
10.0.0.5 - - [13/May/2025:07:38:33 +0000] "POST /index.php?id=1' OR '1'='1 HTTP/1.1" 404 4947 "-" "Mozilla/5.0 (Linux; Android 10)"
203.0.113.42 - - [12/May/2025:16:56:49 +0000] "GET /home?page=59 HTTP/1.1" 404 3342 "-" "Mozilla/5.0 (Windows NT 10.0; Win64; x64)"
198.51.100.17 - - [13/May/2025:05:13:03 +0000] "POST /home?page=38 HTTP/1.1" 403 3407 "https://google.com" "Mozilla/5.0 (Windows NT 10.0; Win64; x64)"
192.168.1.10 - - [12/May/2025:13:39:30 +0000] "POST /home?page=96 HTTP/1.1" 403 1248 "https://google.com" "Mozilla/5.0 (Windows NT 10.0; Win64; x64)"
192.168.1.10 - - [12/May/2025:11:48:14 +0000] "POST /?cmd=cat%20/etc/passwd HTTP/1.1" 500 2366 "-" "Mozilla/5.0 (Windows NT 10.0; Win64; x64)"
172.16.0.3 - - [12/May/2025:13:53:35 +0000] "POST /home?page=5 HTTP/1.1" 301 3859 "-" "Wget/1.20.3 (linux-gnu)"
203.0.113.42 - - [12/May/2025:23:26:45 +0000] "GET /home?page=57 HTTP/1.1" 301 2248 "https://google.com" "curl/7.68.0"
192.168.1.10 - - [12/May/2025:14:43:25 +0000] "POST /page.html?param=../../../../boot.ini HTTP/1.1" 500 2443 "-" "Mozilla/5.0 (Windows NT 10.0; Win64; x64)"
10.0.0.5 - - [12/May/2025:16:50:18 +0000] "GET /admin.php?user=admin'-- HTTP/1.1" 403 716 "-" "Wget/1.20.3 (linux-gnu)"
172.16.0.3 - - [12/May/2025:13:32:15 +0000] "POST /home?page=89 HTTP/1.1" 301 3004 "https://google.com" "Mozilla/5.0 (Linux; Android 10)"
192.168.1.10 - - [12/May/2025:12:42:13 +0000] "POST /?cmd=cat%20/etc/passwd HTTP/1.1" 200 2930 "-" "Mozilla/5.0 (Windows NT 10.0; Win64; x64)"
203.0.113.42 - - [12/May/2025:12:31:24 +0000] "POST /index.php?id=1' OR '1'='1 HTTP/1.1" 200 3384 "-" "Wget/1.20.3 (linux-gnu)"
192.168.1.10 - - [13/May/2025:00:29:36 +0000] "POST /home?page=56 HTTP/1.1" 200 3190 "-" "Mozilla/5.0 (Windows NT 10.0; Win64; x64)"
10.0.0.5 - - [12/May/2025:08:54:04 +0000] "GET /home?page=23 HTTP/1.1" 301 1306 "-" "Mozilla/5.0 (Windows NT 10.0; Win64; x64)"
192.168.1.10 - - [12/May/2025:20:55:12 +0000] "GET /../../../../etc/passwd HTTP/1.1" 404 1499 "-" "curl/7.68.0"
203.0.113.42 - - [13/May/2025:05:18:19 +0000] "GET /home?page=67 HTTP/1.1" 301 4964 "https://google.com" "Mozilla/5.0 (Windows NT 10.0; Win64; x64)"
10.0.0.5 - - [12/May/2025:19:53:49 +0000] "GET /home?page=97 HTTP/1.1" 404 1173 "https://google.com" "Mozilla/5.0 (Linux; Android 10)"
172.16.0.3 - - [12/May/2025:12:49:31 +0000] "POST /home?page=85 HTTP/1.1" 500 1586 "-" "Mozilla/5.0 (Windows NT 10.0; Win64; x64)"
203.0.113.42 - - [13/May/2025:03:53:13 +0000] "GET /home?page=46 HTTP/1.1" 500 3697 "-" "Mozilla/5.0 (Windows NT 10.0; Win64; x64)"
198.51.100.17 - - [12/May/2025:11:56:38 +0000] "GET /?q=%3Cscript%3Ealert(1)%3C%2Fscript%3E HTTP/1.1" 403 3738 "-" "Wget/1.20.3 (linux-gnu)"
10.0.0.5 - - [12/May/2025:12:10:04 +0000] "GET /home?page=75 HTTP/1.1" 403 4476 "-" "curl/7.68.0"
203.0.113.42 - - [12/May/2025:11:50:03 +0000] "POST /home?page=17 HTTP/1.1" 500 720 "https://google.com" "Mozilla/5.0 (Windows NT 10.0; Win64; x64)"
10.0.0.5 - - [12/May/2025:08:44:48 +0000] "GET /home?page=65 HTTP/1.1" 404 703 "-" "Mozilla/5.0 (Linux; Android 10)"
198.51.100.17 - - [12/May/2025:20:14:48 +0000] "POST /search.php?query=<script>alert('xss')</script> HTTP/1.1" 404 1633 "-" "curl/7.68.0"
203.0.113.42 - - [12/May/2025:16:16:08 +0000] "GET /login?redirect=http://evil.com HTTP/1.1" 200 4706 "https://google.com" "Wget/1.20.3 (linux-gnu)"
203.0.113.42 - - [12/May/2025:11:58:06 +0000] "POST /home?page=61 HTTP/1.1" 500 299 "https://google.com" "Mozilla/5.0 (Linux; Android 10)"
203.0.113.42 - - [13/May/2025:00:26:02 +0000] "GET /home?page=72 HTTP/1.1" 404 2399 "-" "curl/7.68.0"
192.168.1.10 - - [12/May/2025:08:55:25 +0000] "POST /home?page=82 HTTP/1.1" 403 2682 "-" "curl/7.68.0"
172.16.0.3 - - [13/May/2025:05:10:47 +0000] "POST /home?page=49 HTTP/1.1" 500 4199 "https://google.com" "Wget/1.20.3 (linux-gnu)"
172.16.0.3 - - [12/May/2025:15:42:22 +0000] "POST /home?page=86 HTTP/1.1" 403 697 "https://google.com" "curl/7.68.0"
10.0.0.5 - - [13/May/2025:07:19:04 +0000] "POST /home?page=32 HTTP/1.1" 200 175 "https://google.com" "Mozilla/5.0 (Windows NT 10.0; Win64; x64)"
203.0.113.42 - - [13/May/2025:08:23:59 +0000] "GET /home?page=25 HTTP/1.1" 403 1075 "-" "Mozilla/5.0 (Linux; Android 10)"
172.16.0.3 - - [13/May/2025:05:47:10 +0000] "GET /home?page=26 HTTP/1.1" 200 2676 "-" "Mozilla/5.0 (Linux; Android 10)"
172.16.0.3 - - [13/May/2025:05:34:04 +0000] "GET /home?page=95 HTTP/1.1" 404 2930 "https://google.com" "curl/7.68.0"
172.16.0.3 - - [12/May/2025:11:16:11 +0000] "GET /?q=%3Cscript%3Ealert(1)%3C%2Fscript%3E HTTP/1.1" 200 1337 "-" "Mozilla/5.0 (Linux; Android 10)"
203.0.113.42 - - [12/May/2025:16:59:09 +0000] "GET /home?page=68 HTTP/1.1" 301 2245 "-" "Mozilla/5.0 (Linux; Android 10)"
10.0.0.5 - - [12/May/2025:09:25:41 +0000] "POST /home?page=65 HTTP/1.1" 500 763 "-" "Mozilla/5.0 (Linux; Android 10)"
198.51.100.17 - - [13/May/2025:01:36:42 +0000] "POST /home?page=5 HTTP/1.1" 403 681 "-" "Mozilla/5.0 (Linux; Android 10)"
203.0.113.42 - - [12/May/2025:16:31:26 +0000] "GET /home?page=28 HTTP/1.1" 301 474 "-" "curl/7.68.0"
192.168.1.10 - - [12/May/2025:11:22:21 +0000] "GET /home?page=88 HTTP/1.1" 301 4926 "-" "Mozilla/5.0 (Linux; Android 10)"
192.168.1.10 - - [13/May/2025:04:42:36 +0000] "GET /home?page=25 HTTP/1.1" 500 3806 "https://google.com" "Mozilla/5.0 (Linux; Android 10)"
192.168.1.10 - - [13/May/2025:07:29:15 +0000] "GET /home?page=84 HTTP/1.1" 200 1673 "https://google.com" "curl/7.68.0"
198.51.100.17 - - [12/May/2025:14:37:47 +0000] "GET /home?page=88 HTTP/1.1" 200 857 "https://google.com" "Wget/1.20.3 (linux-gnu)"
172.16.0.3 - - [12/May/2025:19:42:01 +0000] "GET /page.html?param=../../../../boot.ini HTTP/1.1" 200 4937 "-" "Mozilla/5.0 (Linux; Android 10)"
10.0.0.5 - - [12/May/2025:14:29:56 +0000] "GET /?cmd=cat%20/etc/passwd HTTP/1.1" 301 4161 "https://google.com" "Mozilla/5.0 (Linux; Android 10)"
192.168.1.10 - - [13/May/2025:04:54:36 +0000] "POST /home?page=91 HTTP/1.1" 403 191 "-" "Mozilla/5.0 (Windows NT 10.0; Win64; x64)"
192.168.1.10 - - [12/May/2025:11:12:58 +0000] "POST /home?page=88 HTTP/1.1" 200 2163 "https://google.com" "Wget/1.20.3 (linux-gnu)"
198.51.100.17 - - [13/May/2025:06:11:28 +0000] "GET /home?page=37 HTTP/1.1" 200 3299 "https://google.com" "Mozilla/5.0 (Linux; Android 10)"
10.0.0.5 - - [13/May/2025:05:58:37 +0000] "POST /home?page=36 HTTP/1.1" 403 1834 "-" "Mozilla/5.0 (Linux; Android 10)"
192.168.1.10 - - [12/May/2025:10:19:43 +0000] "POST /home?page=70 HTTP/1.1" 200 1275 "-" "curl/7.68.0"
10.0.0.5 - - [12/May/2025:16:45:45 +0000] "GET /home?page=91 HTTP/1.1" 301 4761 "-" "Wget/1.20.3 (linux-gnu)"
198.51.100.17 - - [12/May/2025:14:08:13 +0000] "GET /admin.php?user=admin'-- HTTP/1.1" 403 2327 "https://google.com" "Wget/1.20.3 (linux-gnu)"
172.16.0.3 - - [12/May/2025:21:03:09 +0000] "POST /home?page=69 HTTP/1.1" 403 3430 "-" "curl/7.68.0"
10.0.0.5 - - [13/May/2025:06:01:56 +0000] "GET /home?page=67 HTTP/1.1" 301 552 "https://google.com" "Mozilla/5.0 (Linux; Android 10)"
203.0.113.42 - - [12/May/2025:19:52:54 +0000] "GET /home?page=78 HTTP/1.1" 404 4990 "-" "curl/7.68.0"
172.16.0.3 - - [12/May/2025:13:07:35 +0000] "GET /home?page=57 HTTP/1.1" 500 4257 "-" "Mozilla/5.0 (Linux; Android 10)"
192.168.1.10 - - [13/May/2025:06:11:47 +0000] "GET /home?page=36 HTTP/1.1" 403 1118 "-" "Mozilla/5.0 (Linux; Android 10)"
192.168.1.10 - - [12/May/2025:13:19:30 +0000] "GET /home?page=61 HTTP/1.1" 200 399 "https://google.com" "curl/7.68.0"
172.16.0.3 - - [12/May/2025:09:21:11 +0000] "GET /home?page=4 HTTP/1.1" 301 204 "-" "curl/7.68.0"
10.0.0.5 - - [13/May/2025:03:12:51 +0000] "GET /home?page=29 HTTP/1.1" 403 2089 "-" "Mozilla/5.0 (Linux; Android 10)"
10.0.0.5 - - [12/May/2025:15:01:05 +0000] "GET /home?page=26 HTTP/1.1" 403 4326 "-" "Wget/1.20.3 (linux-gnu)"
192.168.1.10 - - [12/May/2025:15:11:18 +0000] "GET /home?page=90 HTTP/1.1" 500 429 "-" "Mozilla/5.0 (Linux; Android 10)"
172.16.0.3 - - [12/May/2025:09:55:30 +0000] "POST /?q=%3Cscript%3Ealert(1)%3C%2Fscript%3E HTTP/1.1" 301 3963 "-" "Wget/1.20.3 (linux-gnu)"
172.16.0.3 - - [13/May/2025:02:21:54 +0000] "GET /home?page=95 HTTP/1.1" 301 1893 "https://google.com" "Mozilla/5.0 (Windows NT 10.0; Win64; x64)"
172.16.0.3 - - [12/May/2025:10:35:14 +0000] "POST /?q=%3Cscript%3Ealert(1)%3C%2Fscript%3E HTTP/1.1" 403 3126 "https://google.com" "Wget/1.20.3 (linux-gnu)"
192.168.1.10 - - [12/May/2025:14:19:07 +0000] "POST /api/user?name=admin; DROP TABLE users; HTTP/1.1" 500 2831 "https://google.com" "Mozilla/5.0 (Linux; Android 10)"
10.0.0.5 - - [13/May/2025:01:11:35 +0000] "GET /?q=%3Cscript%3Ealert(1)%3C%2Fscript%3E HTTP/1.1" 301 3935 "-" "Wget/1.20.3 (linux-gnu)"
203.0.113.42 - - [12/May/2025:23:14:33 +0000] "POST /home?page=39 HTTP/1.1" 403 1818 "https://google.com" "curl/7.68.0"
192.168.1.10 - - [12/May/2025:20:25:55 +0000] "GET /home?page=9 HTTP/1.1" 403 874 "-" "curl/7.68.0"
172.16.0.3 - - [12/May/2025:18:20:33 +0000] "GET /home?page=7 HTTP/1.1" 301 561 "https://google.com" "Wget/1.20.3 (linux-gnu)"
192.168.1.10 - - [12/May/2025:19:26:28 +0000] "GET /page.html?param=../../../../boot.ini HTTP/1.1" 200 2539 "https://google.com" "curl/7.68.0"
203.0.113.42 - - [12/May/2025:23:10:04 +0000] "GET /home?page=61 HTTP/1.1" 301 4243 "https://google.com" "Wget/1.20.3 (linux-gnu)"
192.168.1.10 - - [12/May/2025:12:08:34 +0000] "GET /home?page=7 HTTP/1.1" 404 4288 "-" "Mozilla/5.0 (Linux; Android 10)"
10.0.0.5 - - [12/May/2025:18:36:42 +0000] "GET /home?page=65 HTTP/1.1" 404 1201 "-" "Mozilla/5.0 (Windows NT 10.0; Win64; x64)"
198.51.100.17 - - [13/May/2025:01:50:42 +0000] "POST /home?page=3 HTTP/1.1" 200 1021 "https://google.com" "Mozilla/5.0 (Linux; Android 10)"
203.0.113.42 - - [12/May/2025:18:06:52 +0000] "POST /search.php?query=<script>alert('xss')</script> HTTP/1.1" 404 1009 "-" "Mozilla/5.0 (Linux; Android 10)"
172.16.0.3 - - [13/May/2025:02:47:38 +0000] "POST /home?page=47 HTTP/1.1" 500 1717 "-" "Mozilla/5.0 (Windows NT 10.0; Win64; x64)"
172.16.0.3 - - [12/May/2025:15:00:35 +0000] "GET /page.html?param=../../../../boot.ini HTTP/1.1" 301 1053 "-" "Mozilla/5.0 (Linux; Android 10)"
198.51.100.17 - - [13/May/2025:04:14:22 +0000] "POST /home?page=76 HTTP/1.1" 200 3295 "https://google.com" "Mozilla/5.0 (Windows NT 10.0; Win64; x64)"
203.0.113.42 - - [12/May/2025:16:40:56 +0000] "POST /index.php?id=1' OR '1'='1 HTTP/1.1" 403 4351 "https://google.com" "curl/7.68.0"
198.51.100.17 - - [12/May/2025:20:55:43 +0000] "GET /page.html?param=../../../../boot.ini HTTP/1.1" 404 3539 "https://google.com" "Wget/1.20.3 (linux-gnu)"
172.16.0.3 - - [12/May/2025:09:37:16 +0000] "POST /home?page=28 HTTP/1.1" 403 183 "-" "Mozilla/5.0 (Linux; Android 10)"
172.16.0.3 - - [13/May/2025:01:19:28 +0000] "POST /home?page=27 HTTP/1.1" 200 2610 "https://google.com" "Wget/1.20.3 (linux-gnu)"
192.168.1.10 - - [12/May/2025:14:46:50 +0000] "GET /home?page=40 HTTP/1.1" 500 1668 "https://google.com" "Wget/1.20.3 (linux-gnu)"
192.168.1.10 - - [12/May/2025:15:54:28 +0000] "POST /home?page=95 HTTP/1.1" 200 3072 "-" "Mozilla/5.0 (Linux; Android 10)"
172.16.0.3 - - [12/May/2025:12:45:20 +0000] "GET /home?page=69 HTTP/1.1" 403 4387 "-" "Mozilla/5.0 (Linux; Android 10)"
172.16.0.3 - - [12/May/2025:09:16:35 +0000] "GET /home?page=31 HTTP/1.1" 301 566 "-" "Wget/1.20.3 (linux-gnu)"
192.168.1.10 - - [13/May/2025:03:19:55 +0000] "GET /?q=%3Cscript%3Ealert(1)%3C%2Fscript%3E HTTP/1.1" 403 2941 "-" "curl/7.68.0"
203.0.113.42 - - [12/May/2025:10:03:48 +0000] "POST /home?page=16 HTTP/1.1" 500 3199 "https://google.com" "Mozilla/5.0 (Windows NT 10.0; Win64; x64)"
198.51.100.17 - - [12/May/2025:12:00:29 +0000] "GET /?cmd=cat%20/etc/passwd HTTP/1.1" 301 4979 "-" "curl/7.68.0"
172.16.0.3 - - [12/May/2025:09:07:55 +0000] "POST /home?page=48 HTTP/1.1" 200 588 "-" "Mozilla/5.0 (Linux; Android 10)"
10.0.0.5 - - [12/May/2025:23:35:52 +0000] "GET /home?page=77 HTTP/1.1" 500 462 "https://google.com" "Wget/1.20.3 (linux-gnu)"
203.0.113.42 - - [13/May/2025:02:57:44 +0000] "GET /home?page=68 HTTP/1.1" 500 2289 "-" "Wget/1.20.3 (linux-gnu)"
203.0.113.42 - - [13/May/2025:00:06:30 +0000] "GET /home?page=54 HTTP/1.1" 403 4388 "https://google.com" "Mozilla/5.0 (Linux; Android 10)"
172.16.0.3 - - [12/May/2025:21:31:28 +0000] "GET /admin.php?user=admin'-- HTTP/1.1" 403 4954 "-" "Mozilla/5.0 (Linux; Android 10)"
172.16.0.3 - - [12/May/2025:20:19:34 +0000] "GET /login?redirect=http://evil.com HTTP/1.1" 404 1651 "-" "Mozilla/5.0 (Linux; Android 10)"
203.0.113.42 - - [13/May/2025:02:43:59 +0000] "POST /home?page=6 HTTP/1.1" 404 3118 "https://google.com" "Mozilla/5.0 (Linux; Android 10)"
172.16.0.3 - - [12/May/2025:11:39:57 +0000] "GET /home?page=48 HTTP/1.1" 404 2829 "-" "Wget/1.20.3 (linux-gnu)"
203.0.113.42 - - [13/May/2025:00:34:42 +0000] "POST /home?page=54 HTTP/1.1" 500 3643 "-" "Mozilla/5.0 (Linux; Android 10)"
172.16.0.3 - - [13/May/2025:06:54:26 +0000] "POST /login?redirect=http://evil.com HTTP/1.1" 404 3663 "https://google.com" "Mozilla/5.0 (Linux; Android 10)"
10.0.0.5 - - [12/May/2025:11:51:03 +0000] "GET /home?page=29 HTTP/1.1" 403 4382 "-" "Wget/1.20.3 (linux-gnu)"
192.168.1.10 - - [12/May/2025:20:54:53 +0000] "POST /home?page=11 HTTP/1.1" 200 1665 "-" "curl/7.68.0"
10.0.0.5 - - [12/May/2025:13:11:31 +0000] "POST /home?page=12 HTTP/1.1" 301 482 "https://google.com" "Wget/1.20.3 (linux-gnu)"
198.51.100.17 - - [12/May/2025:11:20:57 +0000] "GET /../../../../etc/passwd HTTP/1.1" 301 3184 "-" "Mozilla/5.0 (Linux; Android 10)"
172.16.0.3 - - [13/May/2025:00:32:08 +0000] "GET /home?page=97 HTTP/1.1" 301 450 "https://google.com" "curl/7.68.0"
198.51.100.17 - - [13/May/2025:00:44:47 +0000] "POST /home?page=56 HTTP/1.1" 500 1464 "https://google.com" "Wget/1.20.3 (linux-gnu)"
192.168.1.10 - - [13/May/2025:02:39:12 +0000] "POST /home?page=79 HTTP/1.1" 500 303 "-" "curl/7.68.0"
172.16.0.3 - - [13/May/2025:07:15:48 +0000] "GET /home?page=79 HTTP/1.1" 301 1171 "-" "curl/7.68.0"
172.16.0.3 - - [12/May/2025:13:32:30 +0000] "GET /../../../../etc/passwd HTTP/1.1" 500 514 "https://google.com" "curl/7.68.0"
203.0.113.42 - - [12/May/2025:17:39:08 +0000] "POST /home?page=81 HTTP/1.1" 301 2532 "-" "curl/7.68.0"
172.16.0.3 - - [12/May/2025:13:51:33 +0000] "GET /admin.php?user=admin'-- HTTP/1.1" 200 4067 "-" "Mozilla/5.0 (Windows NT 10.0; Win64; x64)"
10.0.0.5 - - [12/May/2025:12:31:50 +0000] "POST /home?page=47 HTTP/1.1" 403 3857 "https://google.com" "Mozilla/5.0 (Windows NT 10.0; Win64; x64)"
10.0.0.5 - - [12/May/2025:11:02:45 +0000] "POST /home?page=58 HTTP/1.1" 200 2392 "https://google.com" "Mozilla/5.0 (Linux; Android 10)"
172.16.0.3 - - [12/May/2025:20:04:34 +0000] "POST /../../../../etc/passwd HTTP/1.1" 500 2112 "-" "Wget/1.20.3 (linux-gnu)"
192.168.1.10 - - [12/May/2025:21:47:22 +0000] "GET /home?page=42 HTTP/1.1" 200 3546 "https://google.com" "Wget/1.20.3 (linux-gnu)"
10.0.0.5 - - [12/May/2025:08:40:48 +0000] "GET /index.php?id=1' OR '1'='1 HTTP/1.1" 200 3069 "https://google.com" "Mozilla/5.0 (Windows NT 10.0; Win64; x64)"
10.0.0.5 - - [13/May/2025:01:02:14 +0000] "POST /home?page=86 HTTP/1.1" 404 4409 "-" "Mozilla/5.0 (Linux; Android 10)"
203.0.113.42 - - [12/May/2025:22:38:49 +0000] "POST /../../../../etc/passwd HTTP/1.1" 404 4384 "https://google.com" "curl/7.68.0"
10.0.0.5 - - [13/May/2025:05:25:48 +0000] "POST /home?page=79 HTTP/1.1" 200 3435 "https://google.com" "Wget/1.20.3 (linux-gnu)"
198.51.100.17 - - [12/May/2025:13:23:41 +0000] "GET /home?page=95 HTTP/1.1" 500 4526 "https://google.com" "Wget/1.20.3 (linux-gnu)"
192.168.1.10 - - [12/May/2025:10:35:04 +0000] "GET /home?page=57 HTTP/1.1" 403 859 "https://google.com" "Mozilla/5.0 (Windows NT 10.0; Win64; x64)"
198.51.100.17 - - [12/May/2025:23:19:48 +0000] "GET /home?page=86 HTTP/1.1" 404 2376 "-" "curl/7.68.0"
203.0.113.42 - - [12/May/2025:10:05:44 +0000] "POST /?cmd=cat%20/etc/passwd HTTP/1.1" 403 4722 "-" "Mozilla/5.0 (Linux; Android 10)"
192.168.1.10 - - [12/May/2025:14:35:18 +0000] "GET /home?page=79 HTTP/1.1" 403 2326 "-" "Wget/1.20.3 (linux-gnu)"
192.168.1.10 - - [12/May/2025:11:55:37 +0000] "POST /home?page=25 HTTP/1.1" 403 2284 "https://google.com" "Mozilla/5.0 (Windows NT 10.0; Win64; x64)"
172.16.0.3 - - [12/May/2025:15:13:05 +0000] "GET /home?page=83 HTTP/1.1" 500 3279 "-" "Mozilla/5.0 (Linux; Android 10)"
172.16.0.3 - - [12/May/2025:21:03:45 +0000] "POST /api/user?name=admin; DROP TABLE users; HTTP/1.1" 200 1751 "-" "curl/7.68.0"
192.168.1.10 - - [12/May/2025:17:07:41 +0000] "GET /home?page=70 HTTP/1.1" 403 2176 "-" "Mozilla/5.0 (Linux; Android 10)"
172.16.0.3 - - [12/May/2025:15:09:57 +0000] "POST /index.php?id=1' OR '1'='1 HTTP/1.1" 301 2125 "-" "Mozilla/5.0 (Windows NT 10.0; Win64; x64)"
172.16.0.3 - - [12/May/2025:09:18:39 +0000] "GET /search.php?query=<script>alert('xss')</script> HTTP/1.1" 404 2670 "https://google.com" "Mozilla/5.0 (Linux; Android 10)"
10.0.0.5 - - [13/May/2025:00:31:05 +0000] "GET /home?page=12 HTTP/1.1" 404 810 "-" "Mozilla/5.0 (Linux; Android 10)"
10.0.0.5 - - [13/May/2025:08:22:17 +0000] "POST /home?page=97 HTTP/1.1" 500 1235 "-" "curl/7.68.0"
172.16.0.3 - - [12/May/2025:15:33:25 +0000] "GET /index.php?id=1' OR '1'='1 HTTP/1.1" 403 3675 "https://google.com" "Mozilla/5.0 (Linux; Android 10)"
203.0.113.42 - - [12/May/2025:15:40:44 +0000] "POST /home?page=37 HTTP/1.1" 200 562 "-" "Mozilla/5.0 (Linux; Android 10)"
198.51.100.17 - - [12/May/2025:15:49:21 +0000] "POST /home?page=1 HTTP/1.1" 403 4574 "-" "Mozilla/5.0 (Linux; Android 10)"
192.168.1.10 - - [12/May/2025:15:17:17 +0000] "POST /home?page=46 HTTP/1.1" 403 1723 "https://google.com" "Mozilla/5.0 (Windows NT 10.0; Win64; x64)"
192.168.1.10 - - [13/May/2025:03:00:08 +0000] "POST /home?page=54 HTTP/1.1" 500 318 "-" "Wget/1.20.3 (linux-gnu)"
198.51.100.17 - - [13/May/2025:08:01:53 +0000] "GET /index.php?id=1' OR '1'='1 HTTP/1.1" 500 4952 "-" "Wget/1.20.3 (linux-gnu)"
203.0.113.42 - - [12/May/2025:18:34:10 +0000] "POST /home?page=89 HTTP/1.1" 403 2660 "-" "Mozilla/5.0 (Linux; Android 10)"
10.0.0.5 - - [13/May/2025:06:46:24 +0000] "POST /home?page=35 HTTP/1.1" 403 3069 "https://google.com" "Mozilla/5.0 (Linux; Android 10)"
10.0.0.5 - - [12/May/2025:23:40:45 +0000] "POST /index.php?id=1' OR '1'='1 HTTP/1.1" 403 4741 "https://google.com" "Mozilla/5.0 (Windows NT 10.0; Win64; x64)"
198.51.100.17 - - [13/May/2025:05:02:22 +0000] "POST /page.html?param=../../../../boot.ini HTTP/1.1" 200 613 "-" "Wget/1.20.3 (linux-gnu)"
198.51.100.17 - - [13/May/2025:05:18:36 +0000] "GET /home?page=85 HTTP/1.1" 200 625 "https://google.com" "curl/7.68.0"
172.16.0.3 - - [12/May/2025:19:26:00 +0000] "POST /home?page=78 HTTP/1.1" 403 3404 "-" "curl/7.68.0"
203.0.113.42 - - [12/May/2025:16:01:32 +0000] "GET /home?page=8 HTTP/1.1" 200 821 "-" "curl/7.68.0"
198.51.100.17 - - [12/May/2025:14:54:19 +0000] "POST /home?page=54 HTTP/1.1" 404 446 "-" "Mozilla/5.0 (Linux; Android 10)"
172.16.0.3 - - [13/May/2025:08:25:19 +0000] "GET /home?page=10 HTTP/1.1" 404 4718 "https://google.com" "curl/7.68.0"
203.0.113.42 - - [12/May/2025:22:40:09 +0000] "POST /../../../../etc/passwd HTTP/1.1" 500 3107 "-" "Mozilla/5.0 (Windows NT 10.0; Win64; x64)"
172.16.0.3 - - [12/May/2025:17:54:32 +0000] "POST /home?page=62 HTTP/1.1" 301 3288 "https://google.com" "Mozilla/5.0 (Windows NT 10.0; Win64; x64)"
10.0.0.5 - - [12/May/2025:12:15:10 +0000] "POST /home?page=57 HTTP/1.1" 500 3045 "https://google.com" "Wget/1.20.3 (linux-gnu)"
172.16.0.3 - - [13/May/2025:00:42:05 +0000] "POST /page.html?param=../../../../boot.ini HTTP/1.1" 404 1761 "-" "Mozilla/5.0 (Windows NT 10.0; Win64; x64)"
10.0.0.5 - - [12/May/2025:17:16:03 +0000] "GET /home?page=80 HTTP/1.1" 500 1602 "https://google.com" "Wget/1.20.3 (linux-gnu)"
172.16.0.3 - - [12/May/2025:11:10:15 +0000] "POST /home?page=6 HTTP/1.1" 200 502 "-" "curl/7.68.0"
192.168.1.10 - - [13/May/2025:04:36:32 +0000] "GET /?q=%3Cscript%3Ealert(1)%3C%2Fscript%3E HTTP/1.1" 404 413 "https://google.com" "curl/7.68.0"
203.0.113.42 - - [12/May/2025:17:49:14 +0000] "POST /home?page=25 HTTP/1.1" 500 3945 "-" "curl/7.68.0"
203.0.113.42 - - [12/May/2025:10:51:59 +0000] "GET /home?page=25 HTTP/1.1" 200 2874 "https://google.com" "Mozilla/5.0 (Linux; Android 10)"
172.16.0.3 - - [12/May/2025:12:09:22 +0000] "POST /home?page=51 HTTP/1.1" 301 455 "https://google.com" "Mozilla/5.0 (Windows NT 10.0; Win64; x64)"
10.0.0.5 - - [12/May/2025:20:50:57 +0000] "GET /home?page=10 HTTP/1.1" 301 1285 "https://google.com" "Mozilla/5.0 (Windows NT 10.0; Win64; x64)"
10.0.0.5 - - [12/May/2025:10:01:06 +0000] "GET /home?page=10 HTTP/1.1" 404 832 "-" "curl/7.68.0"
10.0.0.5 - - [13/May/2025:07:03:25 +0000] "POST /admin.php?user=admin'-- HTTP/1.1" 200 726 "-" "Mozilla/5.0 (Windows NT 10.0; Win64; x64)"
172.16.0.3 - - [13/May/2025:05:23:21 +0000] "GET /?cmd=cat%20/etc/passwd HTTP/1.1" 301 1104 "-" "curl/7.68.0"
172.16.0.3 - - [12/May/2025:08:54:40 +0000] "GET /?cmd=cat%20/etc/passwd HTTP/1.1" 301 861 "-" "Wget/1.20.3 (linux-gnu)"
172.16.0.3 - - [12/May/2025:09:19:07 +0000] "GET /page.html?param=../../../../boot.ini HTTP/1.1" 404 1013 "https://google.com" "Mozilla/5.0 (Linux; Android 10)"
172.16.0.3 - - [12/May/2025:11:22:29 +0000] "GET /home?page=57 HTTP/1.1" 404 4108 "-" "Wget/1.20.3 (linux-gnu)"
10.0.0.5 - - [13/May/2025:07:23:35 +0000] "POST /home?page=86 HTTP/1.1" 403 4463 "-" "Mozilla/5.0 (Linux; Android 10)"
192.168.1.10 - - [13/May/2025:05:53:09 +0000] "GET /login?redirect=http://evil.com HTTP/1.1" 301 1010 "-" "Mozilla/5.0 (Linux; Android 10)"
203.0.113.42 - - [12/May/2025:18:22:16 +0000] "GET /home?page=9 HTTP/1.1" 404 1112 "https://google.com" "Wget/1.20.3 (linux-gnu)"
10.0.0.5 - - [12/May/2025:23:02:03 +0000] "POST /home?page=68 HTTP/1.1" 404 1808 "https://google.com" "curl/7.68.0"
10.0.0.5 - - [12/May/2025:21:33:33 +0000] "POST /home?page=67 HTTP/1.1" 500 383 "-" "Wget/1.20.3 (linux-gnu)"
192.168.1.10 - - [12/May/2025:11:52:42 +0000] "POST /home?page=37 HTTP/1.1" 200 2477 "https://google.com" "Wget/1.20.3 (linux-gnu)"
198.51.100.17 - - [12/May/2025:20:06:48 +0000] "POST /home?page=99 HTTP/1.1" 301 2585 "-" "curl/7.68.0"
192.168.1.10 - - [12/May/2025:15:09:43 +0000] "POST /home?page=100 HTTP/1.1" 403 4675 "https://google.com" "Wget/1.20.3 (linux-gnu)"
192.168.1.10 - - [13/May/2025:03:34:55 +0000] "GET /search.php?query=<script>alert('xss')</script> HTTP/1.1" 404 2182 "https://google.com" "Wget/1.20.3 (linux-gnu)"
198.51.100.17 - - [12/May/2025:18:50:53 +0000] "POST /home?page=32 HTTP/1.1" 301 895 "-" "Mozilla/5.0 (Windows NT 10.0; Win64; x64)"
192.168.1.10 - - [12/May/2025:23:17:23 +0000] "POST /home?page=43 HTTP/1.1" 403 1928 "-" "Mozilla/5.0 (Windows NT 10.0; Win64; x64)"
198.51.100.17 - - [12/May/2025:18:09:05 +0000] "POST /home?page=44 HTTP/1.1" 500 3878 "https://google.com" "Mozilla/5.0 (Windows NT 10.0; Win64; x64)"
10.0.0.5 - - [12/May/2025:15:40:11 +0000] "GET /home?page=32 HTTP/1.1" 200 3175 "-" "Mozilla/5.0 (Linux; Android 10)"
203.0.113.42 - - [13/May/2025:02:56:26 +0000] "POST /home?page=8 HTTP/1.1" 301 2846 "https://google.com" "curl/7.68.0"
10.0.0.5 - - [13/May/2025:03:16:44 +0000] "GET /home?page=53 HTTP/1.1" 301 2333 "-" "Wget/1.20.3 (linux-gnu)"
203.0.113.42 - - [12/May/2025:15:09:51 +0000] "POST /home?page=61 HTTP/1.1" 500 922 "-" "curl/7.68.0"
192.168.1.10 - - [12/May/2025:21:18:26 +0000] "GET /admin.php?user=admin'-- HTTP/1.1" 301 613 "-" "curl/7.68.0"
203.0.113.42 - - [12/May/2025:15:38:08 +0000] "GET /?cmd=cat%20/etc/passwd HTTP/1.1" 500 4053 "-" "curl/7.68.0"
203.0.113.42 - - [12/May/2025:14:06:52 +0000] "POST /home?page=46 HTTP/1.1" 301 3367 "https://google.com" "Mozilla/5.0 (Windows NT 10.0; Win64; x64)"
172.16.0.3 - - [13/May/2025:03:15:14 +0000] "GET /home?page=6 HTTP/1.1" 404 2599 "-" "Wget/1.20.3 (linux-gnu)"
203.0.113.42 - - [13/May/2025:01:58:49 +0000] "GET /page.html?param=../../../../boot.ini HTTP/1.1" 404 837 "-" "Mozilla/5.0 (Linux; Android 10)"
172.16.0.3 - - [13/May/2025:01:39:08 +0000] "GET /home?page=29 HTTP/1.1" 301 2470 "https://google.com" "Wget/1.20.3 (linux-gnu)"
198.51.100.17 - - [12/May/2025:20:37:02 +0000] "POST /home?page=2 HTTP/1.1" 404 1985 "-" "Wget/1.20.3 (linux-gnu)"
172.16.0.3 - - [13/May/2025:01:25:14 +0000] "GET /home?page=4 HTTP/1.1" 403 2249 "https://google.com" "Mozilla/5.0 (Linux; Android 10)"
192.168.1.10 - - [12/May/2025:20:25:06 +0000] "GET /home?page=92 HTTP/1.1" 301 3858 "-" "Mozilla/5.0 (Linux; Android 10)"
172.16.0.3 - - [13/May/2025:02:08:11 +0000] "POST /../../../../etc/passwd HTTP/1.1" 500 2837 "-" "Mozilla/5.0 (Windows NT 10.0; Win64; x64)"
172.16.0.3 - - [12/May/2025:17:00:49 +0000] "GET /home?page=20 HTTP/1.1" 200 4284 "-" "Mozilla/5.0 (Windows NT 10.0; Win64; x64)"
10.0.0.5 - - [12/May/2025:11:26:40 +0000] "GET /home?page=18 HTTP/1.1" 200 3804 "https://google.com" "Mozilla/5.0 (Windows NT 10.0; Win64; x64)"
198.51.100.17 - - [12/May/2025:11:54:12 +0000] "GET /?q=%3Cscript%3Ealert(1)%3C%2Fscript%3E HTTP/1.1" 200 445 "https://google.com" "curl/7.68.0"
172.16.0.3 - - [12/May/2025:13:51:20 +0000] "GET /home?page=87 HTTP/1.1" 500 1072 "-" "Wget/1.20.3 (linux-gnu)"
172.16.0.3 - - [13/May/2025:03:49:56 +0000] "POST /home?page=42 HTTP/1.1" 500 4785 "-" "Wget/1.20.3 (linux-gnu)"
10.0.0.5 - - [12/May/2025:17:20:38 +0000] "POST /home?page=53 HTTP/1.1" 301 2420 "https://google.com" "Wget/1.20.3 (linux-gnu)"
192.168.1.10 - - [12/May/2025:17:01:25 +0000] "POST /home?page=23 HTTP/1.1" 403 2451 "https://google.com" "Wget/1.20.3 (linux-gnu)"
10.0.0.5 - - [12/May/2025:19:26:08 +0000] "GET /home?page=55 HTTP/1.1" 301 1741 "-" "Mozilla/5.0 (Windows NT 10.0; Win64; x64)"
198.51.100.17 - - [12/May/2025:20:12:30 +0000] "POST /home?page=43 HTTP/1.1" 404 3049 "-" "Mozilla/5.0 (Windows NT 10.0; Win64; x64)"
192.168.1.10 - - [12/May/2025:14:15:19 +0000] "GET /home?page=85 HTTP/1.1" 403 3947 "-" "Mozilla/5.0 (Linux; Android 10)"
192.168.1.10 - - [13/May/2025:05:15:36 +0000] "POST /?q=%3Cscript%3Ealert(1)%3C%2Fscript%3E HTTP/1.1" 301 2601 "-" "Mozilla/5.0 (Windows NT 10.0; Win64; x64)"
172.16.0.3 - - [13/May/2025:04:11:33 +0000] "POST /home?page=21 HTTP/1.1" 404 4043 "https://google.com" "Mozilla/5.0 (Linux; Android 10)"
10.0.0.5 - - [12/May/2025:15:10:03 +0000] "POST /home?page=82 HTTP/1.1" 403 2293 "-" "Wget/1.20.3 (linux-gnu)"
203.0.113.42 - - [12/May/2025:16:42:14 +0000] "POST /home?page=66 HTTP/1.1" 403 3184 "https://google.com" "Mozilla/5.0 (Windows NT 10.0; Win64; x64)"
203.0.113.42 - - [12/May/2025:22:47:52 +0000] "GET /home?page=100 HTTP/1.1" 200 2284 "https://google.com" "Mozilla/5.0 (Windows NT 10.0; Win64; x64)"
192.168.1.10 - - [13/May/2025:04:46:10 +0000] "POST /home?page=48 HTTP/1.1" 404 1949 "https://google.com" "Mozilla/5.0 (Linux; Android 10)"
192.168.1.10 - - [13/May/2025:02:18:59 +0000] "POST /home?page=1 HTTP/1.1" 301 4561 "-" "Wget/1.20.3 (linux-gnu)"
192.168.1.10 - - [12/May/2025:10:58:26 +0000] "POST /home?page=94 HTTP/1.1" 403 1311 "-" "Mozilla/5.0 (Windows NT 10.0; Win64; x64)"
192.168.1.10 - - [13/May/2025:01:41:14 +0000] "GET /home?page=22 HTTP/1.1" 200 1663 "-" "Wget/1.20.3 (linux-gnu)"
172.16.0.3 - - [13/May/2025:03:36:07 +0000] "GET /home?page=79 HTTP/1.1" 404 3088 "https://google.com" "Mozilla/5.0 (Linux; Android 10)"
172.16.0.3 - - [13/May/2025:08:34:54 +0000] "POST /../../../../etc/passwd HTTP/1.1" 403 3663 "-" "Wget/1.20.3 (linux-gnu)"
192.168.1.10 - - [12/May/2025:22:47:11 +0000] "POST /?cmd=cat%20/etc/passwd HTTP/1.1" 403 4830 "-" "Mozilla/5.0 (Linux; Android 10)"
10.0.0.5 - - [12/May/2025:16:45:42 +0000] "GET /home?page=42 HTTP/1.1" 404 3397 "https://google.com" "Mozilla/5.0 (Linux; Android 10)"
203.0.113.42 - - [13/May/2025:01:39:07 +0000] "POST /home?page=41 HTTP/1.1" 404 2574 "-" "Mozilla/5.0 (Windows NT 10.0; Win64; x64)"
198.51.100.17 - - [12/May/2025:12:42:31 +0000] "GET /home?page=44 HTTP/1.1" 200 1380 "-" "Wget/1.20.3 (linux-gnu)"
10.0.0.5 - - [12/May/2025:13:36:55 +0000] "GET /page.html?param=../../../../boot.ini HTTP/1.1" 403 1718 "https://google.com" "Mozilla/5.0 (Linux; Android 10)"
10.0.0.5 - - [12/May/2025:23:09:39 +0000] "POST /home?page=27 HTTP/1.1" 500 2916 "-" "Wget/1.20.3 (linux-gnu)"
192.168.1.10 - - [12/May/2025:18:31:26 +0000] "POST /api/user?name=admin; DROP TABLE users; HTTP/1.1" 500 1287 "-" "Mozilla/5.0 (Windows NT 10.0; Win64; x64)"
10.0.0.5 - - [13/May/2025:06:23:15 +0000] "POST /home?page=36 HTTP/1.1" 500 1383 "-" "Mozilla/5.0 (Windows NT 10.0; Win64; x64)"
192.168.1.10 - - [13/May/2025:05:57:26 +0000] "POST /home?page=31 HTTP/1.1" 404 4531 "https://google.com" "Mozilla/5.0 (Windows NT 10.0; Win64; x64)"
203.0.113.42 - - [12/May/2025:11:30:38 +0000] "POST /home?page=21 HTTP/1.1" 500 2777 "https://google.com" "Mozilla/5.0 (Windows NT 10.0; Win64; x64)"
192.168.1.10 - - [12/May/2025:17:52:17 +0000] "POST /home?page=79 HTTP/1.1" 403 1045 "https://google.com" "Mozilla/5.0 (Windows NT 10.0; Win64; x64)"
198.51.100.17 - - [13/May/2025:00:43:44 +0000] "POST /home?page=58 HTTP/1.1" 403 4474 "-" "curl/7.68.0"
172.16.0.3 - - [12/May/2025:17:06:22 +0000] "GET /../../../../etc/passwd HTTP/1.1" 500 3139 "https://google.com" "curl/7.68.0"
198.51.100.17 - - [13/May/2025:06:40:34 +0000] "GET /home?page=37 HTTP/1.1" 200 857 "-" "Mozilla/5.0 (Windows NT 10.0; Win64; x64)"
203.0.113.42 - - [12/May/2025:20:03:30 +0000] "GET /home?page=30 HTTP/1.1" 403 4532 "-" "Mozilla/5.0 (Windows NT 10.0; Win64; x64)"
198.51.100.17 - - [12/May/2025:16:49:45 +0000] "POST /home?page=20 HTTP/1.1" 200 702 "https://google.com" "Wget/1.20.3 (linux-gnu)"
172.16.0.3 - - [12/May/2025:14:03:47 +0000] "GET /home?page=59 HTTP/1.1" 200 4031 "-" "curl/7.68.0"
10.0.0.5 - - [12/May/2025:12:02:44 +0000] "POST /home?page=52 HTTP/1.1" 200 3291 "https://google.com" "Mozilla/5.0 (Windows NT 10.0; Win64; x64)"
192.168.1.10 - - [13/May/2025:03:55:08 +0000] "GET /../../../../etc/passwd HTTP/1.1" 200 4161 "https://google.com" "Wget/1.20.3 (linux-gnu)"
10.0.0.5 - - [13/May/2025:06:04:52 +0000] "GET /home?page=49 HTTP/1.1" 500 3803 "-" "Mozilla/5.0 (Linux; Android 10)"
10.0.0.5 - - [12/May/2025:21:12:22 +0000] "POST /api/user?name=admin; DROP TABLE users; HTTP/1.1" 403 4508 "-" "Mozilla/5.0 (Windows NT 10.0; Win64; x64)"
10.0.0.5 - - [13/May/2025:02:53:28 +0000] "POST /admin.php?user=admin'-- HTTP/1.1" 301 3198 "https://google.com" "Wget/1.20.3 (linux-gnu)"
198.51.100.17 - - [12/May/2025:09:56:21 +0000] "POST /home?page=15 HTTP/1.1" 404 1620 "-" "Mozilla/5.0 (Linux; Android 10)"
203.0.113.42 - - [13/May/2025:05:59:49 +0000] "POST /?q=%3Cscript%3Ealert(1)%3C%2Fscript%3E HTTP/1.1" 404 828 "https://google.com" "Mozilla/5.0 (Windows NT 10.0; Win64; x64)"
172.16.0.3 - - [12/May/2025:14:05:16 +0000] "GET /home?page=75 HTTP/1.1" 404 801 "-" "Mozilla/5.0 (Linux; Android 10)"
192.168.1.10 - - [12/May/2025:17:01:32 +0000] "POST /home?page=87 HTTP/1.1" 301 1097 "https://google.com" "Wget/1.20.3 (linux-gnu)"
172.16.0.3 - - [13/May/2025:08:01:24 +0000] "GET /?cmd=cat%20/etc/passwd HTTP/1.1" 500 3485 "https://google.com" "Wget/1.20.3 (linux-gnu)"
10.0.0.5 - - [12/May/2025:18:28:50 +0000] "POST /home?page=96 HTTP/1.1" 500 3001 "-" "curl/7.68.0"
172.16.0.3 - - [12/May/2025:15:46:33 +0000] "GET /page.html?param=../../../../boot.ini HTTP/1.1" 200 1585 "https://google.com" "curl/7.68.0"
10.0.0.5 - - [13/May/2025:07:02:27 +0000] "POST /home?page=15 HTTP/1.1" 200 274 "https://google.com" "Wget/1.20.3 (linux-gnu)"
198.51.100.17 - - [13/May/2025:06:53:54 +0000] "GET /home?page=84 HTTP/1.1" 403 284 "https://google.com" "Mozilla/5.0 (Linux; Android 10)"
192.168.1.10 - - [12/May/2025:18:58:45 +0000] "POST /?cmd=cat%20/etc/passwd HTTP/1.1" 500 2346 "-" "curl/7.68.0"
10.0.0.5 - - [12/May/2025:14:06:40 +0000] "GET /home?page=73 HTTP/1.1" 301 2586 "-" "Mozilla/5.0 (Linux; Android 10)"
192.168.1.10 - - [12/May/2025:15:53:51 +0000] "POST /page.html?param=../../../../boot.ini HTTP/1.1" 404 3763 "https://google.com" "curl/7.68.0"
203.0.113.42 - - [12/May/2025:11:37:44 +0000] "GET /admin.php?user=admin'-- HTTP/1.1" 500 2196 "https://google.com" "Mozilla/5.0 (Linux; Android 10)"
10.0.0.5 - - [12/May/2025:09:49:02 +0000] "POST /home?page=81 HTTP/1.1" 500 1148 "-" "Wget/1.20.3 (linux-gnu)"
172.16.0.3 - - [12/May/2025:10:10:16 +0000] "GET /home?page=61 HTTP/1.1" 200 462 "-" "curl/7.68.0"
10.0.0.5 - - [12/May/2025:19:13:20 +0000] "POST /home?page=62 HTTP/1.1" 404 4187 "-" "curl/7.68.0"
10.0.0.5 - - [13/May/2025:01:12:11 +0000] "GET /home?page=49 HTTP/1.1" 403 2587 "https://google.com" "Mozilla/5.0 (Linux; Android 10)"
10.0.0.5 - - [12/May/2025:13:08:44 +0000] "POST /home?page=18 HTTP/1.1" 200 2506 "https://google.com" "Mozilla/5.0 (Linux; Android 10)"
192.168.1.10 - - [12/May/2025:13:27:40 +0000] "POST /home?page=27 HTTP/1.1" 403 1630 "-" "Wget/1.20.3 (linux-gnu)"
172.16.0.3 - - [12/May/2025:17:03:14 +0000] "POST /search.php?query=<script>alert('xss')</script> HTTP/1.1" 404 2350 "-" "Wget/1.20.3 (linux-gnu)"
10.0.0.5 - - [12/May/2025:12:51:40 +0000] "POST /home?page=95 HTTP/1.1" 403 3271 "https://google.com" "Wget/1.20.3 (linux-gnu)"
10.0.0.5 - - [12/May/2025:23:29:58 +0000] "POST /home?page=48 HTTP/1.1" 301 3439 "https://google.com" "curl/7.68.0"
172.16.0.3 - - [12/May/2025:14:17:06 +0000] "GET /home?page=15 HTTP/1.1" 500 446 "https://google.com" "Mozilla/5.0 (Linux; Android 10)"
198.51.100.17 - - [13/May/2025:07:27:08 +0000] "GET /home?page=5 HTTP/1.1" 500 4121 "https://google.com" "Mozilla/5.0 (Linux; Android 10)"
172.16.0.3 - - [12/May/2025:23:06:54 +0000] "POST /?q=%3Cscript%3Ealert(1)%3C%2Fscript%3E HTTP/1.1" 200 4081 "-" "Mozilla/5.0 (Linux; Android 10)"
172.16.0.3 - - [12/May/2025:09:06:49 +0000] "GET /home?page=17 HTTP/1.1" 301 117 "-" "Wget/1.20.3 (linux-gnu)"
203.0.113.42 - - [12/May/2025:12:48:02 +0000] "POST /?cmd=cat%20/etc/passwd HTTP/1.1" 403 4907 "https://google.com" "Mozilla/5.0 (Linux; Android 10)"
192.168.1.10 - - [13/May/2025:00:02:45 +0000] "POST /home?page=38 HTTP/1.1" 301 4199 "https://google.com" "Mozilla/5.0 (Windows NT 10.0; Win64; x64)"
198.51.100.17 - - [12/May/2025:21:53:41 +0000] "GET /home?page=24 HTTP/1.1" 200 575 "https://google.com" "Mozilla/5.0 (Windows NT 10.0; Win64; x64)"
192.168.1.10 - - [12/May/2025:17:34:44 +0000] "GET /home?page=97 HTTP/1.1" 403 716 "https://google.com" "Wget/1.20.3 (linux-gnu)"
198.51.100.17 - - [13/May/2025:04:07:09 +0000] "GET /page.html?param=../../../../boot.ini HTTP/1.1" 200 2980 "https://google.com" "Mozilla/5.0 (Linux; Android 10)"
198.51.100.17 - - [12/May/2025:11:14:08 +0000] "POST /home?page=48 HTTP/1.1" 500 3373 "-" "Mozilla/5.0 (Linux; Android 10)"
192.168.1.10 - - [13/May/2025:07:08:09 +0000] "POST /home?page=2 HTTP/1.1" 403 1871 "https://google.com" "curl/7.68.0"
203.0.113.42 - - [12/May/2025:10:44:55 +0000] "GET /page.html?param=../../../../boot.ini HTTP/1.1" 404 2950 "-" "Mozilla/5.0 (Linux; Android 10)"
192.168.1.10 - - [12/May/2025:18:42:47 +0000] "GET /home?page=55 HTTP/1.1" 200 1303 "https://google.com" "Wget/1.20.3 (linux-gnu)"
198.51.100.17 - - [12/May/2025:11:47:14 +0000] "POST /home?page=63 HTTP/1.1" 500 4309 "https://google.com" "Mozilla/5.0 (Linux; Android 10)"
10.0.0.5 - - [12/May/2025:21:00:21 +0000] "GET /home?page=88 HTTP/1.1" 500 4154 "-" "curl/7.68.0"
192.168.1.10 - - [12/May/2025:22:57:45 +0000] "POST /api/user?name=admin; DROP TABLE users; HTTP/1.1" 301 368 "https://google.com" "curl/7.68.0"
203.0.113.42 - - [13/May/2025:07:15:09 +0000] "POST /home?page=92 HTTP/1.1" 403 2160 "https://google.com" "Wget/1.20.3 (linux-gnu)"
10.0.0.5 - - [13/May/2025:05:00:38 +0000] "POST /home?page=27 HTTP/1.1" 403 1109 "https://google.com" "Mozilla/5.0 (Windows NT 10.0; Win64; x64)"
192.168.1.10 - - [13/May/2025:03:39:01 +0000] "POST /admin.php?user=admin'-- HTTP/1.1" 404 1217 "https://google.com" "Mozilla/5.0 (Windows NT 10.0; Win64; x64)"
192.168.1.10 - - [13/May/2025:06:00:40 +0000] "GET /home?page=97 HTTP/1.1" 301 3750 "https://google.com" "Mozilla/5.0 (Linux; Android 10)"
172.16.0.3 - - [13/May/2025:03:11:03 +0000] "GET /home?page=81 HTTP/1.1" 500 875 "-" "curl/7.68.0"
192.168.1.10 - - [13/May/2025:02:12:13 +0000] "GET /api/user?name=admin; DROP TABLE users; HTTP/1.1" 301 4930 "https://google.com" "Wget/1.20.3 (linux-gnu)"
198.51.100.17 - - [13/May/2025:02:11:18 +0000] "POST /page.html?param=../../../../boot.ini HTTP/1.1" 301 3462 "https://google.com" "Wget/1.20.3 (linux-gnu)"
192.168.1.10 - - [12/May/2025:12:28:15 +0000] "GET /home?page=51 HTTP/1.1" 500 2243 "-" "Wget/1.20.3 (linux-gnu)"
198.51.100.17 - - [12/May/2025:15:21:18 +0000] "POST /index.php?id=1' OR '1'='1 HTTP/1.1" 404 2361 "-" "Wget/1.20.3 (linux-gnu)"
203.0.113.42 - - [12/May/2025:11:23:47 +0000] "GET /admin.php?user=admin'-- HTTP/1.1" 301 2371 "https://google.com" "Mozilla/5.0 (Linux; Android 10)"
172.16.0.3 - - [12/May/2025:20:09:13 +0000] "POST /home?page=71 HTTP/1.1" 403 2672 "https://google.com" "Wget/1.20.3 (linux-gnu)"
203.0.113.42 - - [12/May/2025:09:58:32 +0000] "GET /login?redirect=http://evil.com HTTP/1.1" 500 4499 "https://google.com" "Mozilla/5.0 (Linux; Android 10)"
198.51.100.17 - - [12/May/2025:14:31:18 +0000] "GET /home?page=86 HTTP/1.1" 301 3879 "https://google.com" "Wget/1.20.3 (linux-gnu)"
198.51.100.17 - - [12/May/2025:13:12:45 +0000] "POST /home?page=62 HTTP/1.1" 301 1010 "-" "Wget/1.20.3 (linux-gnu)"
203.0.113.42 - - [12/May/2025:21:29:45 +0000] "GET /home?page=83 HTTP/1.1" 301 4372 "-" "Mozilla/5.0 (Linux; Android 10)"
172.16.0.3 - - [12/May/2025:12:42:34 +0000] "POST /home?page=19 HTTP/1.1" 500 2823 "https://google.com" "Wget/1.20.3 (linux-gnu)"
172.16.0.3 - - [12/May/2025:19:09:20 +0000] "GET /home?page=55 HTTP/1.1" 404 3330 "-" "curl/7.68.0"
10.0.0.5 - - [12/May/2025:20:56:34 +0000] "POST /home?page=9 HTTP/1.1" 200 2502 "https://google.com" "Mozilla/5.0 (Windows NT 10.0; Win64; x64)"
203.0.113.42 - - [13/May/2025:05:49:40 +0000] "GET /?q=%3Cscript%3Ealert(1)%3C%2Fscript%3E HTTP/1.1" 403 4061 "https://google.com" "curl/7.68.0"
198.51.100.17 - - [12/May/2025:13:25:19 +0000] "POST /page.html?param=../../../../boot.ini HTTP/1.1" 301 1361 "-" "Mozilla/5.0 (Linux; Android 10)"
10.0.0.5 - - [12/May/2025:23:48:48 +0000] "POST /home?page=73 HTTP/1.1" 404 3285 "https://google.com" "Mozilla/5.0 (Linux; Android 10)"
192.168.1.10 - - [13/May/2025:02:10:08 +0000] "GET /home?page=94 HTTP/1.1" 500 3718 "-" "Mozilla/5.0 (Linux; Android 10)"
198.51.100.17 - - [12/May/2025:23:25:16 +0000] "POST /home?page=41 HTTP/1.1" 301 2459 "https://google.com" "Mozilla/5.0 (Windows NT 10.0; Win64; x64)"
192.168.1.10 - - [12/May/2025:22:39:03 +0000] "GET /home?page=40 HTTP/1.1" 301 3019 "https://google.com" "Wget/1.20.3 (linux-gnu)"
